Archive member included to satisfy reference by file (symbol)

c:/nxp/mcuxpressoide_10.1.1_606/ide/tools/bin/../lib/gcc/arm-none-eabi/6.3.1/thumb/v7-m\libgcc.a(_lshrdi3.o)
                              ./src/adapter/adapterconfig.o (__aeabi_llsr)
c:/nxp/mcuxpressoide_10.1.1_606/ide/tools/bin/../lib/gcc/arm-none-eabi/6.3.1/thumb/v7-m\libgcc.a(_ashldi3.o)
                              ./src/adapter/adapterconfig.o (__aeabi_llsl)
c:/nxp/mcuxpressoide_10.1.1_606/ide/tools/bin/../lib/gcc/arm-none-eabi/6.3.1/thumb/v7-m\libgcc.a(unwind-arm.o)
                              ./src/util/lstring.o (__aeabi_unwind_cpp_pr0)
c:/nxp/mcuxpressoide_10.1.1_606/ide/tools/bin/../lib/gcc/arm-none-eabi/6.3.1/thumb/v7-m\libgcc.a(libunwind.o)
                              c:/nxp/mcuxpressoide_10.1.1_606/ide/tools/bin/../lib/gcc/arm-none-eabi/6.3.1/thumb/v7-m\libgcc.a(unwind-arm.o) (restore_core_regs)
c:/nxp/mcuxpressoide_10.1.1_606/ide/tools/bin/../lib/gcc/arm-none-eabi/6.3.1/thumb/v7-m\libgcc.a(pr-support.o)
                              c:/nxp/mcuxpressoide_10.1.1_606/ide/tools/bin/../lib/gcc/arm-none-eabi/6.3.1/thumb/v7-m\libgcc.a(unwind-arm.o) (__gnu_unwind_execute)
c:/nxp/mcuxpressoide_10.1.1_606/ide/tools/bin/../lib/gcc/arm-none-eabi/6.3.1/../../../../arm-none-eabi/lib/thumb/v7-m\libc_nano.a(lib_a-abort.o)
                              c:/nxp/mcuxpressoide_10.1.1_606/ide/tools/bin/../lib/gcc/arm-none-eabi/6.3.1/thumb/v7-m\libgcc.a(unwind-arm.o) (abort)
c:/nxp/mcuxpressoide_10.1.1_606/ide/tools/bin/../lib/gcc/arm-none-eabi/6.3.1/../../../../arm-none-eabi/lib/thumb/v7-m\libc_nano.a(lib_a-init.o)
                              ./src/cr_startup_lpc15xx.o (__libc_init_array)
c:/nxp/mcuxpressoide_10.1.1_606/ide/tools/bin/../lib/gcc/arm-none-eabi/6.3.1/../../../../arm-none-eabi/lib/thumb/v7-m\libc_nano.a(lib_a-isprint.o)
                              ./src/adapter/adapter.o (isprint)
c:/nxp/mcuxpressoide_10.1.1_606/ide/tools/bin/../lib/gcc/arm-none-eabi/6.3.1/../../../../arm-none-eabi/lib/thumb/v7-m\libc_nano.a(lib_a-isxdigit.o)
                              ./src/util/algorithms.o (isxdigit)
c:/nxp/mcuxpressoide_10.1.1_606/ide/tools/bin/../lib/gcc/arm-none-eabi/6.3.1/../../../../arm-none-eabi/lib/thumb/v7-m\libc_nano.a(lib_a-locale.o)
                              c:/nxp/mcuxpressoide_10.1.1_606/ide/tools/bin/../lib/gcc/arm-none-eabi/6.3.1/../../../../arm-none-eabi/lib/thumb/v7-m\libc_nano.a(lib_a-isprint.o) (__locale_ctype_ptr)
c:/nxp/mcuxpressoide_10.1.1_606/ide/tools/bin/../lib/gcc/arm-none-eabi/6.3.1/../../../../arm-none-eabi/lib/thumb/v7-m\libc_nano.a(lib_a-malloc.o)
                              ./src/cr_cpp_config.o (malloc)
c:/nxp/mcuxpressoide_10.1.1_606/ide/tools/bin/../lib/gcc/arm-none-eabi/6.3.1/../../../../arm-none-eabi/lib/thumb/v7-m\libc_nano.a(lib_a-mbtowc_r.o)
                              c:/nxp/mcuxpressoide_10.1.1_606/ide/tools/bin/../lib/gcc/arm-none-eabi/6.3.1/../../../../arm-none-eabi/lib/thumb/v7-m\libc_nano.a(lib_a-locale.o) (__ascii_mbtowc)
c:/nxp/mcuxpressoide_10.1.1_606/ide/tools/bin/../lib/gcc/arm-none-eabi/6.3.1/../../../../arm-none-eabi/lib/thumb/v7-m\libc_nano.a(lib_a-memcpy-stub.o)
                              ./src/util/lstring.o (memcpy)
c:/nxp/mcuxpressoide_10.1.1_606/ide/tools/bin/../lib/gcc/arm-none-eabi/6.3.1/../../../../arm-none-eabi/lib/thumb/v7-m\libc_nano.a(lib_a-memmove.o)
                              ./src/adapter/ecumsg.o (memmove)
c:/nxp/mcuxpressoide_10.1.1_606/ide/tools/bin/../lib/gcc/arm-none-eabi/6.3.1/../../../../arm-none-eabi/lib/thumb/v7-m\libc_nano.a(lib_a-memset.o)
                              ./src/util/canmsgbuffer.o (memset)
c:/nxp/mcuxpressoide_10.1.1_606/ide/tools/bin/../lib/gcc/arm-none-eabi/6.3.1/../../../../arm-none-eabi/lib/thumb/v7-m\libc_nano.a(lib_a-nano-freer.o)
                              c:/nxp/mcuxpressoide_10.1.1_606/ide/tools/bin/../lib/gcc/arm-none-eabi/6.3.1/../../../../arm-none-eabi/lib/thumb/v7-m\libc_nano.a(lib_a-malloc.o) (_free_r)
c:/nxp/mcuxpressoide_10.1.1_606/ide/tools/bin/../lib/gcc/arm-none-eabi/6.3.1/../../../../arm-none-eabi/lib/thumb/v7-m\libc_nano.a(lib_a-nano-mallocr.o)
                              c:/nxp/mcuxpressoide_10.1.1_606/ide/tools/bin/../lib/gcc/arm-none-eabi/6.3.1/../../../../arm-none-eabi/lib/thumb/v7-m\libc_nano.a(lib_a-malloc.o) (_malloc_r)
c:/nxp/mcuxpressoide_10.1.1_606/ide/tools/bin/../lib/gcc/arm-none-eabi/6.3.1/../../../../arm-none-eabi/lib/thumb/v7-m\libc_nano.a(lib_a-sbrkr.o)
                              c:/nxp/mcuxpressoide_10.1.1_606/ide/tools/bin/../lib/gcc/arm-none-eabi/6.3.1/../../../../arm-none-eabi/lib/thumb/v7-m\libc_nano.a(lib_a-nano-mallocr.o) (_sbrk_r)
c:/nxp/mcuxpressoide_10.1.1_606/ide/tools/bin/../lib/gcc/arm-none-eabi/6.3.1/../../../../arm-none-eabi/lib/thumb/v7-m\libc_nano.a(lib_a-signal.o)
                              c:/nxp/mcuxpressoide_10.1.1_606/ide/tools/bin/../lib/gcc/arm-none-eabi/6.3.1/../../../../arm-none-eabi/lib/thumb/v7-m\libc_nano.a(lib_a-abort.o) (raise)
[...]
Memory Configuration

Name             Origin             Length             Attributes
MFlash64         0x00000000         0x00010000         xr
Ram0_12          0x02000000         0x00003000         xrw
*default*        0x00000000         0xffffffff

Linker script and memory map

LOAD ./src/util/algorithms.o
LOAD ./src/util/canmsgbuffer.o
LOAD ./src/util/lstring.o
LOAD ./src/drv/lpc15xx/AdcLPC15xx.o
LOAD ./src/drv/lpc15xx/CanDriverLPC15xx.o
LOAD ./src/drv/lpc15xx/CmdUartLPC15xx.o
LOAD ./src/drv/lpc15xx/EcuUartLPC15xx.o
LOAD ./src/drv/lpc15xx/GpioDrvLPC15xx.o
LOAD ./src/drv/lpc15xx/PwmDriverLPC15xx.o
LOAD ./src/drv/lpc15xx/SysutilityLPC15xx.o
LOAD ./src/drv/lpc15xx/TimerLPC15xx.o
LOAD ./src/drv/lpc15xx/led.o
LOAD ./src/adapter/obd/autoadapter.o
LOAD ./src/adapter/obd/canhistory.o
LOAD ./src/adapter/obd/isocan.o
LOAD ./src/adapter/obd/isocan11.o
LOAD ./src/adapter/obd/isocan29.o
LOAD ./src/adapter/obd/isoserial.o
LOAD ./src/adapter/obd/j1939.o
LOAD ./src/adapter/obd/j1939connmgr.o
LOAD ./src/adapter/obd/obdprofile.o
LOAD ./src/adapter/obd/padapter.o
LOAD ./src/adapter/obd/pwm.o
LOAD ./src/adapter/obd/vpw.o
LOAD ./src/adapter/adapter.o
LOAD ./src/adapter/adapterconfig.o
LOAD ./src/adapter/dispatcher.o
LOAD ./src/adapter/ecumsg.o
LOAD ./src/adapter/functions.o
LOAD ./src/adapter/timeoutmgr.o
LOAD ./src/cr_cpp_config.o
LOAD ./src/cr_startup_lpc15xx.o
LOAD ./src/system_LPC15xx.o
START GROUP
LOAD c:/nxp/mcuxpressoide_10.1.1_606/ide/tools/bin/../lib/gcc/arm-none-eabi/6.3.1/thumb/v7-m\libgcc.a
LOAD c:/nxp/mcuxpressoide_10.1.1_606/ide/tools/bin/../lib/gcc/arm-none-eabi/6.3.1/../../../../arm-none-eabi/lib/thumb/v7-m\libc_nano.a
LOAD c:/nxp/mcuxpressoide_10.1.1_606/ide/tools/bin/../lib/gcc/arm-none-eabi/6.3.1/../../../../arm-none-eabi/lib/thumb/v7-m\libstdc++_nano.a
LOAD c:/nxp/mcuxpressoide_10.1.1_606/ide/tools/bin/../lib/gcc/arm-none-eabi/6.3.1/../../../../arm-none-eabi/lib/thumb/v7-m\libm.a
LOAD c:/nxp/mcuxpressoide_10.1.1_606/ide/tools/bin/../lib/gcc/arm-none-eabi/6.3.1/../../../../arm-none-eabi/lib/thumb/v7-m\libcr_newlib_nohost.a
LOAD c:/nxp/mcuxpressoide_10.1.1_606/ide/tools/bin/../lib/gcc/arm-none-eabi/6.3.1/thumb/v7-m\crti.o
LOAD c:/nxp/mcuxpressoide_10.1.1_606/ide/tools/bin/../lib/gcc/arm-none-eabi/6.3.1/thumb/v7-m\crtn.o
LOAD c:/nxp/mcuxpressoide_10.1.1_606/ide/tools/bin/../lib/gcc/arm-none-eabi/6.3.1/thumb/v7-m\crtbegin.o
LOAD c:/nxp/mcuxpressoide_10.1.1_606/ide/tools/bin/../lib/gcc/arm-none-eabi/6.3.1/thumb/v7-m\crtend.o
END GROUP
                0x00000000                __base_MFlash64 = 0x0
                0x00000000                __base_Flash = 0x0
                0x00010000                __top_MFlash64 = 0x10000
                0x00010000                __top_Flash = 0x10000
                0x02000000                __base_Ram0_12 = 0x2000000
                0x02000000                __base_RAM = 0x2000000
                0x02003000                __top_Ram0_12 = 0x2003000
                0x02003000                __top_RAM = 0x2003000

.text           0x00000000     0x92d8
 FILL mask 0xff
                0x00000000                __vectors_start__ = ABSOLUTE (.)
 *(.isr_vector)
 .isr_vector    0x00000000       0xfc ./src/cr_startup_lpc15xx.o
                0x00000000                g_pfnVectors
                0x000000fc                . = ALIGN (0x4)
                0x000000fc                __section_table_start = .
                0x000000fc                __data_section_table = .
                0x000000fc        0x4 LONG 0xa670 LOADADDR (.data)
                0x00000100        0x4 LONG 0x2000000 ADDR (.data)
                0x00000104        0x4 LONG 0x1e0 SIZEOF (.data)
                0x00000108                __data_section_table_end = .
                0x00000108                __bss_section_table = .
                0x00000108        0x4 LONG 0x20001e0 ADDR (.bss)
                0x0000010c        0x4 LONG 0x9d4 SIZEOF (.bss)
                0x00000110                __bss_section_table_end = .
                0x00000110                __section_table_end = .
 *(.after_vectors*)
 .after_vectors
                0x00000110       0x90 ./src/cr_startup_lpc15xx.o
                0x00000110                NMI_Handler
                0x00000112                HardFault_Handler
                0x00000114                MemManage_Handler
                0x00000116                BusFault_Handler
                0x00000118                UsageFault_Handler
                0x0000011a                SVC_Handler
                0x0000011c                DebugMon_Handler
                0x0000011e                PendSV_Handler
                0x00000120                SysTick_Handler
                0x00000122                RTC_WAKE_IRQHandler
                0x00000122                UART1_IRQHandler
                0x00000122                SCT2_IRQHandler
                0x00000122                SPI1_IRQHandler
                0x00000122                PIN_INT6_IRQHandler
                0x00000122                IntDefaultHandler
                0x00000122                PIN_INT4_IRQHandler
                0x00000122                RTC_ALARM_IRQHandler
                0x00000122                ADC1B_IRQHandler
                0x00000122                ADC1_OVR_IRQHandler
                0x00000122                USBWakeup_IRQHandler
                0x00000122                UART2_IRQHandler
                0x00000122                PIN_INT5_IRQHandler
                0x00000122                SCT1_IRQHandler
                0x00000122                PIN_INT2_IRQHandler
                0x00000122                USB_FIQHandler
                0x00000122                ADC1_THCMP_IRQHandler
                0x00000122                PIN_INT7_IRQHandler
                0x00000122                ADC0_THCMP_IRQHandler
                0x00000122                PIN_INT1_IRQHandler
                0x00000122                USB_IRQHandler
                0x00000122                BOD_IRQHandler
                0x00000122                ADC0B_IRQHandler
                0x00000122                ACMP0_IRQHandler
                0x00000122                ADC0_OVR_IRQHandler
                0x00000122                GINT1_IRQHandler
                0x00000122                WDT_IRQHandler
                0x00000122                I2C0_IRQHandler
                0x00000122                PIN_INT0_IRQHandler
                0x00000122                QEI_IRQHandler
                0x00000122                ACMP3_IRQHandler
                0x00000122                GINT0_IRQHandler
                0x00000122                DAC_IRQHandler
                0x00000122                SPI0_IRQHandler
                0x00000122                EEPROM_IRQHandler
                0x00000122                ACMP2_IRQHandler
                0x00000122                FMC_IRQHandler
                0x00000122                ADC1A_IRQHandler
                0x00000122                DMA_IRQHandler
                0x00000122                PIN_INT3_IRQHandler
                0x00000122                ACMP1_IRQHandler
                0x00000122                SCT3_IRQHandler
                0x00000122                ADC0A_IRQHandler
                0x00000124                data_init(unsigned int, unsigned int, unsigned int)
                0x0000013a                bss_init(unsigned int, unsigned int)
                0x0000014e                ResetISR
 *(.text*)
 .text._ZN4util8to_upperERNS_6stringE
                0x000001a0       0x1c ./src/util/algorithms.o
                0x000001a0                util::to_upper(util::string&)
 .text._ZN4util10is_xdigitsERKNS_6stringE
                0x000001bc       0x1e ./src/util/algorithms.o
                0x000001bc                util::is_xdigits(util::string const&)
 .text._ZN4util12remove_spaceERNS_6stringE
                0x000001da       0x22 ./src/util/algorithms.o
                0x000001da                util::remove_space(util::string&)
 .text._ZN4util5stoulERKNS_6stringEPmi
                0x000001fc        0xe ./src/util/algorithms.o
                0x000001fc                util::stoul(util::string const&, unsigned long*, int)
 *fill*         0x0000020a        0x2 ff
 .text._ZN4util8to_asciiEh
                0x0000020c       0x34 ./src/util/algorithms.o
                0x0000020c                util::to_ascii(unsigned char)
 .text._ZN12CanMsgBufferC2Ev
                0x00000240       0x1a ./src/util/canmsgbuffer.o
                0x00000240                CanMsgBuffer::CanMsgBuffer()
                0x00000240                CanMsgBuffer::CanMsgBuffer()
 .text._ZN12CanMsgBufferC2Embhhhhhhhhh
                0x0000025a       0x3a ./src/util/canmsgbuffer.o
                0x0000025a                CanMsgBuffer::CanMsgBuffer(unsigned long, bool, unsigned char, unsigned char, unsigned char, unsigned char, unsigned char, unsigned char, unsigned char, unsigned char, unsigned char)
                0x0000025a                CanMsgBuffer::CanMsgBuffer(unsigned long, bool, unsigned char, unsigned char, unsigned char, unsigned char, unsigned char, unsigned char, unsigned char, unsigned char, unsigned char)
 .text._ZN4util6string4initEm
                0x00000294       0x28 ./src/util/lstring.o
                0x00000294                util::string::init(unsigned long)
 .text._ZN4util6stringC2Em
                0x000002bc       0x14 ./src/util/lstring.o
                0x000002bc                util::string::string(unsigned long)
                0x000002bc                util::string::string(unsigned long)
 .text._ZN4util6stringC2EPKc
                0x000002d0       0x22 ./src/util/lstring.o
                0x000002d0                util::string::string(char const*)
                0x000002d0                util::string::string(char const*)
 .text._ZN4util6stringC2ERKS0_
                0x000002f2       0x1a ./src/util/lstring.o
                0x000002f2                util::string::string(util::string const&)
                0x000002f2                util::string::string(util::string const&)
 .text._ZN4util6stringD2Ev
                0x0000030c       0x20 ./src/util/lstring.o
                0x0000030c                util::string::~string()
                0x0000030c                util::string::~string()
 .text._ZN4util6string6resizeEm
                0x0000032c       0x10 ./src/util/lstring.o
                0x0000032c                util::string::resize(unsigned long)
 .text._ZN4util6string7reserveEm
                0x0000033c       0x2a ./src/util/lstring.o
                0x0000033c                util::string::reserve(unsigned long)
 .text._ZN4util6string6resizeEmc
                0x00000366       0x34 ./src/util/lstring.o
                0x00000366                util::string::resize(unsigned long, char)
 .text._ZN4util6string6appendEPKc
                0x0000039a       0x30 ./src/util/lstring.o
                0x0000039a                util::string::append(char const*)
 .text._ZN4util6string6appendEPKcm
                0x000003ca       0x32 ./src/util/lstring.o
                0x000003ca                util::string::append(char const*, unsigned long)
 .text._ZN4util6stringpLERKS0_
                0x000003fc        0x8 ./src/util/lstring.o
                0x000003fc                util::string::operator+=(util::string const&)
 .text._ZN4util6stringpLEPKc
                0x00000404        0x4 ./src/util/lstring.o
                0x00000404                util::string::operator+=(char const*)
 .text._ZN4util6stringpLEc
                0x00000408       0x26 ./src/util/lstring.o
                0x00000408                util::string::operator+=(char)
 .text._ZNK4util6string6substrEmm
                0x0000042e       0x3a ./src/util/lstring.o
                0x0000042e                util::string::substr(unsigned long, unsigned long) const
 .text._ZN4util6stringaSERKS0_
                0x00000468       0x22 ./src/util/lstring.o
                0x00000468                util::string::operator=(util::string const&)
 .text._ZN4util6stringaSEPKc
                0x0000048a       0x24 ./src/util/lstring.o
                0x0000048a                util::string::operator=(char const*)
 .text._ZN4utileqERKNS_6stringEPKc
                0x000004ae       0x10 ./src/util/lstring.o
                0x000004ae                util::operator==(util::string const&, char const*)
 .text._ZN4utilneERKNS_6stringEPKc
                0x000004be       0x10 ./src/util/lstring.o
                0x000004be                util::operator!=(util::string const&, char const*)
 .text._ZN4utilplEPKcRKNS_6stringE
                0x000004ce       0x3a ./src/util/lstring.o
                0x000004ce                util::operator+(char const*, util::string const&)
 .text._ZN9AdcDriver9configureEv
                0x00000508       0xc4 ./src/drv/lpc15xx/AdcLPC15xx.o
                0x00000508                AdcDriver::configure()
 .text._ZN9AdcDriver4readEv
                0x000005cc       0x40 ./src/drv/lpc15xx/AdcLPC15xx.o
                0x000005cc                AdcDriver::read()
 .text.CAN_error
                0x0000060c        0x2 ./src/drv/lpc15xx/CanDriverLPC15xx.o
                0x0000060c                CAN_error
 *fill*         0x0000060e        0x2 ff
 .text.CAN_rx   0x00000610       0x20 ./src/drv/lpc15xx/CanDriverLPC15xx.o
                0x00000610                CAN_rx
 .text.CAN_tx   0x00000630       0x18 ./src/drv/lpc15xx/CanDriverLPC15xx.o
                0x00000630                CAN_tx
 .text.C_CAN0_IRQHandler
                0x00000648       0x18 ./src/drv/lpc15xx/CanDriverLPC15xx.o
                0x00000648                C_CAN0_IRQHandler
 .text._ZN9CanDriver9configureEv
                0x00000660       0x6c ./src/drv/lpc15xx/CanDriverLPC15xx.o
                0x00000660                CanDriver::configure()
 .text._ZN9CanDriverC2Ev
                0x000006cc       0x20 ./src/drv/lpc15xx/CanDriverLPC15xx.o
                0x000006cc                CanDriver::CanDriver()
                0x000006cc                CanDriver::CanDriver()
 .text._ZN9CanDriver8instanceEv
                0x000006ec       0x30 ./src/drv/lpc15xx/CanDriverLPC15xx.o
                0x000006ec                CanDriver::instance()
 .text._ZN9CanDriver8setSpeedEi
                0x0000071c       0x7c ./src/drv/lpc15xx/CanDriverLPC15xx.o
                0x0000071c                CanDriver::setSpeed(int)
 .text._ZN9CanDriver4sendEPK12CanMsgBuffer
                0x00000798       0x5c ./src/drv/lpc15xx/CanDriverLPC15xx.o
                0x00000798                CanDriver::send(CanMsgBuffer const*)
 .text._ZN9CanDriver14configRxMsgobjEmmhbb
                0x000007f4       0x60 ./src/drv/lpc15xx/CanDriverLPC15xx.o
                0x000007f4                CanDriver::configRxMsgobj(unsigned long, unsigned long, unsigned char, bool, bool)
 .text._ZN9CanDriver16setFilterAndMaskEmmb
                0x00000854       0x38 ./src/drv/lpc15xx/CanDriverLPC15xx.o
                0x00000854                CanDriver::setFilterAndMask(unsigned long, unsigned long, bool)
 .text._ZN9CanDriver12clearFiltersEv
                0x0000088c        0xc ./src/drv/lpc15xx/CanDriverLPC15xx.o
                0x0000088c                CanDriver::clearFilters()
 .text._ZN9CanDriver9clearDataEv
                0x00000898       0x3c ./src/drv/lpc15xx/CanDriverLPC15xx.o
                0x00000898                CanDriver::clearData()
 .text._ZN9CanDriver16setFilterAndMaskEmmbi
                0x000008d4       0x20 ./src/drv/lpc15xx/CanDriverLPC15xx.o
                0x000008d4                CanDriver::setFilterAndMask(unsigned long, unsigned long, bool, int)
 .text._ZN9CanDriver4readEP12CanMsgBuffer
                0x000008f4       0x94 ./src/drv/lpc15xx/CanDriverLPC15xx.o
                0x000008f4                CanDriver::read(CanMsgBuffer*)
 .text._ZNK9CanDriver7isReadyEv
                0x00000988       0x10 ./src/drv/lpc15xx/CanDriverLPC15xx.o
                0x00000988                CanDriver::isReady() const
 .text._ZN9CanDriver10setBitBangEb
                0x00000998       0x2c ./src/drv/lpc15xx/CanDriverLPC15xx.o
                0x00000998                CanDriver::setBitBang(bool)
 .text._ZN9CanDriver6setBitEm
                0x000009c4        0xa ./src/drv/lpc15xx/CanDriverLPC15xx.o
                0x000009c4                CanDriver::setBit(unsigned long)
 .text._ZN9CanDriver6getBitEv
                0x000009ce        0x8 ./src/drv/lpc15xx/CanDriverLPC15xx.o
                0x000009ce                CanDriver::getBit()
 *fill*         0x000009d6        0x2 ff
 .text._ZN9CanDriver9setSilentEb
                0x000009d8       0x24 ./src/drv/lpc15xx/CanDriverLPC15xx.o
                0x000009d8                CanDriver::setSilent(bool)
 .text._ZN7CmdUartD2Ev
                0x000009fc       0x10 ./src/drv/lpc15xx/CmdUartLPC15xx.o
                0x000009fc                CmdUart::~CmdUart()
                0x000009fc                CmdUart::~CmdUart()
 .text._ZN7CmdUartC2Ev
                0x00000a0c       0x2c ./src/drv/lpc15xx/CmdUartLPC15xx.o
                0x00000a0c                CmdUart::CmdUart()
                0x00000a0c                CmdUart::CmdUart()
 .text._ZN7CmdUart8instanceEv
                0x00000a38       0x48 ./src/drv/lpc15xx/CmdUartLPC15xx.o
                0x00000a38                CmdUart::instance()
 .text._ZN7CmdUart9configureEv
                0x00000a80       0x5c ./src/drv/lpc15xx/CmdUartLPC15xx.o
                0x00000a80                CmdUart::configure()
 .text._ZN7CmdUart4initEm
                0x00000adc       0x60 ./src/drv/lpc15xx/CmdUartLPC15xx.o
                0x00000adc                CmdUart::init(unsigned long)
 .text._ZN7CmdUart12txIrqHandlerEv
                0x00000b3c       0x2c ./src/drv/lpc15xx/CmdUartLPC15xx.o
                0x00000b3c                CmdUart::txIrqHandler()
 .text._ZN7CmdUart12rxIrqHandlerEv
                0x00000b68       0x34 ./src/drv/lpc15xx/CmdUartLPC15xx.o
                0x00000b68                CmdUart::rxIrqHandler()
 .text._ZN7CmdUart10irqHandlerEv
                0x00000b9c       0x28 ./src/drv/lpc15xx/CmdUartLPC15xx.o
                0x00000b9c                CmdUart::irqHandler()
 .text._ZN7CmdUart4sendEh
                0x00000bc4       0x10 ./src/drv/lpc15xx/CmdUartLPC15xx.o
                0x00000bc4                CmdUart::send(unsigned char)
 .text._ZN7CmdUart4sendERKN4util6stringE
                0x00000bd4       0x28 ./src/drv/lpc15xx/CmdUartLPC15xx.o
                0x00000bd4                CmdUart::send(util::string const&)
 .text._ZN7CmdUart7monitorEb
                0x00000bfc       0x16 ./src/drv/lpc15xx/CmdUartLPC15xx.o
                0x00000bfc                CmdUart::monitor(bool)
 .text.UART0_IRQHandler
                0x00000c12       0x16 ./src/drv/lpc15xx/CmdUartLPC15xx.o
                0x00000c12                UART0_IRQHandler
 .text._ZN7EcuUart10setBitBangEb.part.1
                0x00000c28       0x1c ./src/drv/lpc15xx/EcuUartLPC15xx.o
 .text._ZN7EcuUart8instanceEv
                0x00000c44       0x28 ./src/drv/lpc15xx/EcuUartLPC15xx.o
                0x00000c44                EcuUart::instance()
 .text._ZN7EcuUart4initEm
                0x00000c6c       0x54 ./src/drv/lpc15xx/EcuUartLPC15xx.o
                0x00000c6c                EcuUart::init(unsigned long)
 .text._ZN7EcuUart4sendEh
                0x00000cc0       0x10 ./src/drv/lpc15xx/EcuUartLPC15xx.o
                0x00000cc0                EcuUart::send(unsigned char)
 .text._ZN7EcuUart5readyEv
                0x00000cd0       0x10 ./src/drv/lpc15xx/EcuUartLPC15xx.o
                0x00000cd0                EcuUart::ready()
 .text._ZN7EcuUart3getEv
                0x00000ce0        0xc ./src/drv/lpc15xx/EcuUartLPC15xx.o
                0x00000ce0                EcuUart::get()
 .text._ZN7EcuUart7getEchoEh
                0x00000cec       0x48 ./src/drv/lpc15xx/EcuUartLPC15xx.o
                0x00000cec                EcuUart::getEcho(unsigned char)
 .text._ZN7EcuUart10setBitBangEb
                0x00000d34       0x1c ./src/drv/lpc15xx/EcuUartLPC15xx.o
                0x00000d34                EcuUart::setBitBang(bool)
 .text._ZN7EcuUart6setBitEm
                0x00000d50        0xa ./src/drv/lpc15xx/EcuUartLPC15xx.o
                0x00000d50                EcuUart::setBit(unsigned long)
 *fill*         0x00000d5a        0x2 ff
 .text._ZN7EcuUart9configureEv
                0x00000d5c       0x64 ./src/drv/lpc15xx/EcuUartLPC15xx.o
                0x00000d5c                EcuUart::configure()
 .text._ZN7EcuUart6getBitEv
                0x00000dc0        0x8 ./src/drv/lpc15xx/EcuUartLPC15xx.o
                0x00000dc0                EcuUart::getBit()
 .text._ZN7EcuUart5clearEv
                0x00000dc8        0xc ./src/drv/lpc15xx/EcuUartLPC15xx.o
                0x00000dc8                EcuUart::clear()
 .text._Z10GPIOSetDirmmm
                0x00000dd4       0x28 ./src/drv/lpc15xx/GpioDrvLPC15xx.o
                0x00000dd4                GPIOSetDir(unsigned long, unsigned long, unsigned long)
 .text._Z12GPIOPinWritemmm
                0x00000dfc       0x1c ./src/drv/lpc15xx/GpioDrvLPC15xx.o
                0x00000dfc                GPIOPinWrite(unsigned long, unsigned long, unsigned long)
 .text._Z11GPIOPinReadmm
                0x00000e18       0x14 ./src/drv/lpc15xx/GpioDrvLPC15xx.o
                0x00000e18                GPIOPinRead(unsigned long, unsigned long)
 .text._Z13GPIOPinConfigmmm
                0x00000e2c       0x10 ./src/drv/lpc15xx/GpioDrvLPC15xx.o
                0x00000e2c                GPIOPinConfig(unsigned long, unsigned long, unsigned long)
 .text._ZN9PwmDriver9configureEv
                0x00000e3c      0x144 ./src/drv/lpc15xx/PwmDriverLPC15xx.o
                0x00000e3c                PwmDriver::configure()
 .text._ZN9PwmDriver13setTimeoutPwmEm
                0x00000f80       0x18 ./src/drv/lpc15xx/PwmDriverLPC15xx.o
                0x00000f80                PwmDriver::setTimeoutPwm(unsigned long)
 .text._ZN9PwmDriver8instanceEv
                0x00000f98       0x28 ./src/drv/lpc15xx/PwmDriverLPC15xx.o
                0x00000f98                PwmDriver::instance()
 .text._ZN9PwmDriver4stopEv
                0x00000fc0       0x34 ./src/drv/lpc15xx/PwmDriverLPC15xx.o
                0x00000fc0                PwmDriver::stop()
 .text._ZN9PwmDriver8wait4SofEmP5Timer
                0x00000ff4       0x60 ./src/drv/lpc15xx/PwmDriverLPC15xx.o
                0x00000ff4                PwmDriver::wait4Sof(unsigned long, Timer*)
 .text._ZN9PwmDriver17wait4BusChangeVpwEv
                0x00001054       0x38 ./src/drv/lpc15xx/PwmDriverLPC15xx.o
                0x00001054                PwmDriver::wait4BusChangeVpw()
 .text._ZN9PwmDriver10wait4ReadyEmmP5Timer
                0x0000108c       0x70 ./src/drv/lpc15xx/PwmDriverLPC15xx.o
                0x0000108c                PwmDriver::wait4Ready(unsigned long, unsigned long, Timer*)
 .text._ZN9PwmDriver10sendSofVpwEm
                0x000010fc       0x44 ./src/drv/lpc15xx/PwmDriverLPC15xx.o
                0x000010fc                PwmDriver::sendSofVpw(unsigned long)
 .text._ZN9PwmDriver12sendPulseVpwEm
                0x00001140       0x1c ./src/drv/lpc15xx/PwmDriverLPC15xx.o
                0x00001140                PwmDriver::sendPulseVpw(unsigned long)
 .text._ZN9PwmDriver10sendEodVpwEv
                0x0000115c       0x12 ./src/drv/lpc15xx/PwmDriverLPC15xx.o
                0x0000115c                PwmDriver::sendEodVpw()
 *fill*         0x0000116e        0x2 ff
 .text._ZN9PwmDriver16wait4BusPulsePwmEv
                0x00001170       0x54 ./src/drv/lpc15xx/PwmDriverLPC15xx.o
                0x00001170                PwmDriver::wait4BusPulsePwm()
 .text._ZN9PwmDriver12sendHalfBit1Em
                0x000011c4       0x60 ./src/drv/lpc15xx/PwmDriverLPC15xx.o
                0x000011c4                PwmDriver::sendHalfBit1(unsigned long)
 .text._ZN9PwmDriver12sendHalfBit2Em
                0x00001224       0x20 ./src/drv/lpc15xx/PwmDriverLPC15xx.o
                0x00001224                PwmDriver::sendHalfBit2(unsigned long)
 .text._ZN9PwmDriver12sendPulsePwmEmm
                0x00001244       0x16 ./src/drv/lpc15xx/PwmDriverLPC15xx.o
                0x00001244                PwmDriver::sendPulsePwm(unsigned long, unsigned long)
 .text._ZN9PwmDriver10sendEodPwmEv
                0x0000125a        0x4 ./src/drv/lpc15xx/PwmDriverLPC15xx.o
                0x0000125a                PwmDriver::sendEodPwm()
 *fill*         0x0000125e        0x2 ff
 .text.SCT0_IRQHandler
                0x00001260       0x80 ./src/drv/lpc15xx/PwmDriverLPC15xx.o
                0x00001260                SCT0_IRQHandler
 .text._ZN9PwmDriver6getBitEv
                0x000012e0       0x10 ./src/drv/lpc15xx/PwmDriverLPC15xx.o
                0x000012e0                PwmDriver::getBit()
 .text._ZN9PwmDriver6setBitEi
                0x000012f0       0x28 ./src/drv/lpc15xx/PwmDriverLPC15xx.o
                0x000012f0                PwmDriver::setBit(int)
 .text._ZN9PwmDriver4openEb
                0x00001318       0x2c ./src/drv/lpc15xx/PwmDriverLPC15xx.o
                0x00001318                PwmDriver::open(bool)
 .text._Z17AdptReadSerialNumv
                0x00001344       0x94 ./src/drv/lpc15xx/SysutilityLPC15xx.o
                0x00001344                AdptReadSerialNum()
 .text._Z22AdptPowerModeConfigurev
                0x000013d8       0x14 ./src/drv/lpc15xx/SysutilityLPC15xx.o
                0x000013d8                AdptPowerModeConfigure()
 .text._ZN5Timer5startEm
                0x000013ec       0x28 ./src/drv/lpc15xx/TimerLPC15xx.o
                0x000013ec                Timer::start(unsigned long)
 .text._ZNK5Timer9isExpiredEv
                0x00001414        0xe ./src/drv/lpc15xx/TimerLPC15xx.o
                0x00001414                Timer::isExpired() const
 *fill*         0x00001422        0x2 ff
 .text._ZNK5Timer5valueEv
                0x00001424       0x1c ./src/drv/lpc15xx/TimerLPC15xx.o
                0x00001424                Timer::value() const
 .text._ZN5Timer8instanceEi
                0x00001440       0x74 ./src/drv/lpc15xx/TimerLPC15xx.o
                0x00001440                Timer::instance(int)
 .text.RIT_IRQHandler
                0x000014b4       0x10 ./src/drv/lpc15xx/TimerLPC15xx.o
                0x000014b4                RIT_IRQHandler
 .text._ZN9LongTimerC2Ev
                0x000014c4       0x1c ./src/drv/lpc15xx/TimerLPC15xx.o
                0x000014c4                LongTimer::LongTimer()
                0x000014c4                LongTimer::LongTimer()
 .text._ZN9LongTimer5startEm
                0x000014e0       0x24 ./src/drv/lpc15xx/TimerLPC15xx.o
                0x000014e0                LongTimer::start(unsigned long)
 .text._ZNK9LongTimer9isExpiredEv
                0x00001504       0x14 ./src/drv/lpc15xx/TimerLPC15xx.o
                0x00001504                LongTimer::isExpired() const
 .text._ZN9LongTimer8instanceEv
                0x00001518       0x30 ./src/drv/lpc15xx/TimerLPC15xx.o
                0x00001518                LongTimer::instance()
 .text.MRT_IRQHandler
                0x00001548       0x28 ./src/drv/lpc15xx/TimerLPC15xx.o
                0x00001548                MRT_IRQHandler
 .text._ZN13PeriodicTimerC2EPFvvE
                0x00001570       0x20 ./src/drv/lpc15xx/TimerLPC15xx.o
                0x00001570                PeriodicTimer::PeriodicTimer(void (*)())
                0x00001570                PeriodicTimer::PeriodicTimer(void (*)())
 .text._ZN13PeriodicTimer5startEm
                0x00001590       0x24 ./src/drv/lpc15xx/TimerLPC15xx.o
                0x00001590                PeriodicTimer::start(unsigned long)
 .text.startup._GLOBAL__sub_I__ZN5TimerC2Ei
                0x000015b4       0x1c ./src/drv/lpc15xx/TimerLPC15xx.o
 .text._ZN7AdptLED13TimerCallbackEv
                0x000015d0       0x40 ./src/drv/lpc15xx/led.o
                0x000015d0                AdptLED::TimerCallback()
 .text._ZN7AdptLED9configureEv
                0x00001610       0x58 ./src/drv/lpc15xx/led.o
                0x00001610                AdptLED::configure()
 .text._ZN7AdptLEDC2Ev
                0x00001668       0x28 ./src/drv/lpc15xx/led.o
                0x00001668                AdptLED::AdptLED()
                0x00001668                AdptLED::AdptLED()
 .text._ZN7AdptLED8instanceEv
                0x00001690       0x38 ./src/drv/lpc15xx/led.o
                0x00001690                AdptLED::instance()
 .text._ZN7AdptLED10startTimerEv
                0x000016c8        0x8 ./src/drv/lpc15xx/led.o
                0x000016c8                AdptLED::startTimer()
 .text._ZN7AdptLED7blinkTxEv
                0x000016d0       0x14 ./src/drv/lpc15xx/led.o
                0x000016d0                AdptLED::blinkTx()
 .text._ZN7AdptLED7blinkRxEv
                0x000016e4       0x14 ./src/drv/lpc15xx/led.o
                0x000016e4                AdptLED::blinkRx()
 .text._ZN15ProtocolAdapter11setProtocolEi
                0x000016f8        0x6 ./src/adapter/obd/autoadapter.o
                0x000016f8                ProtocolAdapter::setProtocol(int)
 .text._ZN15ProtocolAdapter13closeProtocolEv
                0x000016fe        0x6 ./src/adapter/obd/autoadapter.o
                0x000016fe                ProtocolAdapter::closeProtocol()
 .text._ZN15ProtocolAdapter4openEv
                0x00001704        0x6 ./src/adapter/obd/autoadapter.o
                0x00001704                ProtocolAdapter::open()
 .text._ZN15ProtocolAdapter5closeEv
                0x0000170a        0x2 ./src/adapter/obd/autoadapter.o
                0x0000170a                ProtocolAdapter::close()
 .text._ZN15ProtocolAdapter13sendHeartBeatEv
                0x0000170c        0x2 ./src/adapter/obd/autoadapter.o
                0x0000170c                ProtocolAdapter::sendHeartBeat()
 .text._ZN15ProtocolAdapter9kwDisplayEv
                0x0000170e        0x2 ./src/adapter/obd/autoadapter.o
                0x0000170e                ProtocolAdapter::kwDisplay()
 .text._ZN15ProtocolAdapter16setFilterAndMaskEv
                0x00001710        0x2 ./src/adapter/obd/autoadapter.o
                0x00001710                ProtocolAdapter::setFilterAndMask()
 .text._ZN15ProtocolAdapter7monitorEv
                0x00001712        0x2 ./src/adapter/obd/autoadapter.o
                0x00001712                ProtocolAdapter::monitor()
 .text._ZN15ProtocolAdapter7monitorEPKhmm
                0x00001714        0x2 ./src/adapter/obd/autoadapter.o
                0x00001714                ProtocolAdapter::monitor(unsigned char const*, unsigned long, unsigned long)
 .text._ZNK11AutoAdapter11getProtocolEv
                0x00001716        0x4 ./src/adapter/obd/autoadapter.o
                0x00001716                AutoAdapter::getProtocol() const
 .text._ZN11AutoAdapter11wiringCheckEv
                0x0000171a        0x2 ./src/adapter/obd/autoadapter.o
                0x0000171a                AutoAdapter::wiringCheck()
 .text._ZN11AutoAdapter9onRequestEPKhmm
                0x0000171c        0x4 ./src/adapter/obd/autoadapter.o
                0x0000171c                AutoAdapter::onRequest(unsigned char const*, unsigned long, unsigned long)
 .text._ZN11AutoAdapter14getDescriptionEv
                0x00001720       0x2c ./src/adapter/obd/autoadapter.o
                0x00001720                AutoAdapter::getDescription()
 .text._ZN11AutoAdapter17getDescriptionNumEv
                0x0000174c       0x40 ./src/adapter/obd/autoadapter.o
                0x0000174c                AutoAdapter::getDescriptionNum()
 .text._ZN11AutoAdapter9doConnectEib
                0x0000178c       0x1e ./src/adapter/obd/autoadapter.o
                0x0000178c                AutoAdapter::doConnect(int, bool)
 .text._ZN11AutoAdapter12onConnectEcuEb
                0x000017aa       0x4c ./src/adapter/obd/autoadapter.o
                0x000017aa                AutoAdapter::onConnectEcu(bool)
 *fill*         0x000017f6        0x2 ff
 .text._ZN10CanHistory17dumpCurrentBufferEv
                0x000017f8       0xfc ./src/adapter/obd/canhistory.o
                0x000017f8                CanHistory::dumpCurrentBuffer()
 .text._ZN10CanHistory10add2BufferEPK12CanMsgBufferbh
                0x000018f4       0x3e ./src/adapter/obd/canhistory.o
                0x000018f4                CanHistory::add2Buffer(CanMsgBuffer const*, bool, unsigned char)
 .text._ZN13IsoCanAdapter9setCanCAFEb
                0x00001932        0x2 ./src/adapter/obd/isocan.o
                0x00001932                IsoCanAdapter::setCanCAF(bool)
 .text._ZN13IsoCanAdapter10dumpBufferEv
                0x00001934        0x6 ./src/adapter/obd/isocan.o
                0x00001934                IsoCanAdapter::dumpBuffer()
 *fill*         0x0000193a        0x2 ff
 .text._ZN13IsoCanAdapter11wiringCheckEv
                0x0000193c       0xa0 ./src/adapter/obd/isocan.o
                0x0000193c                IsoCanAdapter::wiringCheck()
 .text._ZN13IsoCanAdapterC2Ev
                0x000019dc       0x64 ./src/adapter/obd/isocan.o
                0x000019dc                IsoCanAdapter::IsoCanAdapter()
                0x000019dc                IsoCanAdapter::IsoCanAdapter()
 .text._ZN13IsoCanAdapter14sendFrameToEcuEPKhhhm
                0x00001a40       0x4a ./src/adapter/obd/isocan.o
                0x00001a40                IsoCanAdapter::sendFrameToEcu(unsigned char const*, unsigned char, unsigned char, unsigned long)
 .text._ZN13IsoCanAdapter14sendFrameToEcuEPKhhh
                0x00001a8a       0x22 ./src/adapter/obd/isocan.o
                0x00001a8a                IsoCanAdapter::sendFrameToEcu(unsigned char const*, unsigned char, unsigned char)
 .text._ZN13IsoCanAdapter9sendToEcuEPKhi
                0x00001aac       0xc0 ./src/adapter/obd/isocan.o
                0x00001aac                IsoCanAdapter::sendToEcu(unsigned char const*, int)
 .text._ZN13IsoCanAdapter21formatReplyWithHeaderEPK12CanMsgBufferRN4util6stringEi
                0x00001b6c       0x68 ./src/adapter/obd/isocan.o
                0x00001b6c                IsoCanAdapter::formatReplyWithHeader(CanMsgBuffer const*, util::string&, int)
 .text._ZN13IsoCanAdapter12processFrameEPK12CanMsgBuffer
                0x00001bd4       0x78 ./src/adapter/obd/isocan.o
                0x00001bd4                IsoCanAdapter::processFrame(CanMsgBuffer const*)
 .text._ZN13IsoCanAdapter17processFirstFrameEPK12CanMsgBuffer
                0x00001c4c       0xd4 ./src/adapter/obd/isocan.o
                0x00001c4c                IsoCanAdapter::processFirstFrame(CanMsgBuffer const*)
 .text._ZN13IsoCanAdapter16processNextFrameEPK12CanMsgBufferi
                0x00001d20       0x90 ./src/adapter/obd/isocan.o
                0x00001d20                IsoCanAdapter::processNextFrame(CanMsgBuffer const*, int)
 .text._ZN13IsoCanAdapter20checkResponsePendingEPK12CanMsgBuffer
                0x00001db0       0x1a ./src/adapter/obd/isocan.o
                0x00001db0                IsoCanAdapter::checkResponsePending(CanMsgBuffer const*)
 .text._ZNK13IsoCanAdapter15getP2MaxTimeoutEv
                0x00001dca        0xe ./src/adapter/obd/isocan.o
                0x00001dca                IsoCanAdapter::getP2MaxTimeout() const
 .text._ZN13IsoCanAdapter14receiveFromEcuEbm
                0x00001dd8      0x11c ./src/adapter/obd/isocan.o
                0x00001dd8                IsoCanAdapter::receiveFromEcu(bool, unsigned long)
 .text._ZN13IsoCanAdapter9onRequestEPKhmm
                0x00001ef4       0x34 ./src/adapter/obd/isocan.o
                0x00001ef4                IsoCanAdapter::onRequest(unsigned char const*, unsigned long, unsigned long)
 .text._ZN13IsoCanAdapter12onConnectEcuEb
                0x00001f28       0x9a ./src/adapter/obd/isocan.o
                0x00001f28                IsoCanAdapter::onConnectEcu(bool)
 .text._ZNK15IsoCan11Adapter11getProtocolEv
                0x00001fc2        0x4 ./src/adapter/obd/isocan11.o
                0x00001fc2                IsoCan11Adapter::getProtocol() const
 *fill*         0x00001fc6        0x2 ff
 .text._ZN15IsoCan11Adapter14getDescriptionEv
                0x00001fc8       0x58 ./src/adapter/obd/isocan11.o
                0x00001fc8                IsoCan11Adapter::getDescription()
 .text._ZN15IsoCan11Adapter17getDescriptionNumEv
                0x00002020       0x58 ./src/adapter/obd/isocan11.o
                0x00002020                IsoCan11Adapter::getDescriptionNum()
 .text._ZN15IsoCan11Adapter4openEv
                0x00002078       0x28 ./src/adapter/obd/isocan11.o
                0x00002078                IsoCan11Adapter::open()
 .text._ZNK9ByteArray7asCanIdEv
                0x000020a0       0x30 ./src/adapter/obd/isocan11.o
                0x000020a0                ByteArray::asCanId() const
 .text._ZNK15IsoCan11Adapter5getIDEv
                0x000020d0       0x20 ./src/adapter/obd/isocan11.o
                0x000020d0                IsoCan11Adapter::getID() const
 .text._ZN15IsoCan11Adapter16setFilterAndMaskEv
                0x000020f0       0x4a ./src/adapter/obd/isocan11.o
                0x000020f0                IsoCan11Adapter::setFilterAndMask()
 .text._ZN15IsoCan11Adapter16processFlowFrameEPK12CanMsgBuffer
                0x0000213a       0xb2 ./src/adapter/obd/isocan11.o
                0x0000213a                IsoCan11Adapter::processFlowFrame(CanMsgBuffer const*)
 .text._ZNK15IsoCan29Adapter11getProtocolEv
                0x000021ec        0x4 ./src/adapter/obd/isocan29.o
                0x000021ec                IsoCan29Adapter::getProtocol() const
 .text._ZN15IsoCan29Adapter14getDescriptionEv
                0x000021f0       0x40 ./src/adapter/obd/isocan29.o
                0x000021f0                IsoCan29Adapter::getDescription()
 .text._ZN15IsoCan29Adapter17getDescriptionNumEv
                0x00002230       0x40 ./src/adapter/obd/isocan29.o
                0x00002230                IsoCan29Adapter::getDescriptionNum()
 .text._ZN15IsoCan29Adapter16processFlowFrameEPK12CanMsgBuffer
                0x00002270       0x50 ./src/adapter/obd/isocan29.o
                0x00002270                IsoCan29Adapter::processFlowFrame(CanMsgBuffer const*)
 .text._ZN15IsoCan29Adapter4openEv
                0x000022c0       0x28 ./src/adapter/obd/isocan29.o
                0x000022c0                IsoCan29Adapter::open()
 .text._ZNK15IsoCan29Adapter5getIDEv
                0x000022e8       0x3c ./src/adapter/obd/isocan29.o
                0x000022e8                IsoCan29Adapter::getID() const
 .text._ZN15IsoCan29Adapter16setFilterAndMaskEv
                0x00002324       0x50 ./src/adapter/obd/isocan29.o
                0x00002324                IsoCan29Adapter::setFilterAndMask()
 .text._ZNK16IsoSerialAdapter11getProtocolEv
                0x00002374        0x4 ./src/adapter/obd/isoserial.o
                0x00002374                IsoSerialAdapter::getProtocol() const
 .text._ZN16IsoSerialAdapter13closeProtocolEv
                0x00002378        0x6 ./src/adapter/obd/isoserial.o
                0x00002378                IsoSerialAdapter::closeProtocol()
 .text._ZN16IsoSerialAdapter5closeEv
                0x0000237e        0x6 ./src/adapter/obd/isoserial.o
                0x0000237e                IsoSerialAdapter::close()
 .text._ZN16IsoSerialAdapter11setProtocolEi
                0x00002384        0x4 ./src/adapter/obd/isoserial.o
                0x00002384                IsoSerialAdapter::setProtocol(int)
 .text._ZN16IsoSerialAdapter4openEv
                0x00002388       0x18 ./src/adapter/obd/isoserial.o
                0x00002388                IsoSerialAdapter::open()
 .text._ZN16IsoSerialAdapter14getDescriptionEv
                0x000023a0       0x90 ./src/adapter/obd/isoserial.o
                0x000023a0                IsoSerialAdapter::getDescription()
 .text._ZN16IsoSerialAdapter17getDescriptionNumEv
                0x00002430       0xa8 ./src/adapter/obd/isoserial.o
                0x00002430                IsoSerialAdapter::getDescriptionNum()
 .text._ZN16IsoSerialAdapter11wiringCheckEv
                0x000024d8       0xa0 ./src/adapter/obd/isoserial.o
                0x000024d8                IsoSerialAdapter::wiringCheck()
 .text._ZN16IsoSerialAdapter9kwDisplayEv
                0x00002578       0x30 ./src/adapter/obd/isoserial.o
                0x00002578                IsoSerialAdapter::kwDisplay()
 .text._ZN16IsoSerialAdapter14checkP3TimeoutEv
                0x000025a8       0x10 ./src/adapter/obd/isoserial.o
                0x000025a8                IsoSerialAdapter::checkP3Timeout()
 .text._ZN16IsoSerialAdapterC2Ev
                0x000025b8       0x30 ./src/adapter/obd/isoserial.o
                0x000025b8                IsoSerialAdapter::IsoSerialAdapter()
                0x000025b8                IsoSerialAdapter::IsoSerialAdapter()
 .text._ZN16IsoSerialAdapter9sendToEcuEPK6Ecumsgi
                0x000025e8       0x68 ./src/adapter/obd/isoserial.o
                0x000025e8                IsoSerialAdapter::sendToEcu(Ecumsg const*, int)
 .text._ZN16IsoSerialAdapter14receiveFromEcuEP6Ecumsgiii
                0x00002650       0x88 ./src/adapter/obd/isoserial.o
                0x00002650                IsoSerialAdapter::receiveFromEcu(Ecumsg*, int, int, int)
 .text._ZN16IsoSerialAdapter11ecuSlowInitEv
                0x000026d8       0x5a ./src/adapter/obd/isoserial.o
                0x000026d8                IsoSerialAdapter::ecuSlowInit()
 .text._ZN16IsoSerialAdapter11ecuFastInitEv
                0x00002732       0x54 ./src/adapter/obd/isoserial.o
                0x00002732                IsoSerialAdapter::ecuFastInit()
 .text._ZN16IsoSerialAdapter20checkResponsePendingEPK6Ecumsg
                0x00002786       0x2a ./src/adapter/obd/isoserial.o
                0x00002786                IsoSerialAdapter::checkResponsePending(Ecumsg const*)
 .text._ZNK16IsoSerialAdapter15getP2MaxTimeoutEv
                0x000027b0        0xe ./src/adapter/obd/isoserial.o
                0x000027b0                IsoSerialAdapter::getP2MaxTimeout() const
 .text._ZNK16IsoSerialAdapter10get2MaxLenEv
                0x000027be       0x14 ./src/adapter/obd/isoserial.o
                0x000027be                IsoSerialAdapter::get2MaxLen() const
 .text._ZN16IsoSerialAdapter19configurePropertiesEv
                0x000027d2       0x20 ./src/adapter/obd/isoserial.o
                0x000027d2                IsoSerialAdapter::configureProperties()
 .text._ZNK16IsoSerialAdapter13getWakeupTimeEv
                0x000027f2       0x10 ./src/adapter/obd/isoserial.o
                0x000027f2                IsoSerialAdapter::getWakeupTime() const
 .text._ZN16IsoSerialAdapter12setKeepAliveEv
                0x00002802       0x1e ./src/adapter/obd/isoserial.o
                0x00002802                IsoSerialAdapter::setKeepAlive()
 .text._ZN16IsoSerialAdapter11isKeepAliveEv
                0x00002820       0x1c ./src/adapter/obd/isoserial.o
                0x00002820                IsoSerialAdapter::isKeepAlive()
 .text._ZNSt10unique_ptrI6EcumsgSt14default_deleteIS0_EED2Ev
                0x0000283c       0x12 ./src/adapter/obd/isoserial.o
                0x0000283c                std::unique_ptr<Ecumsg, std::default_delete<Ecumsg> >::~unique_ptr()
                0x0000283c                std::unique_ptr<Ecumsg, std::default_delete<Ecumsg> >::~unique_ptr()
 *fill*         0x0000284e        0x2 ff
 .text._ZN16IsoSerialAdapter16onConnectEcuSlowEi
                0x00002850      0x1ac ./src/adapter/obd/isoserial.o
                0x00002850                IsoSerialAdapter::onConnectEcuSlow(int)
 .text._ZN16IsoSerialAdapter16onConnectEcuFastEi
                0x000029fc      0x118 ./src/adapter/obd/isoserial.o
                0x000029fc                IsoSerialAdapter::onConnectEcuFast(int)
 .text._ZN16IsoSerialAdapter12onConnectEcuEb
                0x00002b14       0x90 ./src/adapter/obd/isoserial.o
                0x00002b14                IsoSerialAdapter::onConnectEcu(bool)
 .text._ZN16IsoSerialAdapter13sendHeartBeatEv
                0x00002ba4       0xb4 ./src/adapter/obd/isoserial.o
                0x00002ba4                IsoSerialAdapter::sendHeartBeat()
 .text._ZN16IsoSerialAdapter9onRequestEPKhmm
                0x00002c58      0x11c ./src/adapter/obd/isoserial.o
                0x00002c58                IsoSerialAdapter::onRequest(unsigned char const*, unsigned long, unsigned long)
 .text._ZN12J1939Adapter16processFlowFrameEPK12CanMsgBuffer
                0x00002d74        0x2 ./src/adapter/obd/j1939.o
                0x00002d74                J1939Adapter::processFlowFrame(CanMsgBuffer const*)
 .text._ZNK12J1939Adapter11getProtocolEv
                0x00002d76        0x4 ./src/adapter/obd/j1939.o
                0x00002d76                J1939Adapter::getProtocol() const
 .text._ZN12J1939Adapter12onConnectEcuEb
                0x00002d7a       0x14 ./src/adapter/obd/j1939.o
                0x00002d7a                J1939Adapter::onConnectEcu(bool)
 *fill*         0x00002d8e        0x2 ff
 .text._ZN12J1939Adapter14getDescriptionEv
                0x00002d90       0x2c ./src/adapter/obd/j1939.o
                0x00002d90                J1939Adapter::getDescription()
 .text._ZN12J1939Adapter17getDescriptionNumEv
                0x00002dbc       0x40 ./src/adapter/obd/j1939.o
                0x00002dbc                J1939Adapter::getDescriptionNum()
 .text._ZN12J1939Adapter4openEv
                0x00002dfc       0x16 ./src/adapter/obd/j1939.o
                0x00002dfc                J1939Adapter::open()
 *fill*         0x00002e12        0x2 ff
 .text._ZNK12J1939Adapter5getIDEv
                0x00002e14       0x78 ./src/adapter/obd/j1939.o
                0x00002e14                J1939Adapter::getID() const
 .text._ZN6Spacer5spaceEv
                0x00002e8c        0xe ./src/adapter/obd/j1939.o
                0x00002e8c                Spacer::space()
 *fill*         0x00002e9a        0x2 ff
 .text._ZN12J1939AdapterC2Ev
                0x00002e9c       0x34 ./src/adapter/obd/j1939.o
                0x00002e9c                J1939Adapter::J1939Adapter()
                0x00002e9c                J1939Adapter::J1939Adapter()
 .text._ZN12J1939Adapter9sendToEcuEPKhi
                0x00002ed0       0x10 ./src/adapter/obd/j1939.o
                0x00002ed0                J1939Adapter::sendToEcu(unsigned char const*, int)
 .text._ZN12J1939Adapter22setFilterAndMaskForPGNEm
                0x00002ee0       0x5c ./src/adapter/obd/j1939.o
                0x00002ee0                J1939Adapter::setFilterAndMaskForPGN(unsigned long)
 .text._ZN12J1939Adapter15processRtsFrameEPK12CanMsgBuffer
                0x00002f3c       0x38 ./src/adapter/obd/j1939.o
                0x00002f3c                J1939Adapter::processRtsFrame(CanMsgBuffer const*)
 .text._ZN12J1939Adapter21formatReplyWithHeaderEPK12CanMsgBufferRN4util6stringE
                0x00002f74       0xd8 ./src/adapter/obd/j1939.o
                0x00002f74                J1939Adapter::formatReplyWithHeader(CanMsgBuffer const*, util::string&)
 .text._ZN12J1939Adapter12processFrameEPK12CanMsgBuffer
                0x0000304c       0x48 ./src/adapter/obd/j1939.o
                0x0000304c                J1939Adapter::processFrame(CanMsgBuffer const*)
 .text._ZN12J1939Adapter14processDtFrameEPK12CanMsgBuffer
                0x00003094       0x64 ./src/adapter/obd/j1939.o
                0x00003094                J1939Adapter::processDtFrame(CanMsgBuffer const*)
 .text._ZNK12J1939Adapter10getTimeoutEv
                0x000030f8       0x2e ./src/adapter/obd/j1939.o
                0x000030f8                J1939Adapter::getTimeout() const
 .text._ZN12J1939Adapter14receiveFromEcuEv
                0x00003126       0xa8 ./src/adapter/obd/j1939.o
                0x00003126                J1939Adapter::receiveFromEcu()
 .text._ZN12J1939Adapter9onRequestEPKhmm
                0x000031ce       0x6e ./src/adapter/obd/j1939.o
                0x000031ce                J1939Adapter::onRequest(unsigned char const*, unsigned long, unsigned long)
 .text._ZN12J1939Adapter11monitorImplEmm
                0x0000323c       0x90 ./src/adapter/obd/j1939.o
                0x0000323c                J1939Adapter::monitorImpl(unsigned long, unsigned long)
 .text._ZN12J1939Adapter7monitorEv
                0x000032cc        0xc ./src/adapter/obd/j1939.o
                0x000032cc                J1939Adapter::monitor()
 .text._ZN12J1939Adapter7monitorEPKhmm
                0x000032d8       0x18 ./src/adapter/obd/j1939.o
                0x000032d8                J1939Adapter::monitor(unsigned char const*, unsigned long, unsigned long)
 .text._ZN18J1939ConnectionMgrC2EP12J1939Adapter
                0x000032f0       0x16 ./src/adapter/obd/j1939connmgr.o
                0x000032f0                J1939ConnectionMgr::J1939ConnectionMgr(J1939Adapter*)
                0x000032f0                J1939ConnectionMgr::J1939ConnectionMgr(J1939Adapter*)
 *fill*         0x00003306        0x2 ff
 .text._ZN18J1939ConnectionMgr3rtsEPK12CanMsgBuffer
                0x00003308       0x74 ./src/adapter/obd/j1939connmgr.o
                0x00003308                J1939ConnectionMgr::rts(CanMsgBuffer const*)
 .text._ZN18J1939ConnectionMgr7sendAckEv
                0x0000337c       0x56 ./src/adapter/obd/j1939connmgr.o
                0x0000337c                J1939ConnectionMgr::sendAck()
 .text._ZN18J1939ConnectionMgr4dataEPK12CanMsgBuffer
                0x000033d2       0x20 ./src/adapter/obd/j1939connmgr.o
                0x000033d2                J1939ConnectionMgr::data(CanMsgBuffer const*)
 .text._ZNK18J1939ConnectionMgr10isValidAckEPK12CanMsgBuffer
                0x000033f2       0x26 ./src/adapter/obd/j1939connmgr.o
                0x000033f2                J1939ConnectionMgr::isValidAck(CanMsgBuffer const*) const
 .text._ZL11numOfFramesRKN4util6stringEm
                0x00003418       0x3a ./src/adapter/obd/obdprofile.o
 .text._ZN10OBDProfileC2Ev
                0x00003452       0x10 ./src/adapter/obd/obdprofile.o
                0x00003452                OBDProfile::OBDProfile()
                0x00003452                OBDProfile::OBDProfile()
 *fill*         0x00003462        0x2 ff
 .text._ZN10OBDProfile8instanceEv
                0x00003464       0x38 ./src/adapter/obd/obdprofile.o
                0x00003464                OBDProfile::instance()
 .text._ZNK10OBDProfile22getProtocolDescriptionEv
                0x0000349c        0x8 ./src/adapter/obd/obdprofile.o
                0x0000349c                OBDProfile::getProtocolDescription() const
 .text._ZNK10OBDProfile25getProtocolDescriptionNumEv
                0x000034a4        0x8 ./src/adapter/obd/obdprofile.o
                0x000034a4                OBDProfile::getProtocolDescriptionNum() const
 .text._ZN10OBDProfile10dumpBufferEv
                0x000034ac        0x8 ./src/adapter/obd/obdprofile.o
                0x000034ac                OBDProfile::dumpBuffer()
 .text._ZN10OBDProfile11setProtocolEib
                0x000034b4       0xaa ./src/adapter/obd/obdprofile.o
                0x000034b4                OBDProfile::setProtocol(int, bool)
 .text._ZN10OBDProfile15sendLengthCheckEPKhi
                0x0000355e       0x24 ./src/adapter/obd/obdprofile.o
                0x0000355e                OBDProfile::sendLengthCheck(unsigned char const*, int)
 .text._ZNK10OBDProfile11getProtocolEv
                0x00003582        0x8 ./src/adapter/obd/obdprofile.o
                0x00003582                OBDProfile::getProtocol() const
 *fill*         0x0000358a        0x2 ff
 .text._ZN10OBDProfile13onRequestImplERKN4util6stringE
                0x0000358c      0x108 ./src/adapter/obd/obdprofile.o
                0x0000358c                OBDProfile::onRequestImpl(util::string const&)
 .text._ZN10OBDProfile9onRequestERKN4util6stringE
                0x00003694      0x108 ./src/adapter/obd/obdprofile.o
                0x00003694                OBDProfile::onRequest(util::string const&)
 .text._ZN10OBDProfile13closeProtocolEv
                0x0000379c        0x8 ./src/adapter/obd/obdprofile.o
                0x0000379c                OBDProfile::closeProtocol()
 .text._ZN10OBDProfile9kwDisplayEv
                0x000037a4       0x12 ./src/adapter/obd/obdprofile.o
                0x000037a4                OBDProfile::kwDisplay()
 .text._ZN10OBDProfile13sendHeartBeatEv
                0x000037b6        0x8 ./src/adapter/obd/obdprofile.o
                0x000037b6                OBDProfile::sendHeartBeat()
 .text._ZN10OBDProfile11wiringCheckEv
                0x000037be       0x36 ./src/adapter/obd/obdprofile.o
                0x000037be                OBDProfile::wiringCheck()
 .text._ZN10OBDProfile16setFilterAndMaskEv
                0x000037f4        0x8 ./src/adapter/obd/obdprofile.o
                0x000037f4                OBDProfile::setFilterAndMask()
 .text._ZN10OBDProfile7monitorEv
                0x000037fc        0x8 ./src/adapter/obd/obdprofile.o
                0x000037fc                OBDProfile::monitor()
 .text._ZN10OBDProfile7monitorERKN4util6stringE
                0x00003804       0x3c ./src/adapter/obd/obdprofile.o
                0x00003804                OBDProfile::monitor(util::string const&)
 .text._ZN15ProtocolAdapterC2Ev
                0x00003840       0x20 ./src/adapter/obd/obdprofile.o
                0x00003840                ProtocolAdapter::ProtocolAdapter()
                0x00003840                ProtocolAdapter::ProtocolAdapter()
 .text._ZN15ProtocolAdapter10dumpBufferEv
                0x00003860       0x40 ./src/adapter/obd/padapter.o
                0x00003860                ProtocolAdapter::dumpBuffer()
 .text._ZN15ProtocolAdapter10getAdapterEi
                0x000038a0      0x16c ./src/adapter/obd/padapter.o
                0x000038a0                ProtocolAdapter::getAdapter(int)
 .text._ZN15ProtocolAdapter12clearHistoryEv
                0x00003a0c       0x18 ./src/adapter/obd/padapter.o
                0x00003a0c                ProtocolAdapter::clearHistory()
 .text._ZN15ProtocolAdapter15appendToHistoryEPK6Ecumsg
                0x00003a24       0x4c ./src/adapter/obd/padapter.o
                0x00003a24                ProtocolAdapter::appendToHistory(Ecumsg const*)
 .text._ZN15ProtocolAdapter15insertToHistoryEPK6Ecumsg
                0x00003a70       0x28 ./src/adapter/obd/padapter.o
                0x00003a70                ProtocolAdapter::insertToHistory(Ecumsg const*)
 .text._ZNK10PwmAdapter11getProtocolEv
                0x00003a98        0x4 ./src/adapter/obd/pwm.o
                0x00003a98                PwmAdapter::getProtocol() const
 .text._ZN10PwmAdapter5closeEv
                0x00003a9c        0x6 ./src/adapter/obd/pwm.o
                0x00003a9c                PwmAdapter::close()
 .text._ZN10PwmAdapter4openEv
                0x00003aa2       0x16 ./src/adapter/obd/pwm.o
                0x00003aa2                PwmAdapter::open()
 .text._ZN10PwmAdapter14getDescriptionEv
                0x00003ab8       0x40 ./src/adapter/obd/pwm.o
                0x00003ab8                PwmAdapter::getDescription()
 .text._ZN10PwmAdapter17getDescriptionNumEv
                0x00003af8       0x40 ./src/adapter/obd/pwm.o
                0x00003af8                PwmAdapter::getDescriptionNum()
 .text._ZN10PwmAdapter11wiringCheckEv
                0x00003b38       0x9c ./src/adapter/obd/pwm.o
                0x00003b38                PwmAdapter::wiringCheck()
 .text._ZN10PwmAdapterC2Ev
                0x00003bd4       0x24 ./src/adapter/obd/pwm.o
                0x00003bd4                PwmAdapter::PwmAdapter()
                0x00003bd4                PwmAdapter::PwmAdapter()
 .text._ZN10PwmAdapter8sendByteEh
                0x00003bf8       0x26 ./src/adapter/obd/pwm.o
                0x00003bf8                PwmAdapter::sendByte(unsigned char)
 .text._ZN10PwmAdapter7sendSofEv
                0x00003c1e       0x18 ./src/adapter/obd/pwm.o
                0x00003c1e                PwmAdapter::sendSof()
 .text._ZN10PwmAdapter11receiveByteERh
                0x00003c36       0x38 ./src/adapter/obd/pwm.o
                0x00003c36                PwmAdapter::receiveByte(unsigned char&)
 .text._ZN10PwmAdapter6getIfrEv
                0x00003c6e       0x20 ./src/adapter/obd/pwm.o
                0x00003c6e                PwmAdapter::getIfr()
 .text._ZN10PwmAdapter9sendToEcuEPK6Ecumsg
                0x00003c8e       0x72 ./src/adapter/obd/pwm.o
                0x00003c8e                PwmAdapter::sendToEcu(Ecumsg const*)
 .text._ZN10PwmAdapter10waitForSofEv
                0x00003d00       0x1e ./src/adapter/obd/pwm.o
                0x00003d00                PwmAdapter::waitForSof()
 .text._ZN10PwmAdapter7sendIfrEv
                0x00003d1e       0x16 ./src/adapter/obd/pwm.o
                0x00003d1e                PwmAdapter::sendIfr()
 .text._ZN10PwmAdapter14receiveFromEcuEP6Ecumsgi
                0x00003d34       0x7a ./src/adapter/obd/pwm.o
                0x00003d34                PwmAdapter::receiveFromEcu(Ecumsg*, int)
 .text._ZNK10PwmAdapter15getP2MaxTimeoutEv
                0x00003dae        0xe ./src/adapter/obd/pwm.o
                0x00003dae                PwmAdapter::getP2MaxTimeout() const
 .text._ZN10PwmAdapter11requestImplEPKhmmb
                0x00003dbc      0x136 ./src/adapter/obd/pwm.o
                0x00003dbc                PwmAdapter::requestImpl(unsigned char const*, unsigned long, unsigned long, bool)
 .text._ZN10PwmAdapter9onRequestEPKhmm
                0x00003ef2        0xe ./src/adapter/obd/pwm.o
                0x00003ef2                PwmAdapter::onRequest(unsigned char const*, unsigned long, unsigned long)
 .text._ZN10PwmAdapter12onConnectEcuEb
                0x00003f00       0x54 ./src/adapter/obd/pwm.o
                0x00003f00                PwmAdapter::onConnectEcu(bool)
 .text._ZNK10VpwAdapter11getProtocolEv
                0x00003f54        0x4 ./src/adapter/obd/vpw.o
                0x00003f54                VpwAdapter::getProtocol() const
 .text._ZN10VpwAdapter5closeEv
                0x00003f58        0x6 ./src/adapter/obd/vpw.o
                0x00003f58                VpwAdapter::close()
 .text._ZN10VpwAdapter4openEv
                0x00003f5e       0x16 ./src/adapter/obd/vpw.o
                0x00003f5e                VpwAdapter::open()
 .text._ZN10VpwAdapter14getDescriptionEv
                0x00003f74       0x40 ./src/adapter/obd/vpw.o
                0x00003f74                VpwAdapter::getDescription()
 .text._ZN10VpwAdapter17getDescriptionNumEv
                0x00003fb4       0x40 ./src/adapter/obd/vpw.o
                0x00003fb4                VpwAdapter::getDescriptionNum()
 .text._ZN10VpwAdapter11wiringCheckEv
                0x00003ff4       0x9c ./src/adapter/obd/vpw.o
                0x00003ff4                VpwAdapter::wiringCheck()
 .text._ZN10VpwAdapterC2Ev
                0x00004090       0x24 ./src/adapter/obd/vpw.o
                0x00004090                VpwAdapter::VpwAdapter()
                0x00004090                VpwAdapter::VpwAdapter()
 .text._ZN10VpwAdapter9sendToEcuEPK6Ecumsg
                0x000040b4       0xc0 ./src/adapter/obd/vpw.o
                0x000040b4                VpwAdapter::sendToEcu(Ecumsg const*)
 .text._ZN10VpwAdapter10waitForSofEv
                0x00004174       0x1e ./src/adapter/obd/vpw.o
                0x00004174                VpwAdapter::waitForSof()
 .text._ZN10VpwAdapter14receiveFromEcuEP6Ecumsgi
                0x00004192       0x96 ./src/adapter/obd/vpw.o
                0x00004192                VpwAdapter::receiveFromEcu(Ecumsg*, int)
 .text._ZNK10VpwAdapter15getP2MaxTimeoutEv
                0x00004228        0xe ./src/adapter/obd/vpw.o
                0x00004228                VpwAdapter::getP2MaxTimeout() const
 .text._ZN10VpwAdapter11requestImplEPKhmmb
                0x00004236      0x13c ./src/adapter/obd/vpw.o
                0x00004236                VpwAdapter::requestImpl(unsigned char const*, unsigned long, unsigned long, bool)
 .text._ZN10VpwAdapter9onRequestEPKhmm
                0x00004372        0xe ./src/adapter/obd/vpw.o
                0x00004372                VpwAdapter::onRequest(unsigned char const*, unsigned long, unsigned long)
 .text._ZN10VpwAdapter12onConnectEcuEb
                0x00004380       0x5a ./src/adapter/obd/vpw.o
                0x00004380                VpwAdapter::onConnectEcu(bool)
 *fill*         0x000043da        0x2 ff
 .text._ZL18UserUartRcvHandlerh
                0x000043dc       0xc4 ./src/adapter/adapter.o
 .text._Z14AdptSendStringRKN4util6stringE
                0x000044a0       0x10 ./src/adapter/adapter.o
                0x000044a0                AdptSendString(util::string const&)
 .text.startup.main
                0x000044b0       0xc8 ./src/adapter/adapter.o
                0x000044b0                main
 .text.startup._GLOBAL__sub_I__Z14AdptSendStringRKN4util6stringE
                0x00004578       0x28 ./src/adapter/adapter.o
 .text._ZN13AdapterConfigC2Ev
                0x000045a0       0x38 ./src/adapter/adapterconfig.o
                0x000045a0                AdapterConfig::AdapterConfig()
                0x000045a0                AdapterConfig::AdapterConfig()
 .text._ZN13AdapterConfig15setBoolPropertyEib
                0x000045d8       0x36 ./src/adapter/adapterconfig.o
                0x000045d8                AdapterConfig::setBoolProperty(int, bool)
 .text._ZNK13AdapterConfig15getBoolPropertyEi
                0x0000460e       0x18 ./src/adapter/adapterconfig.o
                0x0000460e                AdapterConfig::getBoolProperty(int) const
 .text._ZN13AdapterConfig14setIntPropertyEim
                0x00004626        0x8 ./src/adapter/adapterconfig.o
                0x00004626                AdapterConfig::setIntProperty(int, unsigned long)
 .text._ZNK13AdapterConfig14getIntPropertyEi
                0x0000462e        0x8 ./src/adapter/adapterconfig.o
                0x0000462e                AdapterConfig::getIntProperty(int) const
 .text._ZN13AdapterConfig16setBytesPropertyEiPK9ByteArray
                0x00004636       0x12 ./src/adapter/adapterconfig.o
                0x00004636                AdapterConfig::setBytesProperty(int, ByteArray const*)
 .text._ZNK13AdapterConfig16getBytesPropertyEi
                0x00004648        0xc ./src/adapter/adapterconfig.o
                0x00004648                AdapterConfig::getBytesProperty(int) const
 .text._ZN13AdapterConfig8instanceEv
                0x00004654       0x30 ./src/adapter/adapterconfig.o
                0x00004654                AdapterConfig::instance()
 .text._ZN13AdapterConfig5clearEv
                0x00004684       0x46 ./src/adapter/adapterconfig.o
                0x00004684                AdapterConfig::clear()
 .text._ZL16OnSetIsoBaudRateRKN4util6stringEi
                0x000046ca        0x2 ./src/adapter/dispatcher.o
 .text._ZL13DispatchATCmdRKN4util6stringEib
                0x000046cc       0xcc ./src/adapter/dispatcher.o
 .text._ZL10SetDefaultv
                0x00004798       0xc8 ./src/adapter/dispatcher.o
 .text._ZL16OnJ1939MonitorMPRKN4util6stringEi
                0x00004860       0x12 ./src/adapter/dispatcher.o
 .text._ZL11OnKwDisplayRKN4util6stringEi
                0x00004872        0xe ./src/adapter/dispatcher.o
 .text._ZL21OnProtocolDescribeNumRKN4util6stringEi
                0x00004880        0xe ./src/adapter/dispatcher.o
 .text._ZL18OnProtocolDescribeRKN4util6stringEi
                0x0000488e        0xe ./src/adapter/dispatcher.o
 .text._ZL17OnJ1939MonitorDM1RKN4util6stringEi
                0x0000489c        0xe ./src/adapter/dispatcher.o
 .text._ZL12OnBufferDumpRKN4util6stringEi
                0x000048aa        0xe ./src/adapter/dispatcher.o
 .text._ZL14OnGetSerialNumRKN4util6stringEi
                0x000048b8        0x4 ./src/adapter/dispatcher.o
 .text._ZL12OnWiringTestRKN4util6stringEi
                0x000048bc        0xe ./src/adapter/dispatcher.o
 .text._ZL15OnCanShowStatusRKN4util6stringEi
                0x000048ca        0x2 ./src/adapter/dispatcher.o
 .text._ZN9ByteArrayC2Ev
                0x000048cc       0x12 ./src/adapter/dispatcher.o
                0x000048cc                ByteArray::ByteArray()
                0x000048cc                ByteArray::ByteArray()
 .text._Z18AdptCheckHeartBeatv
                0x000048de        0xe ./src/adapter/dispatcher.o
                0x000048de                AdptCheckHeartBeat()
 .text._Z13AdptSendReplyRKN4util6stringE
                0x000048ec       0x48 ./src/adapter/dispatcher.o
                0x000048ec                AdptSendReply(util::string const&)
 .text._Z9AdptOnCmdRN4util6stringE
                0x00004934      0x11c ./src/adapter/dispatcher.o
                0x00004934                AdptOnCmd(util::string&)
 .text._ZL7OnResetRKN4util6stringEi
                0x00004a50       0x3c ./src/adapter/dispatcher.o
 .text._Z18AdptDispatcherInitv
                0x00004a8c       0x48 ./src/adapter/dispatcher.o
                0x00004a8c                AdptDispatcherInit()
 .text._ZL13OnSetProtocolRKN4util6stringEi
                0x00004ad4       0xf4 ./src/adapter/dispatcher.o
 .text._ZL17OnSet4HeaderBytesRKN4util6stringEi
                0x00004bc8       0xd8 ./src/adapter/dispatcher.o
 .text._ZL13OnReadVoltageRKN4util6stringEi
                0x00004ca0       0x58 ./src/adapter/dispatcher.o
 .text._ZL15OnProtocolCloseRKN4util6stringEi
                0x00004cf8       0x34 ./src/adapter/dispatcher.o
 .text._ZL20OnSendReplyInterfaceRKN4util6stringEi
                0x00004d2c       0x2c ./src/adapter/dispatcher.o
 .text._ZL23OnCanSetFlowControlModeRKN4util6stringEi
                0x00004d58       0xe0 ./src/adapter/dispatcher.o
 .text._ZL12OnSetDefaultRKN4util6stringEi
                0x00004e38       0x30 ./src/adapter/dispatcher.o
 .text._ZL7OnSetOKRKN4util6stringEi
                0x00004e68       0x2c ./src/adapter/dispatcher.o
 .text._ZL19OnCanSetTimeoutMultRKN4util6stringEi
                0x00004e94       0x6c ./src/adapter/dispatcher.o
 .text._ZL22OnCanSetReceiveAddressRKN4util6stringEi
                0x00004f00       0xb4 ./src/adapter/dispatcher.o
 .text._ZL10OnSetBytesRKN4util6stringEi
                0x00004fb4       0xac ./src/adapter/dispatcher.o
 .text._ZL21OnCanSetFilterAndMaskRKN4util6stringEi
                0x00005060       0x12 ./src/adapter/dispatcher.o
 *fill*         0x00005072        0x2 ff
 .text._ZL12OnResetBytesRKN4util6stringEi
                0x00005074       0x3c ./src/adapter/dispatcher.o
 .text._ZL15OnSetValueFalseRKN4util6stringEi
                0x000050b0       0x38 ./src/adapter/dispatcher.o
 .text._ZL13OnSetValueIntRKN4util6stringEi
                0x000050e8       0x5c ./src/adapter/dispatcher.o
 .text._ZL15OnSetRcvAddressRKN4util6stringEi
                0x00005144       0x1e ./src/adapter/dispatcher.o
 *fill*         0x00005162        0x2 ff
 .text._ZL8OnSetAT2RKN4util6stringEi
                0x00005164       0x34 ./src/adapter/dispatcher.o
 .text._ZL8OnSetAT1RKN4util6stringEi
                0x00005198       0x34 ./src/adapter/dispatcher.o
 .text._ZL8OnSetAT0RKN4util6stringEi
                0x000051cc       0x34 ./src/adapter/dispatcher.o
 .text._ZL14OnSetValueTrueRKN4util6stringEi
                0x00005200       0x38 ./src/adapter/dispatcher.o
 .text._ZL18OnSendReplyVersionRKN4util6stringEi
                0x00005238       0x2c ./src/adapter/dispatcher.o
 .text._ZL20OnSendReplyCopyrightRKN4util6stringEi
                0x00005264       0x60 ./src/adapter/dispatcher.o
 .text._Z14AdptSendReply2RN4util6stringE
                0x000052c4       0x30 ./src/adapter/dispatcher.o
                0x000052c4                AdptSendReply2(util::string&)
 .text._ZNK6Ecumsg12headerLengthEv
                0x000052f4        0x4 ./src/adapter/ecumsg.o
                0x000052f4                Ecumsg::headerLength() const
 .text._ZL14IsoAddChecksumPhRt
                0x000052f8       0x20 ./src/adapter/ecumsg.o
 .text._ZN13EcumsgISO914111addChecksumEv
                0x00005318        0xa ./src/adapter/ecumsg.o
                0x00005318                EcumsgISO9141::addChecksum()
 .text._ZN14EcumsgISO1423011addChecksumEv
                0x00005322        0xa ./src/adapter/ecumsg.o
                0x00005322                EcumsgISO14230::addChecksum()
 .text._ZNK14EcumsgISO1423012headerLengthEv
                0x0000532c       0x14 ./src/adapter/ecumsg.o
                0x0000532c                EcumsgISO14230::headerLength() const
 .text._ZL16J1850AddChecksumPhRt
                0x00005340       0x42 ./src/adapter/ecumsg.o
 .text._ZN9EcumsgVPW11addChecksumEv
                0x00005382        0xa ./src/adapter/ecumsg.o
                0x00005382                EcumsgVPW::addChecksum()
 .text._ZN9EcumsgPWM11addChecksumEv
                0x0000538c        0xa ./src/adapter/ecumsg.o
                0x0000538c                EcumsgPWM::addChecksum()
 .text._ZN13EcumsgISO914120addHeaderAndChecksumEv
                0x00005396       0x2e ./src/adapter/ecumsg.o
                0x00005396                EcumsgISO9141::addHeaderAndChecksum()
 .text._ZN14EcumsgISO1423020addHeaderAndChecksumEv
                0x000053c4       0x70 ./src/adapter/ecumsg.o
                0x000053c4                EcumsgISO14230::addHeaderAndChecksum()
 .text._ZN13EcumsgISO914122stripHeaderAndChecksumEv
                0x00005434       0x1e ./src/adapter/ecumsg.o
                0x00005434                EcumsgISO9141::stripHeaderAndChecksum()
 .text._ZN14EcumsgISO1423022stripHeaderAndChecksumEv
                0x00005452       0x26 ./src/adapter/ecumsg.o
                0x00005452                EcumsgISO14230::stripHeaderAndChecksum()
 .text._ZN9EcumsgVPW20addHeaderAndChecksumEv
                0x00005478       0x2e ./src/adapter/ecumsg.o
                0x00005478                EcumsgVPW::addHeaderAndChecksum()
 .text._ZN9EcumsgVPW22stripHeaderAndChecksumEv
                0x000054a6       0x1e ./src/adapter/ecumsg.o
                0x000054a6                EcumsgVPW::stripHeaderAndChecksum()
 .text._ZN9EcumsgPWM20addHeaderAndChecksumEv
                0x000054c4       0x2e ./src/adapter/ecumsg.o
                0x000054c4                EcumsgPWM::addHeaderAndChecksum()
 .text._ZN9EcumsgPWM22stripHeaderAndChecksumEv
                0x000054f2       0x1e ./src/adapter/ecumsg.o
                0x000054f2                EcumsgPWM::stripHeaderAndChecksum()
 .text._ZN6EcumsgC2Ehm
                0x00005510       0x20 ./src/adapter/ecumsg.o
                0x00005510                Ecumsg::Ecumsg(unsigned char, unsigned long)
                0x00005510                Ecumsg::Ecumsg(unsigned char, unsigned long)
 .text._ZN6EcumsgD2Ev
                0x00005530       0x18 ./src/adapter/ecumsg.o
                0x00005530                Ecumsg::~Ecumsg()
                0x00005530                Ecumsg::~Ecumsg()
 .text._ZN9EcumsgPWMD2Ev
                0x00005548       0x14 ./src/adapter/ecumsg.o
                0x00005548                EcumsgPWM::~EcumsgPWM()
                0x00005548                EcumsgPWM::~EcumsgPWM()
 .text._ZN9EcumsgPWMD0Ev
                0x0000555c       0x12 ./src/adapter/ecumsg.o
                0x0000555c                EcumsgPWM::~EcumsgPWM()
 *fill*         0x0000556e        0x2 ff
 .text._ZN9EcumsgVPWD2Ev
                0x00005570       0x14 ./src/adapter/ecumsg.o
                0x00005570                EcumsgVPW::~EcumsgVPW()
                0x00005570                EcumsgVPW::~EcumsgVPW()
 .text._ZN9EcumsgVPWD0Ev
                0x00005584       0x12 ./src/adapter/ecumsg.o
                0x00005584                EcumsgVPW::~EcumsgVPW()
 *fill*         0x00005596        0x2 ff
 .text._ZN14EcumsgISO14230D2Ev
                0x00005598       0x14 ./src/adapter/ecumsg.o
                0x00005598                EcumsgISO14230::~EcumsgISO14230()
                0x00005598                EcumsgISO14230::~EcumsgISO14230()
 .text._ZN14EcumsgISO14230D0Ev
                0x000055ac       0x12 ./src/adapter/ecumsg.o
                0x000055ac                EcumsgISO14230::~EcumsgISO14230()
 *fill*         0x000055be        0x2 ff
 .text._ZN13EcumsgISO9141D2Ev
                0x000055c0       0x14 ./src/adapter/ecumsg.o
                0x000055c0                EcumsgISO9141::~EcumsgISO9141()
                0x000055c0                EcumsgISO9141::~EcumsgISO9141()
 .text._ZN13EcumsgISO9141D0Ev
                0x000055d4       0x12 ./src/adapter/ecumsg.o
                0x000055d4                EcumsgISO9141::~EcumsgISO9141()
 .text._ZNK6Ecumsg8toStringERN4util6stringE
                0x000055e6        0xa ./src/adapter/ecumsg.o
                0x000055e6                Ecumsg::toString(util::string&) const
 .text._ZN6Ecumsg7setDataEPKht
                0x000055f0        0x8 ./src/adapter/ecumsg.o
                0x000055f0                Ecumsg::setData(unsigned char const*, unsigned short)
 .text._ZN6Ecumsg9setHeaderEPKh
                0x000055f8        0x8 ./src/adapter/ecumsg.o
                0x000055f8                Ecumsg::setHeader(unsigned char const*)
 .text._ZN6Ecumsg8instanceEh
                0x00005600       0xe4 ./src/adapter/ecumsg.o
                0x00005600                Ecumsg::instance(unsigned char)
 .text._Z13CanIDToStringmRN4util6stringEbb
                0x000056e4       0xba ./src/adapter/functions.o
                0x000056e4                CanIDToString(unsigned long, util::string&, bool, bool)
 .text._Z13CanIDToStringmRN4util6stringEb
                0x0000579e       0x22 ./src/adapter/functions.o
                0x0000579e                CanIDToString(unsigned long, util::string&, bool)
 .text._Z8Delay1msm
                0x000057c0       0x2c ./src/adapter/functions.o
                0x000057c0                Delay1ms(unsigned long)
 .text._Z8Delay1usm
                0x000057ec       0x30 ./src/adapter/functions.o
                0x000057ec                Delay1us(unsigned long)
 .text._Z14KWordsToStringPKhRN4util6stringE
                0x0000581c       0x5c ./src/adapter/functions.o
                0x0000581c                KWordsToString(unsigned char const*, util::string&)
 .text._Z8to_bytesRKN4util6stringEPh
                0x00005878       0x5e ./src/adapter/functions.o
                0x00005878                to_bytes(util::string const&, unsigned char*)
 .text._Z8to_asciiPKhmRN4util6stringE
                0x000058d6       0x62 ./src/adapter/functions.o
                0x000058d6                to_ascii(unsigned char const*, unsigned long, util::string&)
 .text._Z16AutoReceiveParseRKN4util6stringERmS3_
                0x00005938       0xa0 ./src/adapter/functions.o
                0x00005938                AutoReceiveParse(util::string const&, unsigned long&, unsigned long&)
 .text._Z12ReverseBytesPhm
                0x000059d8       0x20 ./src/adapter/functions.o
                0x000059d8                ReverseBytes(unsigned char*, unsigned long)
 .text._ZN14TimeoutManager8instanceEv
                0x000059f8       0x34 ./src/adapter/timeoutmgr.o
                0x000059f8                TimeoutManager::instance()
 .text._ZNK14TimeoutManager10at0TimeoutEv
                0x00005a2c       0x2c ./src/adapter/timeoutmgr.o
                0x00005a2c                TimeoutManager::at0Timeout() const
 .text._ZNK14TimeoutManager9p2TimeoutEv
                0x00005a58       0x1e ./src/adapter/timeoutmgr.o
                0x00005a58                TimeoutManager::p2Timeout() const
 .text._ZN14TimeoutManager9p2TimeoutEm
                0x00005a76       0x34 ./src/adapter/timeoutmgr.o
                0x00005a76                TimeoutManager::p2Timeout(unsigned long)
 .text._Znwj    0x00005aaa        0x4 ./src/cr_cpp_config.o
                0x00005aaa                operator new(unsigned int)
 .text._Znaj    0x00005aae        0x4 ./src/cr_cpp_config.o
                0x00005aae                operator new[](unsigned int)
 .text._ZdlPv   0x00005ab2        0x4 ./src/cr_cpp_config.o
                0x00005ab2                operator delete(void*)
 .text._ZdaPv   0x00005ab6        0x4 ./src/cr_cpp_config.o
                0x00005ab6                operator delete[](void*)
 .text.__aeabi_atexit
                0x00005aba        0x4 ./src/cr_cpp_config.o
                0x00005aba                __aeabi_atexit
 *fill*         0x00005abe        0x2 ff
 .text.SystemCoreClockUpdate
                0x00005ac0       0x80 ./src/system_LPC15xx.o
                0x00005ac0                SystemCoreClockUpdate
 .text.SystemInit
                0x00005b40       0xac ./src/system_LPC15xx.o
                0x00005b40                SystemInit
 .text          0x00005bec       0x18 c:/nxp/mcuxpressoide_10.1.1_606/ide/tools/bin/../lib/gcc/arm-none-eabi/6.3.1/thumb/v7-m\libgcc.a(_lshrdi3.o)
                0x00005bec                __lshrdi3
                0x00005bec                __aeabi_llsr
 .text          0x00005c04       0x18 c:/nxp/mcuxpressoide_10.1.1_606/ide/tools/bin/../lib/gcc/arm-none-eabi/6.3.1/thumb/v7-m\libgcc.a(_ashldi3.o)
                0x00005c04                __aeabi_llsl
                0x00005c04                __ashldi3
 .text          0x00005c1c      0x9dc c:/nxp/mcuxpressoide_10.1.1_606/ide/tools/bin/../lib/gcc/arm-none-eabi/6.3.1/thumb/v7-m\libgcc.a(unwind-arm.o)
                0x00005ee0                _Unwind_GetCFA
                0x00005ee4                __gnu_Unwind_RaiseException
                0x00005f44                __gnu_Unwind_ForcedUnwind
                0x00005f58                __gnu_Unwind_Resume
                0x00005f9c                __gnu_Unwind_Resume_or_Rethrow
                0x00005fb0                _Unwind_Complete
                0x00005fb4                _Unwind_DeleteException
                0x00005fc0                _Unwind_VRS_Get
                0x0000600c                _Unwind_VRS_Set
                0x0000605c                __gnu_Unwind_Backtrace
                0x000063a0                __aeabi_unwind_cpp_pr0
                0x000063a4                __aeabi_unwind_cpp_pr1
                0x000063a8                __aeabi_unwind_cpp_pr2
                0x000063ac                _Unwind_VRS_Pop
 .text          0x000065f8      0x1ac c:/nxp/mcuxpressoide_10.1.1_606/ide/tools/bin/../lib/gcc/arm-none-eabi/6.3.1/thumb/v7-m\libgcc.a(libunwind.o)
                0x000065f8                __restore_core_regs
                0x000065f8                restore_core_regs
                0x00006610                __gnu_Unwind_Restore_VFP
                0x00006618                __gnu_Unwind_Save_VFP
                0x00006620                __gnu_Unwind_Restore_VFP_D
                0x00006628                __gnu_Unwind_Save_VFP_D
                0x00006630                __gnu_Unwind_Restore_VFP_D_16_to_31
                0x00006638                __gnu_Unwind_Save_VFP_D_16_to_31
                0x00006640                __gnu_Unwind_Restore_WMMXD
                0x00006684                __gnu_Unwind_Save_WMMXD
                0x000066c8                __gnu_Unwind_Restore_WMMXC
                0x000066dc                __gnu_Unwind_Save_WMMXC
                0x000066f0                ___Unwind_RaiseException
                0x000066f0                _Unwind_RaiseException
                0x00006714                _Unwind_Resume
                0x00006714                ___Unwind_Resume
                0x00006738                _Unwind_Resume_or_Rethrow
                0x00006738                ___Unwind_Resume_or_Rethrow
                0x0000675c                _Unwind_ForcedUnwind
                0x0000675c                ___Unwind_ForcedUnwind
                0x00006780                ___Unwind_Backtrace
                0x00006780                _Unwind_Backtrace
 .text          0x000067a4      0x384 c:/nxp/mcuxpressoide_10.1.1_606/ide/tools/bin/../lib/gcc/arm-none-eabi/6.3.1/thumb/v7-m\libgcc.a(pr-support.o)
                0x000067fc                __gnu_unwind_execute
                0x00006acc                __gnu_unwind_frame
                0x00006af8                _Unwind_GetRegionStart
                0x00006b04                _Unwind_GetLanguageSpecificData
                0x00006b18                _Unwind_GetTextRelBase
                0x00006b20                _Unwind_GetDataRelBase
 .text.abort    0x00006b28        0xe c:/nxp/mcuxpressoide_10.1.1_606/ide/tools/bin/../lib/gcc/arm-none-eabi/6.3.1/../../../../arm-none-eabi/lib/thumb/v7-m\libc_nano.a(lib_a-abort.o)
                0x00006b28                abort
 *fill*         0x00006b36        0x2 ff
 .text.__libc_init_array
                0x00006b38       0x48 c:/nxp/mcuxpressoide_10.1.1_606/ide/tools/bin/../lib/gcc/arm-none-eabi/6.3.1/../../../../arm-none-eabi/lib/thumb/v7-m\libc_nano.a(lib_a-init.o)
                0x00006b38                __libc_init_array
 .text.isprint  0x00006b80       0x12 c:/nxp/mcuxpressoide_10.1.1_606/ide/tools/bin/../lib/gcc/arm-none-eabi/6.3.1/../../../../arm-none-eabi/lib/thumb/v7-m\libc_nano.a(lib_a-isprint.o)
                0x00006b80                isprint
 .text.isxdigit
                0x00006b92       0x12 c:/nxp/mcuxpressoide_10.1.1_606/ide/tools/bin/../lib/gcc/arm-none-eabi/6.3.1/../../../../arm-none-eabi/lib/thumb/v7-m\libc_nano.a(lib_a-isxdigit.o)
                0x00006b92                isxdigit
 .text.__locale_ctype_ptr_l
                0x00006ba4        0x6 c:/nxp/mcuxpressoide_10.1.1_606/ide/tools/bin/../lib/gcc/arm-none-eabi/6.3.1/../../../../arm-none-eabi/lib/thumb/v7-m\libc_nano.a(lib_a-locale.o)
                0x00006ba4                __locale_ctype_ptr_l
 *fill*         0x00006baa        0x2 ff
 .text.__locale_ctype_ptr
                0x00006bac       0x1c c:/nxp/mcuxpressoide_10.1.1_606/ide/tools/bin/../lib/gcc/arm-none-eabi/6.3.1/../../../../arm-none-eabi/lib/thumb/v7-m\libc_nano.a(lib_a-locale.o)
                0x00006bac                __locale_ctype_ptr
 .text.malloc   0x00006bc8       0x10 c:/nxp/mcuxpressoide_10.1.1_606/ide/tools/bin/../lib/gcc/arm-none-eabi/6.3.1/../../../../arm-none-eabi/lib/thumb/v7-m\libc_nano.a(lib_a-malloc.o)
                0x00006bc8                malloc
 .text.free     0x00006bd8       0x10 c:/nxp/mcuxpressoide_10.1.1_606/ide/tools/bin/../lib/gcc/arm-none-eabi/6.3.1/../../../../arm-none-eabi/lib/thumb/v7-m\libc_nano.a(lib_a-malloc.o)
                0x00006bd8                free
 .text.__ascii_mbtowc
                0x00006be8       0x24 c:/nxp/mcuxpressoide_10.1.1_606/ide/tools/bin/../lib/gcc/arm-none-eabi/6.3.1/../../../../arm-none-eabi/lib/thumb/v7-m\libc_nano.a(lib_a-mbtowc_r.o)
                0x00006be8                __ascii_mbtowc
 .text.memcpy   0x00006c0c       0x16 c:/nxp/mcuxpressoide_10.1.1_606/ide/tools/bin/../lib/gcc/arm-none-eabi/6.3.1/../../../../arm-none-eabi/lib/thumb/v7-m\libc_nano.a(lib_a-memcpy-stub.o)
                0x00006c0c                memcpy
 .text.memmove  0x00006c22       0x34 c:/nxp/mcuxpressoide_10.1.1_606/ide/tools/bin/../lib/gcc/arm-none-eabi/6.3.1/../../../../arm-none-eabi/lib/thumb/v7-m\libc_nano.a(lib_a-memmove.o)
                0x00006c22                memmove
 .text.memset   0x00006c56       0x10 c:/nxp/mcuxpressoide_10.1.1_606/ide/tools/bin/../lib/gcc/arm-none-eabi/6.3.1/../../../../arm-none-eabi/lib/thumb/v7-m\libc_nano.a(lib_a-memset.o)
                0x00006c56                memset
 *fill*         0x00006c66        0x2 ff
 .text._free_r  0x00006c68       0x98 c:/nxp/mcuxpressoide_10.1.1_606/ide/tools/bin/../lib/gcc/arm-none-eabi/6.3.1/../../../../arm-none-eabi/lib/thumb/v7-m\libc_nano.a(lib_a-nano-freer.o)
                0x00006c68                _free_r
 .text._malloc_r
                0x00006d00       0xbc c:/nxp/mcuxpressoide_10.1.1_606/ide/tools/bin/../lib/gcc/arm-none-eabi/6.3.1/../../../../arm-none-eabi/lib/thumb/v7-m\libc_nano.a(lib_a-nano-mallocr.o)
                0x00006d00                _malloc_r
 .text._sbrk_r  0x00006dbc       0x20 c:/nxp/mcuxpressoide_10.1.1_606/ide/tools/bin/../lib/gcc/arm-none-eabi/6.3.1/../../../../arm-none-eabi/lib/thumb/v7-m\libc_nano.a(lib_a-sbrkr.o)
                0x00006dbc                _sbrk_r
 .text._raise_r
                0x00006ddc       0x50 c:/nxp/mcuxpressoide_10.1.1_606/ide/tools/bin/../lib/gcc/arm-none-eabi/6.3.1/../../../../arm-none-eabi/lib/thumb/v7-m\libc_nano.a(lib_a-signal.o)
                0x00006ddc                _raise_r
 .text.raise    0x00006e2c       0x10 c:/nxp/mcuxpressoide_10.1.1_606/ide/tools/bin/../lib/gcc/arm-none-eabi/6.3.1/../../../../arm-none-eabi/lib/thumb/v7-m\libc_nano.a(lib_a-signal.o)
                0x00006e2c                raise
 .text._kill_r  0x00006e3c       0x24 c:/nxp/mcuxpressoide_10.1.1_606/ide/tools/bin/../lib/gcc/arm-none-eabi/6.3.1/../../../../arm-none-eabi/lib/thumb/v7-m\libc_nano.a(lib_a-signalr.o)
                0x00006e3c                _kill_r
 .text._getpid_r
                0x00006e60        0x4 c:/nxp/mcuxpressoide_10.1.1_606/ide/tools/bin/../lib/gcc/arm-none-eabi/6.3.1/../../../../arm-none-eabi/lib/thumb/v7-m\libc_nano.a(lib_a-signalr.o)
                0x00006e60                _getpid_r
 .text.sprintf  0x00006e64       0x48 c:/nxp/mcuxpressoide_10.1.1_606/ide/tools/bin/../lib/gcc/arm-none-eabi/6.3.1/../../../../arm-none-eabi/lib/thumb/v7-m\libc_nano.a(lib_a-sprintf.o)
                0x00006e64                siprintf
                0x00006e64                sprintf
 .text          0x00006eac       0x14 c:/nxp/mcuxpressoide_10.1.1_606/ide/tools/bin/../lib/gcc/arm-none-eabi/6.3.1/../../../../arm-none-eabi/lib/thumb/v7-m\libc_nano.a(lib_a-strcmp.o)
                0x00006eac                strcmp
 .text.strcpy   0x00006ec0       0x10 c:/nxp/mcuxpressoide_10.1.1_606/ide/tools/bin/../lib/gcc/arm-none-eabi/6.3.1/../../../../arm-none-eabi/lib/thumb/v7-m\libc_nano.a(lib_a-strcpy.o)
                0x00006ec0                strcpy
 .text          0x00006ed0       0x10 c:/nxp/mcuxpressoide_10.1.1_606/ide/tools/bin/../lib/gcc/arm-none-eabi/6.3.1/../../../../arm-none-eabi/lib/thumb/v7-m\libc_nano.a(lib_a-strlen.o)
                0x00006ed0                strlen
 .text._strtoul_l.isra.0
                0x00006ee0       0xfa c:/nxp/mcuxpressoide_10.1.1_606/ide/tools/bin/../lib/gcc/arm-none-eabi/6.3.1/../../../../arm-none-eabi/lib/thumb/v7-m\libc_nano.a(lib_a-strtoul.o)
 *fill*         0x00006fda        0x2 ff
 .text.strtoul  0x00006fdc       0x2c c:/nxp/mcuxpressoide_10.1.1_606/ide/tools/bin/../lib/gcc/arm-none-eabi/6.3.1/../../../../arm-none-eabi/lib/thumb/v7-m\libc_nano.a(lib_a-strtoul.o)
                0x00006fdc                strtoul
 .text.toupper  0x00007008       0x1a c:/nxp/mcuxpressoide_10.1.1_606/ide/tools/bin/../lib/gcc/arm-none-eabi/6.3.1/../../../../arm-none-eabi/lib/thumb/v7-m\libc_nano.a(lib_a-toupper.o)
                0x00007008                toupper
 .text.__ascii_wctomb
                0x00007022       0x1a c:/nxp/mcuxpressoide_10.1.1_606/ide/tools/bin/../lib/gcc/arm-none-eabi/6.3.1/../../../../arm-none-eabi/lib/thumb/v7-m\libc_nano.a(lib_a-wctomb_r.o)
                0x00007022                __ascii_wctomb
 .text.__malloc_lock
                0x0000703c        0x2 c:/nxp/mcuxpressoide_10.1.1_606/ide/tools/bin/../lib/gcc/arm-none-eabi/6.3.1/../../../../arm-none-eabi/lib/thumb/v7-m\libc_nano.a(lib_a-mlock.o)
                0x0000703c                __malloc_lock
 .text.__malloc_unlock
                0x0000703e        0x2 c:/nxp/mcuxpressoide_10.1.1_606/ide/tools/bin/../lib/gcc/arm-none-eabi/6.3.1/../../../../arm-none-eabi/lib/thumb/v7-m\libc_nano.a(lib_a-mlock.o)
                0x0000703e                __malloc_unlock
 .text.__ssputs_r
                0x00007040       0xb6 c:/nxp/mcuxpressoide_10.1.1_606/ide/tools/bin/../lib/gcc/arm-none-eabi/6.3.1/../../../../arm-none-eabi/lib/thumb/v7-m\libc_nano.a(lib_a-nano-svfprintf.o)
                0x00007040                __ssputs_r
 *fill*         0x000070f6        0x2 ff
 .text._svfprintf_r
                0x000070f8      0x1e8 c:/nxp/mcuxpressoide_10.1.1_606/ide/tools/bin/../lib/gcc/arm-none-eabi/6.3.1/../../../../arm-none-eabi/lib/thumb/v7-m\libc_nano.a(lib_a-nano-svfprintf.o)
                0x000070f8                _svfiprintf_r
                0x000070f8                _svfprintf_r
 .text._printf_common
                0x000072e0       0xee c:/nxp/mcuxpressoide_10.1.1_606/ide/tools/bin/../lib/gcc/arm-none-eabi/6.3.1/../../../../arm-none-eabi/lib/thumb/v7-m\libc_nano.a(lib_a-nano-vfprintf_i.o)
                0x000072e0                _printf_common
 *fill*         0x000073ce        0x2 ff
 .text._printf_i
                0x000073d0      0x240 c:/nxp/mcuxpressoide_10.1.1_606/ide/tools/bin/../lib/gcc/arm-none-eabi/6.3.1/../../../../arm-none-eabi/lib/thumb/v7-m\libc_nano.a(lib_a-nano-vfprintf_i.o)
                0x000073d0                _printf_i
 .text.memchr   0x00007610       0x1c c:/nxp/mcuxpressoide_10.1.1_606/ide/tools/bin/../lib/gcc/arm-none-eabi/6.3.1/../../../../arm-none-eabi/lib/thumb/v7-m\libc_nano.a(lib_a-memchr-stub.o)
                0x00007610                memchr
 .text._realloc_r
                0x0000762c       0x4c c:/nxp/mcuxpressoide_10.1.1_606/ide/tools/bin/../lib/gcc/arm-none-eabi/6.3.1/../../../../arm-none-eabi/lib/thumb/v7-m\libc_nano.a(lib_a-nano-reallocr.o)
                0x0000762c                _realloc_r
 .text._malloc_usable_size_r
                0x00007678       0x12 c:/nxp/mcuxpressoide_10.1.1_606/ide/tools/bin/../lib/gcc/arm-none-eabi/6.3.1/../../../../arm-none-eabi/lib/thumb/v7-m\libc_nano.a(lib_a-nano-msizer.o)
                0x00007678                _malloc_usable_size_r
 .text.__cxa_end_cleanup
                0x0000768a        0xc c:/nxp/mcuxpressoide_10.1.1_606/ide/tools/bin/../lib/gcc/arm-none-eabi/6.3.1/../../../../arm-none-eabi/lib/thumb/v7-m\libstdc++_nano.a(eh_arm.o)
                0x0000768a                __cxa_end_cleanup
 .text._ZN10__cxxabiv1L24__is_gxx_exception_classEPc
                0x00007696       0x3a c:/nxp/mcuxpressoide_10.1.1_606/ide/tools/bin/../lib/gcc/arm-none-eabi/6.3.1/../../../../arm-none-eabi/lib/thumb/v7-m\libstdc++_nano.a(eh_arm.o)
 .text.__cxa_type_match
                0x000076d0       0xbc c:/nxp/mcuxpressoide_10.1.1_606/ide/tools/bin/../lib/gcc/arm-none-eabi/6.3.1/../../../../arm-none-eabi/lib/thumb/v7-m\libstdc++_nano.a(eh_arm.o)
                0x000076d0                __cxa_type_match
 .text.__cxa_begin_cleanup
                0x0000778c       0x3a c:/nxp/mcuxpressoide_10.1.1_606/ide/tools/bin/../lib/gcc/arm-none-eabi/6.3.1/../../../../arm-none-eabi/lib/thumb/v7-m\libstdc++_nano.a(eh_arm.o)
                0x0000778c                __cxa_begin_cleanup
 .text.__gnu_end_cleanup
                0x000077c6       0x32 c:/nxp/mcuxpressoide_10.1.1_606/ide/tools/bin/../lib/gcc/arm-none-eabi/6.3.1/../../../../arm-none-eabi/lib/thumb/v7-m\libstdc++_nano.a(eh_arm.o)
                0x000077c6                __gnu_end_cleanup
 .text.__cxa_get_globals
                0x000077f8        0x8 c:/nxp/mcuxpressoide_10.1.1_606/ide/tools/bin/../lib/gcc/arm-none-eabi/6.3.1/../../../../arm-none-eabi/lib/thumb/v7-m\libstdc++_nano.a(eh_globals.o)
                0x000077f8                __cxa_get_globals
 .text._ZN10__cxxabiv120__si_class_type_infoD2Ev
                0x00007800       0x14 c:/nxp/mcuxpressoide_10.1.1_606/ide/tools/bin/../lib/gcc/arm-none-eabi/6.3.1/../../../../arm-none-eabi/lib/thumb/v7-m\libstdc++_nano.a(si_class_type_info.o)
                0x00007800                __cxxabiv1::__si_class_type_info::~__si_class_type_info()
                0x00007800                __cxxabiv1::__si_class_type_info::~__si_class_type_info()
 .text._ZN10__cxxabiv120__si_class_type_infoD0Ev
                0x00007814       0x14 c:/nxp/mcuxpressoide_10.1.1_606/ide/tools/bin/../lib/gcc/arm-none-eabi/6.3.1/../../../../arm-none-eabi/lib/thumb/v7-m\libstdc++_nano.a(si_class_type_info.o)
                0x00007814                __cxxabiv1::__si_class_type_info::~__si_class_type_info()
 .text._ZNK10__cxxabiv120__si_class_type_info20__do_find_public_srcEiPKvPKNS_17__class_type_infoES2_
                0x00007828       0x38 c:/nxp/mcuxpressoide_10.1.1_606/ide/tools/bin/../lib/gcc/arm-none-eabi/6.3.1/../../../../arm-none-eabi/lib/thumb/v7-m\libstdc++_nano.a(si_class_type_info.o)
                0x00007828                __cxxabiv1::__si_class_type_info::__do_find_public_src(int, void const*, __cxxabiv1::__class_type_info const*, void const*) const
 .text._ZNK10__cxxabiv120__si_class_type_info12__do_dyncastEiNS_17__class_type_info10__sub_kindEPKS1_PKvS4_S6_RNS1_16__dyncast_resultE
                0x00007860       0x7c c:/nxp/mcuxpressoide_10.1.1_606/ide/tools/bin/../lib/gcc/arm-none-eabi/6.3.1/../../../../arm-none-eabi/lib/thumb/v7-m\libstdc++_nano.a(si_class_type_info.o)
                0x00007860                __cxxabiv1::__si_class_type_info::__do_dyncast(int, __cxxabiv1::__class_type_info::__sub_kind, __cxxabiv1::__class_type_info const*, void const*, __cxxabiv1::__class_type_info const*, void const*, __cxxabiv1::__class_type_info::__dyncast_result&) const
 .text._ZNK10__cxxabiv120__si_class_type_info11__do_upcastEPKNS_17__class_type_infoEPKvRNS1_15__upcast_resultE
                0x000078dc       0x2a c:/nxp/mcuxpressoide_10.1.1_606/ide/tools/bin/../lib/gcc/arm-none-eabi/6.3.1/../../../../arm-none-eabi/lib/thumb/v7-m\libstdc++_nano.a(si_class_type_info.o)
                0x000078dc                __cxxabiv1::__si_class_type_info::__do_upcast(__cxxabiv1::__class_type_info const*, void const*, __cxxabiv1::__class_type_info::__upcast_result&) const
 .text._ZdlPvj  0x00007906        0x4 c:/nxp/mcuxpressoide_10.1.1_606/ide/tools/bin/../lib/gcc/arm-none-eabi/6.3.1/../../../../arm-none-eabi/lib/thumb/v7-m\libstdc++_nano.a(del_ops.o)
                0x00007906                operator delete(void*, unsigned int)
 .text.__cxa_guard_acquire
                0x0000790a       0x18 c:/nxp/mcuxpressoide_10.1.1_606/ide/tools/bin/../lib/gcc/arm-none-eabi/6.3.1/../../../../arm-none-eabi/lib/thumb/v7-m\libstdc++_nano.a(guard.o)
                0x0000790a                __cxa_guard_acquire
 .text.__cxa_guard_abort
                0x00007922        0x6 c:/nxp/mcuxpressoide_10.1.1_606/ide/tools/bin/../lib/gcc/arm-none-eabi/6.3.1/../../../../arm-none-eabi/lib/thumb/v7-m\libstdc++_nano.a(guard.o)
                0x00007922                __cxa_guard_abort
 .text.__cxa_guard_release
                0x00007928        0x6 c:/nxp/mcuxpressoide_10.1.1_606/ide/tools/bin/../lib/gcc/arm-none-eabi/6.3.1/../../../../arm-none-eabi/lib/thumb/v7-m\libstdc++_nano.a(guard.o)