Archive member included to satisfy reference by file (symbol)

c:/nxp/mcuxpressoide_10.1.1_606/ide/tools/bin/../lib/gcc/arm-none-eabi/6.3.1/thumb/v7-m\libgcc.a(_lshrdi3.o)
                              ./src/adapter/adapterconfig.o (__aeabi_llsr)
c:/nxp/mcuxpressoide_10.1.1_606/ide/tools/bin/../lib/gcc/arm-none-eabi/6.3.1/thumb/v7-m\libgcc.a(_ashldi3.o)
                              ./src/adapter/adapterconfig.o (__aeabi_llsl)
c:/nxp/mcuxpressoide_10.1.1_606/ide/tools/bin/../lib/gcc/arm-none-eabi/6.3.1/thumb/v7-m\libgcc.a(unwind-arm.o)
                              ./src/util/lstring.o (__aeabi_unwind_cpp_pr0)
c:/nxp/mcuxpressoide_10.1.1_606/ide/tools/bin/../lib/gcc/arm-none-eabi/6.3.1/thumb/v7-m\libgcc.a(libunwind.o)
                              c:/nxp/mcuxpressoide_10.1.1_606/ide/tools/bin/../lib/gcc/arm-none-eabi/6.3.1/thumb/v7-m\libgcc.a(unwind-arm.o) (restore_core_regs)
c:/nxp/mcuxpressoide_10.1.1_606/ide/tools/bin/../lib/gcc/arm-none-eabi/6.3.1/thumb/v7-m\libgcc.a(pr-support.o)
                              c:/nxp/mcuxpressoide_10.1.1_606/ide/tools/bin/../lib/gcc/arm-none-eabi/6.3.1/thumb/v7-m\libgcc.a(unwind-arm.o) (__gnu_unwind_execute)
c:/nxp/mcuxpressoide_10.1.1_606/ide/tools/bin/../lib/gcc/arm-none-eabi/6.3.1/../../../../arm-none-eabi/lib/thumb/v7-m\libc_nano.a(lib_a-abort.o)
                              c:/nxp/mcuxpressoide_10.1.1_606/ide/tools/bin/../lib/gcc/arm-none-eabi/6.3.1/thumb/v7-m\libgcc.a(unwind-arm.o) (abort)
c:/nxp/mcuxpressoide_10.1.1_606/ide/tools/bin/../lib/gcc/arm-none-eabi/6.3.1/../../../../arm-none-eabi/lib/thumb/v7-m\libc_nano.a(lib_a-init.o)
                              ./src/cr_startup_lpc15xx.o (__libc_init_array)
c:/nxp/mcuxpressoide_10.1.1_606/ide/tools/bin/../lib/gcc/arm-none-eabi/6.3.1/../../../../arm-none-eabi/lib/thumb/v7-m\libc_nano.a(lib_a-isprint.o)
                              ./src/adapter/adapter.o (isprint)
c:/nxp/mcuxpressoide_10.1.1_606/ide/tools/bin/../lib/gcc/arm-none-eabi/6.3.1/../../../../arm-none-eabi/lib/thumb/v7-m\libc_nano.a(lib_a-isxdigit.o)
                              ./src/util/algorithms.o (isxdigit)
c:/nxp/mcuxpressoide_10.1.1_606/ide/tools/bin/../lib/gcc/arm-none-eabi/6.3.1/../../../../arm-none-eabi/lib/thumb/v7-m\libc_nano.a(lib_a-locale.o)
                              c:/nxp/mcuxpressoide_10.1.1_606/ide/tools/bin/../lib/gcc/arm-none-eabi/6.3.1/../../../../arm-none-eabi/lib/thumb/v7-m\libc_nano.a(lib_a-isprint.o) (__locale_ctype_ptr)
c:/nxp/mcuxpressoide_10.1.1_606/ide/tools/bin/../lib/gcc/arm-none-eabi/6.3.1/../../../../arm-none-eabi/lib/thumb/v7-m\libc_nano.a(lib_a-malloc.o)
                              ./src/cr_cpp_config.o (malloc)
c:/nxp/mcuxpressoide_10.1.1_606/ide/tools/bin/../lib/gcc/arm-none-eabi/6.3.1/../../../../arm-none-eabi/lib/thumb/v7-m\libc_nano.a(lib_a-mbtowc_r.o)
                              c:/nxp/mcuxpressoide_10.1.1_606/ide/tools/bin/../lib/gcc/arm-none-eabi/6.3.1/../../../../arm-none-eabi/lib/thumb/v7-m\libc_nano.a(lib_a-locale.o) (__ascii_mbtowc)
c:/nxp/mcuxpressoide_10.1.1_606/ide/tools/bin/../lib/gcc/arm-none-eabi/6.3.1/../../../../arm-none-eabi/lib/thumb/v7-m\libc_nano.a(lib_a-memcpy-stub.o)
                              ./src/util/lstring.o (memcpy)
c:/nxp/mcuxpressoide_10.1.1_606/ide/tools/bin/../lib/gcc/arm-none-eabi/6.3.1/../../../../arm-none-eabi/lib/thumb/v7-m\libc_nano.a(lib_a-memmove.o)
                              ./src/adapter/ecumsg.o (memmove)
c:/nxp/mcuxpressoide_10.1.1_606/ide/tools/bin/../lib/gcc/arm-none-eabi/6.3.1/../../../../arm-none-eabi/lib/thumb/v7-m\libc_nano.a(lib_a-memset.o)
                              ./src/util/canmsgbuffer.o (memset)
c:/nxp/mcuxpressoide_10.1.1_606/ide/tools/bin/../lib/gcc/arm-none-eabi/6.3.1/../../../../arm-none-eabi/lib/thumb/v7-m\libc_nano.a(lib_a-nano-freer.o)
                              c:/nxp/mcuxpressoide_10.1.1_606/ide/tools/bin/../lib/gcc/arm-none-eabi/6.3.1/../../../../arm-none-eabi/lib/thumb/v7-m\libc_nano.a(lib_a-malloc.o) (_free_r)
c:/nxp/mcuxpressoide_10.1.1_606/ide/tools/bin/../lib/gcc/arm-none-eabi/6.3.1/../../../../arm-none-eabi/lib/thumb/v7-m\libc_nano.a(lib_a-nano-mallocr.o)
                              c:/nxp/mcuxpressoide_10.1.1_606/ide/tools/bin/../lib/gcc/arm-none-eabi/6.3.1/../../../../arm-none-eabi/lib/thumb/v7-m\libc_nano.a(lib_a-malloc.o) (_malloc_r)
c:/nxp/mcuxpressoide_10.1.1_606/ide/tools/bin/../lib/gcc/arm-none-eabi/6.3.1/../../../../arm-none-eabi/lib/thumb/v7-m\libc_nano.a(lib_a-sbrkr.o)
                              c:/nxp/mcuxpressoide_10.1.1_606/ide/tools/bin/../lib/gcc/arm-none-eabi/6.3.1/../../../../arm-none-eabi/lib/thumb/v7-m\libc_nano.a(lib_a-nano-mallocr.o) (_sbrk_r)
c:/nxp/mcuxpressoide_10.1.1_606/ide/tools/bin/../lib/gcc/arm-none-eabi/6.3.1/../../../../arm-none-eabi/lib/thumb/v7-m\libc_nano.a(lib_a-signal.o)
                              c:/nxp/mcuxpressoide_10.1.1_606/ide/tools/bin/../lib/gcc/arm-none-eabi/6.3.1/../../../../arm-none-eabi/lib/thumb/v7-m\libc_nano.a(lib_a-abort.o) (raise)
[...]
Memory Configuration

Name             Origin             Length             Attributes
MFlash64         0x00000000         0x00010000         xr
Ram0_12          0x02000000         0x00003000         xrw
*default*        0x00000000         0xffffffff

Linker script and memory map

LOAD ./src/util/algorithms.o
LOAD ./src/util/canmsgbuffer.o
LOAD ./src/util/lstring.o
LOAD ./src/drv/lpc15xx/AdcLPC15xx.o
LOAD ./src/drv/lpc15xx/CanDriverLPC15xx.o
LOAD ./src/drv/lpc15xx/CmdUartLPC15xx.o
LOAD ./src/drv/lpc15xx/EcuUartLPC15xx.o
LOAD ./src/drv/lpc15xx/GpioDrvLPC15xx.o
LOAD ./src/drv/lpc15xx/PwmDriverLPC15xx.o
LOAD ./src/drv/lpc15xx/SysutilityLPC15xx.o
LOAD ./src/drv/lpc15xx/TimerLPC15xx.o
LOAD ./src/drv/lpc15xx/led.o
LOAD ./src/adapter/obd/autoadapter.o
LOAD ./src/adapter/obd/canhistory.o
LOAD ./src/adapter/obd/isocan.o
LOAD ./src/adapter/obd/isocan11.o
LOAD ./src/adapter/obd/isocan29.o
LOAD ./src/adapter/obd/isoserial.o
LOAD ./src/adapter/obd/j1939.o
LOAD ./src/adapter/obd/j1939connmgr.o
LOAD ./src/adapter/obd/obdprofile.o
LOAD ./src/adapter/obd/padapter.o
LOAD ./src/adapter/obd/pwm.o
LOAD ./src/adapter/obd/vpw.o
LOAD ./src/adapter/adapter.o
LOAD ./src/adapter/adapterconfig.o
LOAD ./src/adapter/dispatcher.o
LOAD ./src/adapter/ecumsg.o
LOAD ./src/adapter/functions.o
LOAD ./src/adapter/timeoutmgr.o
LOAD ./src/cr_cpp_config.o
LOAD ./src/cr_startup_lpc15xx.o
LOAD ./src/system_LPC15xx.o
START GROUP
LOAD c:/nxp/mcuxpressoide_10.1.1_606/ide/tools/bin/../lib/gcc/arm-none-eabi/6.3.1/thumb/v7-m\libgcc.a
LOAD c:/nxp/mcuxpressoide_10.1.1_606/ide/tools/bin/../lib/gcc/arm-none-eabi/6.3.1/../../../../arm-none-eabi/lib/thumb/v7-m\libc_nano.a
LOAD c:/nxp/mcuxpressoide_10.1.1_606/ide/tools/bin/../lib/gcc/arm-none-eabi/6.3.1/../../../../arm-none-eabi/lib/thumb/v7-m\libstdc++_nano.a
LOAD c:/nxp/mcuxpressoide_10.1.1_606/ide/tools/bin/../lib/gcc/arm-none-eabi/6.3.1/../../../../arm-none-eabi/lib/thumb/v7-m\libm.a
LOAD c:/nxp/mcuxpressoide_10.1.1_606/ide/tools/bin/../lib/gcc/arm-none-eabi/6.3.1/../../../../arm-none-eabi/lib/thumb/v7-m\libcr_newlib_nohost.a
LOAD c:/nxp/mcuxpressoide_10.1.1_606/ide/tools/bin/../lib/gcc/arm-none-eabi/6.3.1/thumb/v7-m\crti.o
LOAD c:/nxp/mcuxpressoide_10.1.1_606/ide/tools/bin/../lib/gcc/arm-none-eabi/6.3.1/thumb/v7-m\crtn.o
LOAD c:/nxp/mcuxpressoide_10.1.1_606/ide/tools/bin/../lib/gcc/arm-none-eabi/6.3.1/thumb/v7-m\crtbegin.o
LOAD c:/nxp/mcuxpressoide_10.1.1_606/ide/tools/bin/../lib/gcc/arm-none-eabi/6.3.1/thumb/v7-m\crtend.o
END GROUP
                0x00000000                __base_MFlash64 = 0x0
                0x00000000                __base_Flash = 0x0
                0x00010000                __top_MFlash64 = 0x10000
                0x00010000                __top_Flash = 0x10000
                0x02000000                __base_Ram0_12 = 0x2000000
                0x02000000                __base_RAM = 0x2000000
                0x02003000                __top_Ram0_12 = 0x2003000
                0x02003000                __top_RAM = 0x2003000

.text           0x00000000     0x9260
 FILL mask 0xff
                0x00000000                __vectors_start__ = ABSOLUTE (.)
 *(.isr_vector)
 .isr_vector    0x00000000       0xfc ./src/cr_startup_lpc15xx.o
                0x00000000                g_pfnVectors
                0x000000fc                . = ALIGN (0x4)
                0x000000fc                __section_table_start = .
                0x000000fc                __data_section_table = .
                0x000000fc        0x4 LONG 0xa5c0 LOADADDR (.data)
                0x00000100        0x4 LONG 0x2000000 ADDR (.data)
                0x00000104        0x4 LONG 0x1e0 SIZEOF (.data)
                0x00000108                __data_section_table_end = .
                0x00000108                __bss_section_table = .
                0x00000108        0x4 LONG 0x20001e0 ADDR (.bss)
                0x0000010c        0x4 LONG 0x9d4 SIZEOF (.bss)
                0x00000110                __bss_section_table_end = .
                0x00000110                __section_table_end = .
 *(.after_vectors*)
 .after_vectors
                0x00000110       0x90 ./src/cr_startup_lpc15xx.o
                0x00000110                NMI_Handler
                0x00000112                HardFault_Handler
                0x00000114                MemManage_Handler
                0x00000116                BusFault_Handler
                0x00000118                UsageFault_Handler
                0x0000011a                SVC_Handler
                0x0000011c                DebugMon_Handler
                0x0000011e                PendSV_Handler
                0x00000120                SysTick_Handler
                0x00000122                RTC_WAKE_IRQHandler
                0x00000122                UART1_IRQHandler
                0x00000122                SCT2_IRQHandler
                0x00000122                SPI1_IRQHandler
                0x00000122                PIN_INT6_IRQHandler
                0x00000122                IntDefaultHandler
                0x00000122                PIN_INT4_IRQHandler
                0x00000122                RTC_ALARM_IRQHandler
                0x00000122                ADC1B_IRQHandler
                0x00000122                ADC1_OVR_IRQHandler
                0x00000122                USBWakeup_IRQHandler
                0x00000122                UART2_IRQHandler
                0x00000122                PIN_INT5_IRQHandler
                0x00000122                SCT1_IRQHandler
                0x00000122                PIN_INT2_IRQHandler
                0x00000122                USB_FIQHandler
                0x00000122                ADC1_THCMP_IRQHandler
                0x00000122                PIN_INT7_IRQHandler
                0x00000122                ADC0_THCMP_IRQHandler
                0x00000122                PIN_INT1_IRQHandler
                0x00000122                USB_IRQHandler
                0x00000122                BOD_IRQHandler
                0x00000122                ADC0B_IRQHandler
                0x00000122                ACMP0_IRQHandler
                0x00000122                ADC0_OVR_IRQHandler
                0x00000122                GINT1_IRQHandler
                0x00000122                WDT_IRQHandler
                0x00000122                I2C0_IRQHandler
                0x00000122                PIN_INT0_IRQHandler
                0x00000122                QEI_IRQHandler
                0x00000122                ACMP3_IRQHandler
                0x00000122                GINT0_IRQHandler
                0x00000122                DAC_IRQHandler
                0x00000122                SPI0_IRQHandler
                0x00000122                EEPROM_IRQHandler
                0x00000122                ACMP2_IRQHandler
                0x00000122                FMC_IRQHandler
                0x00000122                ADC1A_IRQHandler
                0x00000122                DMA_IRQHandler
                0x00000122                PIN_INT3_IRQHandler
                0x00000122                ACMP1_IRQHandler
                0x00000122                SCT3_IRQHandler
                0x00000122                ADC0A_IRQHandler
                0x00000124                data_init(unsigned int, unsigned int, unsigned int)
                0x0000013a                bss_init(unsigned int, unsigned int)
                0x0000014e                ResetISR
 *(.text*)
 .text._ZN4util8to_upperERNS_6stringE
                0x000001a0       0x1c ./src/util/algorithms.o
                0x000001a0                util::to_upper(util::string&)
 .text._ZN4util10is_xdigitsERKNS_6stringE
                0x000001bc       0x1e ./src/util/algorithms.o
                0x000001bc                util::is_xdigits(util::string const&)
 .text._ZN4util12remove_spaceERNS_6stringE
                0x000001da       0x22 ./src/util/algorithms.o
                0x000001da                util::remove_space(util::string&)
 .text._ZN4util5stoulERKNS_6stringEPmi
                0x000001fc        0xe ./src/util/algorithms.o
                0x000001fc                util::stoul(util::string const&, unsigned long*, int)
 *fill*         0x0000020a        0x2 ff
 .text._ZN4util8to_asciiEh
                0x0000020c       0x34 ./src/util/algorithms.o
                0x0000020c                util::to_ascii(unsigned char)
 .text._ZN12CanMsgBufferC2Ev
                0x00000240       0x1a ./src/util/canmsgbuffer.o
                0x00000240                CanMsgBuffer::CanMsgBuffer()
                0x00000240                CanMsgBuffer::CanMsgBuffer()
 .text._ZN12CanMsgBufferC2Embhhhhhhhhh
                0x0000025a       0x3a ./src/util/canmsgbuffer.o
                0x0000025a                CanMsgBuffer::CanMsgBuffer(unsigned long, bool, unsigned char, unsigned char, unsigned char, unsigned char, unsigned char, unsigned char, unsigned char, unsigned char, unsigned char)
                0x0000025a                CanMsgBuffer::CanMsgBuffer(unsigned long, bool, unsigned char, unsigned char, unsigned char, unsigned char, unsigned char, unsigned char, unsigned char, unsigned char, unsigned char)
 .text._ZN4util6string4initEm
                0x00000294       0x28 ./src/util/lstring.o
                0x00000294                util::string::init(unsigned long)
 .text._ZN4util6stringC2Em
                0x000002bc       0x14 ./src/util/lstring.o
                0x000002bc                util::string::string(unsigned long)
                0x000002bc                util::string::string(unsigned long)
 .text._ZN4util6stringC2EPKc
                0x000002d0       0x22 ./src/util/lstring.o
                0x000002d0                util::string::string(char const*)
                0x000002d0                util::string::string(char const*)
 .text._ZN4util6stringC2ERKS0_
                0x000002f2       0x1a ./src/util/lstring.o
                0x000002f2                util::string::string(util::string const&)
                0x000002f2                util::string::string(util::string const&)
 .text._ZN4util6stringD2Ev
                0x0000030c       0x20 ./src/util/lstring.o
                0x0000030c                util::string::~string()
                0x0000030c                util::string::~string()
 .text._ZN4util6string6resizeEm
                0x0000032c       0x10 ./src/util/lstring.o
                0x0000032c                util::string::resize(unsigned long)
 .text._ZN4util6string7reserveEm
                0x0000033c       0x2a ./src/util/lstring.o
                0x0000033c                util::string::reserve(unsigned long)
 .text._ZN4util6string6resizeEmc
                0x00000366       0x34 ./src/util/lstring.o
                0x00000366                util::string::resize(unsigned long, char)
 .text._ZN4util6string6appendEPKc
                0x0000039a       0x30 ./src/util/lstring.o
                0x0000039a                util::string::append(char const*)
 .text._ZN4util6string6appendEPKcm
                0x000003ca       0x32 ./src/util/lstring.o
                0x000003ca                util::string::append(char const*, unsigned long)
 .text._ZN4util6stringpLERKS0_
                0x000003fc        0x8 ./src/util/lstring.o
                0x000003fc                util::string::operator+=(util::string const&)
 .text._ZN4util6stringpLEPKc
                0x00000404        0x4 ./src/util/lstring.o
                0x00000404                util::string::operator+=(char const*)
 .text._ZN4util6stringpLEc
                0x00000408       0x26 ./src/util/lstring.o
                0x00000408                util::string::operator+=(char)
 .text._ZNK4util6string6substrEmm
                0x0000042e       0x3a ./src/util/lstring.o
                0x0000042e                util::string::substr(unsigned long, unsigned long) const
 .text._ZN4util6stringaSERKS0_
                0x00000468       0x22 ./src/util/lstring.o
                0x00000468                util::string::operator=(util::string const&)
 .text._ZN4util6stringaSEPKc
                0x0000048a       0x24 ./src/util/lstring.o
                0x0000048a                util::string::operator=(char const*)
 .text._ZN4utileqERKNS_6stringEPKc
                0x000004ae       0x10 ./src/util/lstring.o
                0x000004ae                util::operator==(util::string const&, char const*)
 .text._ZN4utilneERKNS_6stringEPKc
                0x000004be       0x10 ./src/util/lstring.o
                0x000004be                util::operator!=(util::string const&, char const*)
 .text._ZN4utilplEPKcRKNS_6stringE
                0x000004ce       0x3a ./src/util/lstring.o
                0x000004ce                util::operator+(char const*, util::string const&)
 .text._ZN9AdcDriver9configureEv
                0x00000508       0xc4 ./src/drv/lpc15xx/AdcLPC15xx.o
                0x00000508                AdcDriver::configure()
 .text._ZN9AdcDriver4readEv
                0x000005cc       0x40 ./src/drv/lpc15xx/AdcLPC15xx.o
                0x000005cc                AdcDriver::read()
 .text.CAN_error
                0x0000060c        0x2 ./src/drv/lpc15xx/CanDriverLPC15xx.o
                0x0000060c                CAN_error
 *fill*         0x0000060e        0x2 ff
 .text._ZL11SetFIFOItemm
                0x00000610       0x1c ./src/drv/lpc15xx/CanDriverLPC15xx.o
 .text.CAN_rx   0x0000062c       0x20 ./src/drv/lpc15xx/CanDriverLPC15xx.o
                0x0000062c                CAN_rx
 .text.CAN_tx   0x0000064c       0x18 ./src/drv/lpc15xx/CanDriverLPC15xx.o
                0x0000064c                CAN_tx
 .text.C_CAN0_IRQHandler
                0x00000664       0x18 ./src/drv/lpc15xx/CanDriverLPC15xx.o
                0x00000664                C_CAN0_IRQHandler
 .text._ZN9CanDriver9configureEv
                0x0000067c       0x6c ./src/drv/lpc15xx/CanDriverLPC15xx.o
                0x0000067c                CanDriver::configure()
 .text._ZN9CanDriverC2Ev
                0x000006e8       0x20 ./src/drv/lpc15xx/CanDriverLPC15xx.o
                0x000006e8                CanDriver::CanDriver()
                0x000006e8                CanDriver::CanDriver()
 .text._ZN9CanDriver8instanceEv
                0x00000708       0x30 ./src/drv/lpc15xx/CanDriverLPC15xx.o
                0x00000708                CanDriver::instance()
 .text._ZN9CanDriver8setSpeedEi
                0x00000738       0x7c ./src/drv/lpc15xx/CanDriverLPC15xx.o
                0x00000738                CanDriver::setSpeed(int)
 .text._ZN9CanDriver4sendEPK12CanMsgBuffer
                0x000007b4       0x5c ./src/drv/lpc15xx/CanDriverLPC15xx.o
                0x000007b4                CanDriver::send(CanMsgBuffer const*)
 .text._ZN9CanDriver14configRxMsgobjEmmhbb
                0x00000810       0x48 ./src/drv/lpc15xx/CanDriverLPC15xx.o
                0x00000810                CanDriver::configRxMsgobj(unsigned long, unsigned long, unsigned char, bool, bool)
 .text._ZN9CanDriver16setFilterAndMaskEmmb
                0x00000858       0x42 ./src/drv/lpc15xx/CanDriverLPC15xx.o
                0x00000858                CanDriver::setFilterAndMask(unsigned long, unsigned long, bool)
 .text._ZN9CanDriver12clearFiltersEv
                0x0000089a        0xc ./src/drv/lpc15xx/CanDriverLPC15xx.o
                0x0000089a                CanDriver::clearFilters()
 *fill*         0x000008a6        0x2 ff
 .text._ZN9CanDriver9clearDataEv
                0x000008a8       0x3c ./src/drv/lpc15xx/CanDriverLPC15xx.o
                0x000008a8                CanDriver::clearData()
 .text._ZN9CanDriver16setFilterAndMaskEmmbi
                0x000008e4       0x20 ./src/drv/lpc15xx/CanDriverLPC15xx.o
                0x000008e4                CanDriver::setFilterAndMask(unsigned long, unsigned long, bool, int)
 .text._ZN9CanDriver4readEP12CanMsgBuffer
                0x00000904       0x94 ./src/drv/lpc15xx/CanDriverLPC15xx.o
                0x00000904                CanDriver::read(CanMsgBuffer*)
 .text._ZNK9CanDriver7isReadyEv
                0x00000998       0x10 ./src/drv/lpc15xx/CanDriverLPC15xx.o
                0x00000998                CanDriver::isReady() const
 .text._ZN9CanDriver10setBitBangEb
                0x000009a8       0x2c ./src/drv/lpc15xx/CanDriverLPC15xx.o
                0x000009a8                CanDriver::setBitBang(bool)
 .text._ZN9CanDriver6setBitEm
                0x000009d4        0xa ./src/drv/lpc15xx/CanDriverLPC15xx.o
                0x000009d4                CanDriver::setBit(unsigned long)
 .text._ZN9CanDriver6getBitEv
                0x000009de        0x8 ./src/drv/lpc15xx/CanDriverLPC15xx.o
                0x000009de                CanDriver::getBit()
 *fill*         0x000009e6        0x2 ff
 .text._ZN9CanDriver9setSilentEb
                0x000009e8       0x24 ./src/drv/lpc15xx/CanDriverLPC15xx.o
                0x000009e8                CanDriver::setSilent(bool)
 .text._ZN7CmdUartD2Ev
                0x00000a0c       0x10 ./src/drv/lpc15xx/CmdUartLPC15xx.o
                0x00000a0c                CmdUart::~CmdUart()
                0x00000a0c                CmdUart::~CmdUart()
 .text._ZN7CmdUartC2Ev
                0x00000a1c       0x2c ./src/drv/lpc15xx/CmdUartLPC15xx.o
                0x00000a1c                CmdUart::CmdUart()
                0x00000a1c                CmdUart::CmdUart()
 .text._ZN7CmdUart8instanceEv
                0x00000a48       0x48 ./src/drv/lpc15xx/CmdUartLPC15xx.o
                0x00000a48                CmdUart::instance()
 .text._ZN7CmdUart9configureEv
                0x00000a90       0x5c ./src/drv/lpc15xx/CmdUartLPC15xx.o
                0x00000a90                CmdUart::configure()
 .text._ZN7CmdUart4initEm
                0x00000aec       0x60 ./src/drv/lpc15xx/CmdUartLPC15xx.o
                0x00000aec                CmdUart::init(unsigned long)
 .text._ZN7CmdUart12txIrqHandlerEv
                0x00000b4c       0x2c ./src/drv/lpc15xx/CmdUartLPC15xx.o
                0x00000b4c                CmdUart::txIrqHandler()
 .text._ZN7CmdUart12rxIrqHandlerEv
                0x00000b78       0x34 ./src/drv/lpc15xx/CmdUartLPC15xx.o
                0x00000b78                CmdUart::rxIrqHandler()
 .text._ZN7CmdUart10irqHandlerEv
                0x00000bac       0x28 ./src/drv/lpc15xx/CmdUartLPC15xx.o
                0x00000bac                CmdUart::irqHandler()
 .text._ZN7CmdUart4sendEh
                0x00000bd4       0x10 ./src/drv/lpc15xx/CmdUartLPC15xx.o
                0x00000bd4                CmdUart::send(unsigned char)
 .text._ZN7CmdUart4sendERKN4util6stringE
                0x00000be4       0x28 ./src/drv/lpc15xx/CmdUartLPC15xx.o
                0x00000be4                CmdUart::send(util::string const&)
 .text._ZN7CmdUart7monitorEb
                0x00000c0c       0x16 ./src/drv/lpc15xx/CmdUartLPC15xx.o
                0x00000c0c                CmdUart::monitor(bool)
 .text.UART0_IRQHandler
                0x00000c22       0x16 ./src/drv/lpc15xx/CmdUartLPC15xx.o
                0x00000c22                UART0_IRQHandler
 .text._ZN7EcuUart10setBitBangEb.part.1
                0x00000c38       0x1c ./src/drv/lpc15xx/EcuUartLPC15xx.o
 .text._ZN7EcuUart8instanceEv
                0x00000c54       0x28 ./src/drv/lpc15xx/EcuUartLPC15xx.o
                0x00000c54                EcuUart::instance()
 .text._ZN7EcuUart4initEm
                0x00000c7c       0x54 ./src/drv/lpc15xx/EcuUartLPC15xx.o
                0x00000c7c                EcuUart::init(unsigned long)
 .text._ZN7EcuUart4sendEh
                0x00000cd0       0x10 ./src/drv/lpc15xx/EcuUartLPC15xx.o
                0x00000cd0                EcuUart::send(unsigned char)
 .text._ZN7EcuUart5readyEv
                0x00000ce0       0x10 ./src/drv/lpc15xx/EcuUartLPC15xx.o
                0x00000ce0                EcuUart::ready()
 .text._ZN7EcuUart3getEv
                0x00000cf0        0xc ./src/drv/lpc15xx/EcuUartLPC15xx.o
                0x00000cf0                EcuUart::get()
 .text._ZN7EcuUart7getEchoEh
                0x00000cfc       0x48 ./src/drv/lpc15xx/EcuUartLPC15xx.o
                0x00000cfc                EcuUart::getEcho(unsigned char)
 .text._ZN7EcuUart10setBitBangEb
                0x00000d44       0x1c ./src/drv/lpc15xx/EcuUartLPC15xx.o
                0x00000d44                EcuUart::setBitBang(bool)
 .text._ZN7EcuUart6setBitEm
                0x00000d60        0xa ./src/drv/lpc15xx/EcuUartLPC15xx.o
                0x00000d60                EcuUart::setBit(unsigned long)
 *fill*         0x00000d6a        0x2 ff
 .text._ZN7EcuUart9configureEv
                0x00000d6c       0x64 ./src/drv/lpc15xx/EcuUartLPC15xx.o
                0x00000d6c                EcuUart::configure()
 .text._ZN7EcuUart6getBitEv
                0x00000dd0        0x8 ./src/drv/lpc15xx/EcuUartLPC15xx.o
                0x00000dd0                EcuUart::getBit()
 .text._ZN7EcuUart5clearEv
                0x00000dd8        0xc ./src/drv/lpc15xx/EcuUartLPC15xx.o
                0x00000dd8                EcuUart::clear()
 .text._Z10GPIOSetDirmmm
                0x00000de4       0x28 ./src/drv/lpc15xx/GpioDrvLPC15xx.o
                0x00000de4                GPIOSetDir(unsigned long, unsigned long, unsigned long)
 .text._Z12GPIOPinWritemmm
                0x00000e0c       0x1c ./src/drv/lpc15xx/GpioDrvLPC15xx.o
                0x00000e0c                GPIOPinWrite(unsigned long, unsigned long, unsigned long)
 .text._Z11GPIOPinReadmm
                0x00000e28       0x14 ./src/drv/lpc15xx/GpioDrvLPC15xx.o
                0x00000e28                GPIOPinRead(unsigned long, unsigned long)
 .text._Z13GPIOPinConfigmmm
                0x00000e3c       0x10 ./src/drv/lpc15xx/GpioDrvLPC15xx.o
                0x00000e3c                GPIOPinConfig(unsigned long, unsigned long, unsigned long)
 .text._ZN9PwmDriver9configureEv
                0x00000e4c      0x144 ./src/drv/lpc15xx/PwmDriverLPC15xx.o
                0x00000e4c                PwmDriver::configure()
 .text._ZN9PwmDriver13setTimeoutPwmEm
                0x00000f90       0x18 ./src/drv/lpc15xx/PwmDriverLPC15xx.o
                0x00000f90                PwmDriver::setTimeoutPwm(unsigned long)
 .text._ZN9PwmDriver8instanceEv
                0x00000fa8       0x28 ./src/drv/lpc15xx/PwmDriverLPC15xx.o
                0x00000fa8                PwmDriver::instance()
 .text._ZN9PwmDriver4stopEv
                0x00000fd0       0x34 ./src/drv/lpc15xx/PwmDriverLPC15xx.o
                0x00000fd0                PwmDriver::stop()
 .text._ZN9PwmDriver8wait4SofEmP5Timer
                0x00001004       0x60 ./src/drv/lpc15xx/PwmDriverLPC15xx.o
                0x00001004                PwmDriver::wait4Sof(unsigned long, Timer*)
 .text._ZN9PwmDriver17wait4BusChangeVpwEv
                0x00001064       0x38 ./src/drv/lpc15xx/PwmDriverLPC15xx.o
                0x00001064                PwmDriver::wait4BusChangeVpw()
 .text._ZN9PwmDriver10wait4ReadyEmmP5Timer
                0x0000109c       0x70 ./src/drv/lpc15xx/PwmDriverLPC15xx.o
                0x0000109c                PwmDriver::wait4Ready(unsigned long, unsigned long, Timer*)
 .text._ZN9PwmDriver10sendSofVpwEm
                0x0000110c       0x44 ./src/drv/lpc15xx/PwmDriverLPC15xx.o
                0x0000110c                PwmDriver::sendSofVpw(unsigned long)
 .text._ZN9PwmDriver12sendPulseVpwEm
                0x00001150       0x1c ./src/drv/lpc15xx/PwmDriverLPC15xx.o
                0x00001150                PwmDriver::sendPulseVpw(unsigned long)
 .text._ZN9PwmDriver10sendEodVpwEv
                0x0000116c       0x12 ./src/drv/lpc15xx/PwmDriverLPC15xx.o
                0x0000116c                PwmDriver::sendEodVpw()
 *fill*         0x0000117e        0x2 ff
 .text._ZN9PwmDriver16wait4BusPulsePwmEv
                0x00001180       0x54 ./src/drv/lpc15xx/PwmDriverLPC15xx.o
                0x00001180                PwmDriver::wait4BusPulsePwm()
 .text._ZN9PwmDriver12sendHalfBit1Em
                0x000011d4       0x60 ./src/drv/lpc15xx/PwmDriverLPC15xx.o
                0x000011d4                PwmDriver::sendHalfBit1(unsigned long)
 .text._ZN9PwmDriver12sendHalfBit2Em
                0x00001234       0x20 ./src/drv/lpc15xx/PwmDriverLPC15xx.o
                0x00001234                PwmDriver::sendHalfBit2(unsigned long)
 .text._ZN9PwmDriver12sendPulsePwmEmm
                0x00001254       0x16 ./src/drv/lpc15xx/PwmDriverLPC15xx.o
                0x00001254                PwmDriver::sendPulsePwm(unsigned long, unsigned long)
 .text._ZN9PwmDriver10sendEodPwmEv
                0x0000126a        0x4 ./src/drv/lpc15xx/PwmDriverLPC15xx.o
                0x0000126a                PwmDriver::sendEodPwm()
 *fill*         0x0000126e        0x2 ff
 .text.SCT0_IRQHandler
                0x00001270       0x80 ./src/drv/lpc15xx/PwmDriverLPC15xx.o
                0x00001270                SCT0_IRQHandler
 .text._ZN9PwmDriver6getBitEv
                0x000012f0       0x10 ./src/drv/lpc15xx/PwmDriverLPC15xx.o
                0x000012f0                PwmDriver::getBit()
 .text._ZN9PwmDriver6setBitEi
                0x00001300       0x28 ./src/drv/lpc15xx/PwmDriverLPC15xx.o
                0x00001300                PwmDriver::setBit(int)
 .text._ZN9PwmDriver4openEb
                0x00001328       0x2c ./src/drv/lpc15xx/PwmDriverLPC15xx.o
                0x00001328                PwmDriver::open(bool)
 .text._Z17AdptReadSerialNumv
                0x00001354       0x94 ./src/drv/lpc15xx/SysutilityLPC15xx.o
                0x00001354                AdptReadSerialNum()
 .text._Z22AdptPowerModeConfigurev
                0x000013e8       0x14 ./src/drv/lpc15xx/SysutilityLPC15xx.o
                0x000013e8                AdptPowerModeConfigure()
 .text._ZN5Timer5startEm
                0x000013fc       0x1c ./src/drv/lpc15xx/TimerLPC15xx.o
                0x000013fc                Timer::start(unsigned long)
 .text._ZNK5Timer9isExpiredEv
                0x00001418        0xe ./src/drv/lpc15xx/TimerLPC15xx.o
                0x00001418                Timer::isExpired() const
 *fill*         0x00001426        0x2 ff
 .text._ZNK5Timer5valueEv
                0x00001428       0x1c ./src/drv/lpc15xx/TimerLPC15xx.o
                0x00001428                Timer::value() const
 .text._ZN5Timer8instanceEi
                0x00001444       0x74 ./src/drv/lpc15xx/TimerLPC15xx.o
                0x00001444                Timer::instance(int)
 .text.RIT_IRQHandler
                0x000014b8       0x10 ./src/drv/lpc15xx/TimerLPC15xx.o
                0x000014b8                RIT_IRQHandler
 .text._ZN9LongTimerC2Ev
                0x000014c8       0x1c ./src/drv/lpc15xx/TimerLPC15xx.o
                0x000014c8                LongTimer::LongTimer()
                0x000014c8                LongTimer::LongTimer()
 .text._ZN9LongTimer5startEm
                0x000014e4       0x24 ./src/drv/lpc15xx/TimerLPC15xx.o
                0x000014e4                LongTimer::start(unsigned long)
 .text._ZNK9LongTimer9isExpiredEv
                0x00001508       0x14 ./src/drv/lpc15xx/TimerLPC15xx.o
                0x00001508                LongTimer::isExpired() const
 .text._ZN9LongTimer8instanceEv
                0x0000151c       0x30 ./src/drv/lpc15xx/TimerLPC15xx.o
                0x0000151c                LongTimer::instance()
 .text.MRT_IRQHandler
                0x0000154c       0x28 ./src/drv/lpc15xx/TimerLPC15xx.o
                0x0000154c                MRT_IRQHandler
 .text._ZN13PeriodicTimerC2EPFvvE
                0x00001574       0x20 ./src/drv/lpc15xx/TimerLPC15xx.o
                0x00001574                PeriodicTimer::PeriodicTimer(void (*)())
                0x00001574                PeriodicTimer::PeriodicTimer(void (*)())
 .text._ZN13PeriodicTimer5startEm
                0x00001594       0x24 ./src/drv/lpc15xx/TimerLPC15xx.o
                0x00001594                PeriodicTimer::start(unsigned long)
 .text.startup._GLOBAL__sub_I__ZN5TimerC2Ei
                0x000015b8       0x1c ./src/drv/lpc15xx/TimerLPC15xx.o
 .text._ZN7AdptLED13TimerCallbackEv
                0x000015d4       0x40 ./src/drv/lpc15xx/led.o
                0x000015d4                AdptLED::TimerCallback()
 .text._ZN7AdptLED9configureEv
                0x00001614       0x58 ./src/drv/lpc15xx/led.o
                0x00001614                AdptLED::configure()
 .text._ZN7AdptLEDC2Ev
                0x0000166c       0x28 ./src/drv/lpc15xx/led.o
                0x0000166c                AdptLED::AdptLED()
                0x0000166c                AdptLED::AdptLED()
 .text._ZN7AdptLED8instanceEv
                0x00001694       0x38 ./src/drv/lpc15xx/led.o
                0x00001694                AdptLED::instance()
 .text._ZN7AdptLED10startTimerEv
                0x000016cc        0x8 ./src/drv/lpc15xx/led.o
                0x000016cc                AdptLED::startTimer()
 .text._ZN7AdptLED7blinkTxEv
                0x000016d4       0x14 ./src/drv/lpc15xx/led.o
                0x000016d4                AdptLED::blinkTx()
 .text._ZN7AdptLED7blinkRxEv
                0x000016e8       0x14 ./src/drv/lpc15xx/led.o
                0x000016e8                AdptLED::blinkRx()
 .text._ZN15ProtocolAdapter11setProtocolEi
                0x000016fc        0x6 ./src/adapter/obd/autoadapter.o
                0x000016fc                ProtocolAdapter::setProtocol(int)
 .text._ZN15ProtocolAdapter13closeProtocolEv
                0x00001702        0x6 ./src/adapter/obd/autoadapter.o
                0x00001702                ProtocolAdapter::closeProtocol()
 .text._ZN15ProtocolAdapter4openEv
                0x00001708        0x6 ./src/adapter/obd/autoadapter.o
                0x00001708                ProtocolAdapter::open()
 .text._ZN15ProtocolAdapter5closeEv
                0x0000170e        0x2 ./src/adapter/obd/autoadapter.o
                0x0000170e                ProtocolAdapter::close()
 .text._ZN15ProtocolAdapter13sendHeartBeatEv
                0x00001710        0x2 ./src/adapter/obd/autoadapter.o
                0x00001710                ProtocolAdapter::sendHeartBeat()
 .text._ZN15ProtocolAdapter9kwDisplayEv
                0x00001712        0x2 ./src/adapter/obd/autoadapter.o
                0x00001712                ProtocolAdapter::kwDisplay()
 .text._ZN15ProtocolAdapter16setFilterAndMaskEv
                0x00001714        0x2 ./src/adapter/obd/autoadapter.o
                0x00001714                ProtocolAdapter::setFilterAndMask()
 .text._ZN15ProtocolAdapter7monitorEv
                0x00001716        0x2 ./src/adapter/obd/autoadapter.o
                0x00001716                ProtocolAdapter::monitor()
 .text._ZN15ProtocolAdapter7monitorEPKhmm
                0x00001718        0x2 ./src/adapter/obd/autoadapter.o
                0x00001718                ProtocolAdapter::monitor(unsigned char const*, unsigned long, unsigned long)
 .text._ZNK11AutoAdapter11getProtocolEv
                0x0000171a        0x4 ./src/adapter/obd/autoadapter.o
                0x0000171a                AutoAdapter::getProtocol() const
 .text._ZN11AutoAdapter11wiringCheckEv
                0x0000171e        0x2 ./src/adapter/obd/autoadapter.o
                0x0000171e                AutoAdapter::wiringCheck()
 .text._ZN11AutoAdapter9onRequestEPKhmm
                0x00001720        0x4 ./src/adapter/obd/autoadapter.o
                0x00001720                AutoAdapter::onRequest(unsigned char const*, unsigned long, unsigned long)
 .text._ZN11AutoAdapter14getDescriptionEv
                0x00001724       0x2c ./src/adapter/obd/autoadapter.o
                0x00001724                AutoAdapter::getDescription()
 .text._ZN11AutoAdapter17getDescriptionNumEv
                0x00001750       0x40 ./src/adapter/obd/autoadapter.o
                0x00001750                AutoAdapter::getDescriptionNum()
 .text._ZN11AutoAdapter9doConnectEib
                0x00001790       0x1e ./src/adapter/obd/autoadapter.o
                0x00001790                AutoAdapter::doConnect(int, bool)
 .text._ZN11AutoAdapter12onConnectEcuEb
                0x000017ae       0x4c ./src/adapter/obd/autoadapter.o
                0x000017ae                AutoAdapter::onConnectEcu(bool)
 *fill*         0x000017fa        0x2 ff
 .text._ZN10CanHistory17dumpCurrentBufferEv
                0x000017fc       0xfc ./src/adapter/obd/canhistory.o
                0x000017fc                CanHistory::dumpCurrentBuffer()
 .text._ZN10CanHistory10add2BufferEPK12CanMsgBufferbh
                0x000018f8       0x3e ./src/adapter/obd/canhistory.o
                0x000018f8                CanHistory::add2Buffer(CanMsgBuffer const*, bool, unsigned char)
 .text._ZN13IsoCanAdapter9setCanCAFEb
                0x00001936        0x2 ./src/adapter/obd/isocan.o
                0x00001936                IsoCanAdapter::setCanCAF(bool)
 .text._ZN13IsoCanAdapter10dumpBufferEv
                0x00001938        0x6 ./src/adapter/obd/isocan.o
                0x00001938                IsoCanAdapter::dumpBuffer()
 *fill*         0x0000193e        0x2 ff
 .text._ZN13IsoCanAdapter11wiringCheckEv
                0x00001940       0xa0 ./src/adapter/obd/isocan.o
                0x00001940                IsoCanAdapter::wiringCheck()
 .text._ZN13IsoCanAdapterC2Ev
                0x000019e0       0x64 ./src/adapter/obd/isocan.o
                0x000019e0                IsoCanAdapter::IsoCanAdapter()
                0x000019e0                IsoCanAdapter::IsoCanAdapter()
 .text._ZN13IsoCanAdapter14sendFrameToEcuEPKhhhm
                0x00001a44       0x4a ./src/adapter/obd/isocan.o
                0x00001a44                IsoCanAdapter::sendFrameToEcu(unsigned char const*, unsigned char, unsigned char, unsigned long)
 .text._ZN13IsoCanAdapter14sendFrameToEcuEPKhhh
                0x00001a8e       0x22 ./src/adapter/obd/isocan.o
                0x00001a8e                IsoCanAdapter::sendFrameToEcu(unsigned char const*, unsigned char, unsigned char)
 .text._ZN13IsoCanAdapter9sendToEcuEPKhi
                0x00001ab0       0x9e ./src/adapter/obd/isocan.o
                0x00001ab0                IsoCanAdapter::sendToEcu(unsigned char const*, int)
 .text._ZN13IsoCanAdapter21formatReplyWithHeaderEPK12CanMsgBufferRN4util6stringEi
                0x00001b4e       0x68 ./src/adapter/obd/isocan.o
                0x00001b4e                IsoCanAdapter::formatReplyWithHeader(CanMsgBuffer const*, util::string&, int)
 .text._ZN13IsoCanAdapter12processFrameEPK12CanMsgBuffer
                0x00001bb6       0x78 ./src/adapter/obd/isocan.o
                0x00001bb6                IsoCanAdapter::processFrame(CanMsgBuffer const*)
 *fill*         0x00001c2e        0x2 ff
 .text._ZN13IsoCanAdapter17processFirstFrameEPK12CanMsgBuffer
                0x00001c30       0xd4 ./src/adapter/obd/isocan.o
                0x00001c30                IsoCanAdapter::processFirstFrame(CanMsgBuffer const*)
 .text._ZN13IsoCanAdapter16processNextFrameEPK12CanMsgBufferi
                0x00001d04       0x90 ./src/adapter/obd/isocan.o
                0x00001d04                IsoCanAdapter::processNextFrame(CanMsgBuffer const*, int)
 .text._ZN13IsoCanAdapter20checkResponsePendingEPK12CanMsgBuffer
                0x00001d94       0x1a ./src/adapter/obd/isocan.o
                0x00001d94                IsoCanAdapter::checkResponsePending(CanMsgBuffer const*)
 .text._ZNK13IsoCanAdapter15getP2MaxTimeoutEv
                0x00001dae        0xe ./src/adapter/obd/isocan.o
                0x00001dae                IsoCanAdapter::getP2MaxTimeout() const
 .text._ZN13IsoCanAdapter14receiveFromEcuEbm
                0x00001dbc      0x10c ./src/adapter/obd/isocan.o
                0x00001dbc                IsoCanAdapter::receiveFromEcu(bool, unsigned long)
 .text._ZN13IsoCanAdapter9onRequestEPKhmm
                0x00001ec8       0x34 ./src/adapter/obd/isocan.o
                0x00001ec8                IsoCanAdapter::onRequest(unsigned char const*, unsigned long, unsigned long)
 .text._ZN13IsoCanAdapter12onConnectEcuEb
                0x00001efc       0x9a ./src/adapter/obd/isocan.o
                0x00001efc                IsoCanAdapter::onConnectEcu(bool)
 .text._ZNK15IsoCan11Adapter11getProtocolEv
                0x00001f96        0x4 ./src/adapter/obd/isocan11.o
                0x00001f96                IsoCan11Adapter::getProtocol() const
 *fill*         0x00001f9a        0x2 ff
 .text._ZN15IsoCan11Adapter14getDescriptionEv
                0x00001f9c       0x58 ./src/adapter/obd/isocan11.o
                0x00001f9c                IsoCan11Adapter::getDescription()
 .text._ZN15IsoCan11Adapter17getDescriptionNumEv
                0x00001ff4       0x58 ./src/adapter/obd/isocan11.o
                0x00001ff4                IsoCan11Adapter::getDescriptionNum()
 .text._ZN15IsoCan11Adapter4openEv
                0x0000204c       0x28 ./src/adapter/obd/isocan11.o
                0x0000204c                IsoCan11Adapter::open()
 .text._ZNK9ByteArray7asCanIdEv
                0x00002074       0x30 ./src/adapter/obd/isocan11.o
                0x00002074                ByteArray::asCanId() const
 .text._ZNK15IsoCan11Adapter5getIDEv
                0x000020a4       0x20 ./src/adapter/obd/isocan11.o
                0x000020a4                IsoCan11Adapter::getID() const
 .text._ZN15IsoCan11Adapter16setFilterAndMaskEv
                0x000020c4       0x4a ./src/adapter/obd/isocan11.o
                0x000020c4                IsoCan11Adapter::setFilterAndMask()
 .text._ZN15IsoCan11Adapter16processFlowFrameEPK12CanMsgBuffer
                0x0000210e       0xb2 ./src/adapter/obd/isocan11.o
                0x0000210e                IsoCan11Adapter::processFlowFrame(CanMsgBuffer const*)
 .text._ZNK15IsoCan29Adapter11getProtocolEv
                0x000021c0        0x4 ./src/adapter/obd/isocan29.o
                0x000021c0                IsoCan29Adapter::getProtocol() const
 .text._ZN15IsoCan29Adapter14getDescriptionEv
                0x000021c4       0x40 ./src/adapter/obd/isocan29.o
                0x000021c4                IsoCan29Adapter::getDescription()
 .text._ZN15IsoCan29Adapter17getDescriptionNumEv
                0x00002204       0x40 ./src/adapter/obd/isocan29.o
                0x00002204                IsoCan29Adapter::getDescriptionNum()
 .text._ZN15IsoCan29Adapter16processFlowFrameEPK12CanMsgBuffer
                0x00002244       0x50 ./src/adapter/obd/isocan29.o
                0x00002244                IsoCan29Adapter::processFlowFrame(CanMsgBuffer const*)
 .text._ZN15IsoCan29Adapter4openEv
                0x00002294       0x28 ./src/adapter/obd/isocan29.o
                0x00002294                IsoCan29Adapter::open()
 .text._ZNK15IsoCan29Adapter5getIDEv
                0x000022bc       0x3c ./src/adapter/obd/isocan29.o
                0x000022bc                IsoCan29Adapter::getID() const
 .text._ZN15IsoCan29Adapter16setFilterAndMaskEv
                0x000022f8       0x50 ./src/adapter/obd/isocan29.o
                0x000022f8                IsoCan29Adapter::setFilterAndMask()
 .text._ZNK16IsoSerialAdapter11getProtocolEv
                0x00002348        0x4 ./src/adapter/obd/isoserial.o
                0x00002348                IsoSerialAdapter::getProtocol() const
 .text._ZN16IsoSerialAdapter13closeProtocolEv
                0x0000234c        0x6 ./src/adapter/obd/isoserial.o
                0x0000234c                IsoSerialAdapter::closeProtocol()
 .text._ZN16IsoSerialAdapter5closeEv
                0x00002352        0x6 ./src/adapter/obd/isoserial.o
                0x00002352                IsoSerialAdapter::close()
 .text._ZN16IsoSerialAdapter11setProtocolEi
                0x00002358        0x4 ./src/adapter/obd/isoserial.o
                0x00002358                IsoSerialAdapter::setProtocol(int)
 .text._ZN16IsoSerialAdapter4openEv
                0x0000235c       0x18 ./src/adapter/obd/isoserial.o
                0x0000235c                IsoSerialAdapter::open()
 .text._ZN16IsoSerialAdapter14getDescriptionEv
                0x00002374       0x90 ./src/adapter/obd/isoserial.o
                0x00002374                IsoSerialAdapter::getDescription()
 .text._ZN16IsoSerialAdapter17getDescriptionNumEv
                0x00002404       0xa8 ./src/adapter/obd/isoserial.o
                0x00002404                IsoSerialAdapter::getDescriptionNum()
 .text._ZN16IsoSerialAdapter11wiringCheckEv
                0x000024ac       0xa0 ./src/adapter/obd/isoserial.o
                0x000024ac                IsoSerialAdapter::wiringCheck()
 .text._ZN16IsoSerialAdapter9kwDisplayEv
                0x0000254c       0x30 ./src/adapter/obd/isoserial.o
                0x0000254c                IsoSerialAdapter::kwDisplay()
 .text._ZN16IsoSerialAdapter14checkP3TimeoutEv
                0x0000257c       0x10 ./src/adapter/obd/isoserial.o
                0x0000257c                IsoSerialAdapter::checkP3Timeout()
 .text._ZN16IsoSerialAdapterC2Ev
                0x0000258c       0x30 ./src/adapter/obd/isoserial.o
                0x0000258c                IsoSerialAdapter::IsoSerialAdapter()
                0x0000258c                IsoSerialAdapter::IsoSerialAdapter()
 .text._ZN16IsoSerialAdapter9sendToEcuEPK6Ecumsgi
                0x000025bc       0x68 ./src/adapter/obd/isoserial.o
                0x000025bc                IsoSerialAdapter::sendToEcu(Ecumsg const*, int)
 .text._ZN16IsoSerialAdapter14receiveFromEcuEP6Ecumsgiii
                0x00002624       0x88 ./src/adapter/obd/isoserial.o
                0x00002624                IsoSerialAdapter::receiveFromEcu(Ecumsg*, int, int, int)
 .text._ZN16IsoSerialAdapter11ecuSlowInitEv
                0x000026ac       0x5a ./src/adapter/obd/isoserial.o
                0x000026ac                IsoSerialAdapter::ecuSlowInit()
 .text._ZN16IsoSerialAdapter11ecuFastInitEv
                0x00002706       0x54 ./src/adapter/obd/isoserial.o
                0x00002706                IsoSerialAdapter::ecuFastInit()
 .text._ZN16IsoSerialAdapter20checkResponsePendingEPK6Ecumsg
                0x0000275a       0x2a ./src/adapter/obd/isoserial.o
                0x0000275a                IsoSerialAdapter::checkResponsePending(Ecumsg const*)
 .text._ZNK16IsoSerialAdapter15getP2MaxTimeoutEv
                0x00002784        0xe ./src/adapter/obd/isoserial.o
                0x00002784                IsoSerialAdapter::getP2MaxTimeout() const
 .text._ZNK16IsoSerialAdapter10get2MaxLenEv
                0x00002792       0x14 ./src/adapter/obd/isoserial.o
                0x00002792                IsoSerialAdapter::get2MaxLen() const
 .text._ZN16IsoSerialAdapter19configurePropertiesEv
                0x000027a6       0x20 ./src/adapter/obd/isoserial.o
                0x000027a6                IsoSerialAdapter::configureProperties()
 .text._ZNK16IsoSerialAdapter13getWakeupTimeEv
                0x000027c6       0x10 ./src/adapter/obd/isoserial.o
                0x000027c6                IsoSerialAdapter::getWakeupTime() const
 .text._ZN16IsoSerialAdapter12setKeepAliveEv
                0x000027d6       0x1e ./src/adapter/obd/isoserial.o
                0x000027d6                IsoSerialAdapter::setKeepAlive()
 .text._ZN16IsoSerialAdapter11isKeepAliveEv
                0x000027f4       0x1c ./src/adapter/obd/isoserial.o
                0x000027f4                IsoSerialAdapter::isKeepAlive()
 .text._ZNSt10unique_ptrI6EcumsgSt14default_deleteIS0_EED2Ev
                0x00002810       0x12 ./src/adapter/obd/isoserial.o
                0x00002810                std::unique_ptr<Ecumsg, std::default_delete<Ecumsg> >::~unique_ptr()
                0x00002810                std::unique_ptr<Ecumsg, std::default_delete<Ecumsg> >::~unique_ptr()
 *fill*         0x00002822        0x2 ff
 .text._ZN16IsoSerialAdapter16onConnectEcuSlowEi
                0x00002824      0x1ac ./src/adapter/obd/isoserial.o
                0x00002824                IsoSerialAdapter::onConnectEcuSlow(int)
 .text._ZN16IsoSerialAdapter16onConnectEcuFastEi
                0x000029d0      0x118 ./src/adapter/obd/isoserial.o
                0x000029d0                IsoSerialAdapter::onConnectEcuFast(int)
 .text._ZN16IsoSerialAdapter12onConnectEcuEb
                0x00002ae8       0x90 ./src/adapter/obd/isoserial.o
                0x00002ae8                IsoSerialAdapter::onConnectEcu(bool)
 .text._ZN16IsoSerialAdapter13sendHeartBeatEv
                0x00002b78       0xb4 ./src/adapter/obd/isoserial.o
                0x00002b78                IsoSerialAdapter::sendHeartBeat()
 .text._ZN16IsoSerialAdapter9onRequestEPKhmm
                0x00002c2c      0x11c ./src/adapter/obd/isoserial.o
                0x00002c2c                IsoSerialAdapter::onRequest(unsigned char const*, unsigned long, unsigned long)
 .text._ZN12J1939Adapter16processFlowFrameEPK12CanMsgBuffer
                0x00002d48        0x2 ./src/adapter/obd/j1939.o
                0x00002d48                J1939Adapter::processFlowFrame(CanMsgBuffer const*)
 .text._ZNK12J1939Adapter11getProtocolEv
                0x00002d4a        0x4 ./src/adapter/obd/j1939.o
                0x00002d4a                J1939Adapter::getProtocol() const
 .text._ZN12J1939Adapter12onConnectEcuEb
                0x00002d4e       0x14 ./src/adapter/obd/j1939.o
                0x00002d4e                J1939Adapter::onConnectEcu(bool)
 *fill*         0x00002d62        0x2 ff
 .text._ZN12J1939Adapter14getDescriptionEv
                0x00002d64       0x2c ./src/adapter/obd/j1939.o
                0x00002d64                J1939Adapter::getDescription()
 .text._ZN12J1939Adapter17getDescriptionNumEv
                0x00002d90       0x40 ./src/adapter/obd/j1939.o
                0x00002d90                J1939Adapter::getDescriptionNum()
 .text._ZN12J1939Adapter4openEv
                0x00002dd0       0x16 ./src/adapter/obd/j1939.o
                0x00002dd0                J1939Adapter::open()
 *fill*         0x00002de6        0x2 ff
 .text._ZNK12J1939Adapter5getIDEv
                0x00002de8       0x78 ./src/adapter/obd/j1939.o
                0x00002de8                J1939Adapter::getID() const
 .text._ZN6Spacer5spaceEv
                0x00002e60        0xe ./src/adapter/obd/j1939.o
                0x00002e60                Spacer::space()
 *fill*         0x00002e6e        0x2 ff
 .text._ZN12J1939AdapterC2Ev
                0x00002e70       0x34 ./src/adapter/obd/j1939.o
                0x00002e70                J1939Adapter::J1939Adapter()
                0x00002e70                J1939Adapter::J1939Adapter()
 .text._ZN12J1939Adapter9sendToEcuEPKhi
                0x00002ea4       0x10 ./src/adapter/obd/j1939.o
                0x00002ea4                J1939Adapter::sendToEcu(unsigned char const*, int)
 .text._ZN12J1939Adapter22setFilterAndMaskForPGNEm
                0x00002eb4       0x5c ./src/adapter/obd/j1939.o
                0x00002eb4                J1939Adapter::setFilterAndMaskForPGN(unsigned long)
 .text._ZN12J1939Adapter15processRtsFrameEPK12CanMsgBuffer
                0x00002f10       0x38 ./src/adapter/obd/j1939.o
                0x00002f10                J1939Adapter::processRtsFrame(CanMsgBuffer const*)
 .text._ZN12J1939Adapter21formatReplyWithHeaderEPK12CanMsgBufferRN4util6stringE
                0x00002f48       0xd8 ./src/adapter/obd/j1939.o
                0x00002f48                J1939Adapter::formatReplyWithHeader(CanMsgBuffer const*, util::string&)
 .text._ZN12J1939Adapter12processFrameEPK12CanMsgBuffer
                0x00003020       0x48 ./src/adapter/obd/j1939.o
                0x00003020                J1939Adapter::processFrame(CanMsgBuffer const*)
 .text._ZN12J1939Adapter14processDtFrameEPK12CanMsgBuffer
                0x00003068       0x64 ./src/adapter/obd/j1939.o
                0x00003068                J1939Adapter::processDtFrame(CanMsgBuffer const*)
 .text._ZNK12J1939Adapter10getTimeoutEv
                0x000030cc       0x2e ./src/adapter/obd/j1939.o
                0x000030cc                J1939Adapter::getTimeout() const
 .text._ZN12J1939Adapter14receiveFromEcuEv
                0x000030fa       0xa8 ./src/adapter/obd/j1939.o
                0x000030fa                J1939Adapter::receiveFromEcu()
 .text._ZN12J1939Adapter9onRequestEPKhmm
                0x000031a2       0x6e ./src/adapter/obd/j1939.o
                0x000031a2                J1939Adapter::onRequest(unsigned char const*, unsigned long, unsigned long)
 .text._ZN12J1939Adapter11monitorImplEmm
                0x00003210       0x90 ./src/adapter/obd/j1939.o
                0x00003210                J1939Adapter::monitorImpl(unsigned long, unsigned long)
 .text._ZN12J1939Adapter7monitorEv
                0x000032a0        0xc ./src/adapter/obd/j1939.o
                0x000032a0                J1939Adapter::monitor()
 .text._ZN12J1939Adapter7monitorEPKhmm
                0x000032ac       0x18 ./src/adapter/obd/j1939.o
                0x000032ac                J1939Adapter::monitor(unsigned char const*, unsigned long, unsigned long)
 .text._ZN18J1939ConnectionMgrC2EP12J1939Adapter
                0x000032c4       0x16 ./src/adapter/obd/j1939connmgr.o
                0x000032c4                J1939ConnectionMgr::J1939ConnectionMgr(J1939Adapter*)
                0x000032c4                J1939ConnectionMgr::J1939ConnectionMgr(J1939Adapter*)
 *fill*         0x000032da        0x2 ff
 .text._ZN18J1939ConnectionMgr3rtsEPK12CanMsgBuffer
                0x000032dc       0x74 ./src/adapter/obd/j1939connmgr.o
                0x000032dc                J1939ConnectionMgr::rts(CanMsgBuffer const*)
 .text._ZN18J1939ConnectionMgr7sendAckEv
                0x00003350       0x56 ./src/adapter/obd/j1939connmgr.o
                0x00003350                J1939ConnectionMgr::sendAck()
 .text._ZN18J1939ConnectionMgr4dataEPK12CanMsgBuffer
                0x000033a6       0x20 ./src/adapter/obd/j1939connmgr.o
                0x000033a6                J1939ConnectionMgr::data(CanMsgBuffer const*)
 .text._ZNK18J1939ConnectionMgr10isValidAckEPK12CanMsgBuffer
                0x000033c6       0x26 ./src/adapter/obd/j1939connmgr.o
                0x000033c6                J1939ConnectionMgr::isValidAck(CanMsgBuffer const*) const
 .text._ZL11numOfFramesRKN4util6stringEm
                0x000033ec       0x3a ./src/adapter/obd/obdprofile.o
 .text._ZN10OBDProfileC2Ev
                0x00003426       0x10 ./src/adapter/obd/obdprofile.o
                0x00003426                OBDProfile::OBDProfile()
                0x00003426                OBDProfile::OBDProfile()
 *fill*         0x00003436        0x2 ff
 .text._ZN10OBDProfile8instanceEv
                0x00003438       0x38 ./src/adapter/obd/obdprofile.o
                0x00003438                OBDProfile::instance()
 .text._ZNK10OBDProfile22getProtocolDescriptionEv
                0x00003470        0x8 ./src/adapter/obd/obdprofile.o
                0x00003470                OBDProfile::getProtocolDescription() const
 .text._ZNK10OBDProfile25getProtocolDescriptionNumEv
                0x00003478        0x8 ./src/adapter/obd/obdprofile.o
                0x00003478                OBDProfile::getProtocolDescriptionNum() const
 .text._ZN10OBDProfile10dumpBufferEv
                0x00003480        0x8 ./src/adapter/obd/obdprofile.o
                0x00003480                OBDProfile::dumpBuffer()
 .text._ZN10OBDProfile11setProtocolEib
                0x00003488       0xaa ./src/adapter/obd/obdprofile.o
                0x00003488                OBDProfile::setProtocol(int, bool)
 .text._ZN10OBDProfile15sendLengthCheckEPKhi
                0x00003532       0x24 ./src/adapter/obd/obdprofile.o
                0x00003532                OBDProfile::sendLengthCheck(unsigned char const*, int)
 .text._ZNK10OBDProfile11getProtocolEv
                0x00003556        0x8 ./src/adapter/obd/obdprofile.o
                0x00003556                OBDProfile::getProtocol() const
 *fill*         0x0000355e        0x2 ff
 .text._ZN10OBDProfile13onRequestImplERKN4util6stringE
                0x00003560       0xe4 ./src/adapter/obd/obdprofile.o
                0x00003560                OBDProfile::onRequestImpl(util::string const&)
 .text._ZN10OBDProfile9onRequestERKN4util6stringE
                0x00003644      0x108 ./src/adapter/obd/obdprofile.o
                0x00003644                OBDProfile::onRequest(util::string const&)
 .text._ZN10OBDProfile13closeProtocolEv
                0x0000374c        0x8 ./src/adapter/obd/obdprofile.o
                0x0000374c                OBDProfile::closeProtocol()
 .text._ZN10OBDProfile9kwDisplayEv
                0x00003754       0x12 ./src/adapter/obd/obdprofile.o
                0x00003754                OBDProfile::kwDisplay()
 .text._ZN10OBDProfile13sendHeartBeatEv
                0x00003766        0x8 ./src/adapter/obd/obdprofile.o
                0x00003766                OBDProfile::sendHeartBeat()
 .text._ZN10OBDProfile11wiringCheckEv
                0x0000376e       0x36 ./src/adapter/obd/obdprofile.o
                0x0000376e                OBDProfile::wiringCheck()
 .text._ZN10OBDProfile16setFilterAndMaskEv
                0x000037a4        0x8 ./src/adapter/obd/obdprofile.o
                0x000037a4                OBDProfile::setFilterAndMask()
 .text._ZN10OBDProfile7monitorEv
                0x000037ac        0x8 ./src/adapter/obd/obdprofile.o
                0x000037ac                OBDProfile::monitor()
 .text._ZN10OBDProfile7monitorERKN4util6stringE
                0x000037b4       0x3c ./src/adapter/obd/obdprofile.o
                0x000037b4                OBDProfile::monitor(util::string const&)
 .text._ZN15ProtocolAdapterC2Ev
                0x000037f0       0x20 ./src/adapter/obd/obdprofile.o
                0x000037f0                ProtocolAdapter::ProtocolAdapter()
                0x000037f0                ProtocolAdapter::ProtocolAdapter()
 .text._ZN15ProtocolAdapter10dumpBufferEv
                0x00003810       0x40 ./src/adapter/obd/padapter.o
                0x00003810                ProtocolAdapter::dumpBuffer()
 .text._ZN15ProtocolAdapter10getAdapterEi
                0x00003850      0x16c ./src/adapter/obd/padapter.o
                0x00003850                ProtocolAdapter::getAdapter(int)
 .text._ZN15ProtocolAdapter12clearHistoryEv
                0x000039bc       0x18 ./src/adapter/obd/padapter.o
                0x000039bc                ProtocolAdapter::clearHistory()
 .text._ZN15ProtocolAdapter15appendToHistoryEPK6Ecumsg
                0x000039d4       0x4c ./src/adapter/obd/padapter.o
                0x000039d4                ProtocolAdapter::appendToHistory(Ecumsg const*)
 .text._ZN15ProtocolAdapter15insertToHistoryEPK6Ecumsg
                0x00003a20       0x28 ./src/adapter/obd/padapter.o
                0x00003a20                ProtocolAdapter::insertToHistory(Ecumsg const*)
 .text._ZNK10PwmAdapter11getProtocolEv
                0x00003a48        0x4 ./src/adapter/obd/pwm.o
                0x00003a48                PwmAdapter::getProtocol() const
 .text._ZN10PwmAdapter5closeEv
                0x00003a4c        0x6 ./src/adapter/obd/pwm.o
                0x00003a4c                PwmAdapter::close()
 .text._ZN10PwmAdapter4openEv
                0x00003a52       0x16 ./src/adapter/obd/pwm.o
                0x00003a52                PwmAdapter::open()
 .text._ZN10PwmAdapter14getDescriptionEv
                0x00003a68       0x40 ./src/adapter/obd/pwm.o
                0x00003a68                PwmAdapter::getDescription()
 .text._ZN10PwmAdapter17getDescriptionNumEv
                0x00003aa8       0x40 ./src/adapter/obd/pwm.o
                0x00003aa8                PwmAdapter::getDescriptionNum()
 .text._ZN10PwmAdapter11wiringCheckEv
                0x00003ae8       0x9c ./src/adapter/obd/pwm.o
                0x00003ae8                PwmAdapter::wiringCheck()
 .text._ZN10PwmAdapterC2Ev
                0x00003b84       0x24 ./src/adapter/obd/pwm.o
                0x00003b84                PwmAdapter::PwmAdapter()
                0x00003b84                PwmAdapter::PwmAdapter()
 .text._ZN10PwmAdapter8sendByteEh
                0x00003ba8       0x26 ./src/adapter/obd/pwm.o
                0x00003ba8                PwmAdapter::sendByte(unsigned char)
 .text._ZN10PwmAdapter7sendSofEv
                0x00003bce       0x18 ./src/adapter/obd/pwm.o
                0x00003bce                PwmAdapter::sendSof()
 .text._ZN10PwmAdapter11receiveByteERh
                0x00003be6       0x38 ./src/adapter/obd/pwm.o
                0x00003be6                PwmAdapter::receiveByte(unsigned char&)
 .text._ZN10PwmAdapter6getIfrEv
                0x00003c1e       0x20 ./src/adapter/obd/pwm.o
                0x00003c1e                PwmAdapter::getIfr()
 .text._ZN10PwmAdapter9sendToEcuEPK6Ecumsg
                0x00003c3e       0x72 ./src/adapter/obd/pwm.o
                0x00003c3e                PwmAdapter::sendToEcu(Ecumsg const*)
 .text._ZN10PwmAdapter10waitForSofEv
                0x00003cb0       0x1e ./src/adapter/obd/pwm.o
                0x00003cb0                PwmAdapter::waitForSof()
 .text._ZN10PwmAdapter7sendIfrEv
                0x00003cce       0x16 ./src/adapter/obd/pwm.o
                0x00003cce                PwmAdapter::sendIfr()
 .text._ZN10PwmAdapter14receiveFromEcuEP6Ecumsgi
                0x00003ce4       0x7a ./src/adapter/obd/pwm.o
                0x00003ce4                PwmAdapter::receiveFromEcu(Ecumsg*, int)
 .text._ZNK10PwmAdapter15getP2MaxTimeoutEv
                0x00003d5e        0xe ./src/adapter/obd/pwm.o
                0x00003d5e                PwmAdapter::getP2MaxTimeout() const
 .text._ZN10PwmAdapter11requestImplEPKhmmb
                0x00003d6c      0x136 ./src/adapter/obd/pwm.o
                0x00003d6c                PwmAdapter::requestImpl(unsigned char const*, unsigned long, unsigned long, bool)
 .text._ZN10PwmAdapter9onRequestEPKhmm
                0x00003ea2        0xe ./src/adapter/obd/pwm.o
                0x00003ea2                PwmAdapter::onRequest(unsigned char const*, unsigned long, unsigned long)
 .text._ZN10PwmAdapter12onConnectEcuEb
                0x00003eb0       0x54 ./src/adapter/obd/pwm.o
                0x00003eb0                PwmAdapter::onConnectEcu(bool)
 .text._ZNK10VpwAdapter11getProtocolEv
                0x00003f04        0x4 ./src/adapter/obd/vpw.o
                0x00003f04                VpwAdapter::getProtocol() const
 .text._ZN10VpwAdapter5closeEv
                0x00003f08        0x6 ./src/adapter/obd/vpw.o
                0x00003f08                VpwAdapter::close()
 .text._ZN10VpwAdapter4openEv
                0x00003f0e       0x16 ./src/adapter/obd/vpw.o
                0x00003f0e                VpwAdapter::open()
 .text._ZN10VpwAdapter14getDescriptionEv
                0x00003f24       0x40 ./src/adapter/obd/vpw.o
                0x00003f24                VpwAdapter::getDescription()
 .text._ZN10VpwAdapter17getDescriptionNumEv
                0x00003f64       0x40 ./src/adapter/obd/vpw.o
                0x00003f64                VpwAdapter::getDescriptionNum()
 .text._ZN10VpwAdapter11wiringCheckEv
                0x00003fa4       0x9c ./src/adapter/obd/vpw.o
                0x00003fa4                VpwAdapter::wiringCheck()
 .text._ZN10VpwAdapterC2Ev
                0x00004040       0x24 ./src/adapter/obd/vpw.o
                0x00004040                VpwAdapter::VpwAdapter()
                0x00004040                VpwAdapter::VpwAdapter()
 .text._ZN10VpwAdapter9sendToEcuEPK6Ecumsg
                0x00004064       0xc0 ./src/adapter/obd/vpw.o
                0x00004064                VpwAdapter::sendToEcu(Ecumsg const*)
 .text._ZN10VpwAdapter10waitForSofEv
                0x00004124       0x1e ./src/adapter/obd/vpw.o
                0x00004124                VpwAdapter::waitForSof()
 .text._ZN10VpwAdapter14receiveFromEcuEP6Ecumsgi
                0x00004142       0x96 ./src/adapter/obd/vpw.o
                0x00004142                VpwAdapter::receiveFromEcu(Ecumsg*, int)
 .text._ZNK10VpwAdapter15getP2MaxTimeoutEv
                0x000041d8        0xe ./src/adapter/obd/vpw.o
                0x000041d8                VpwAdapter::getP2MaxTimeout() const
 .text._ZN10VpwAdapter11requestImplEPKhmmb
                0x000041e6      0x13c ./src/adapter/obd/vpw.o
                0x000041e6                VpwAdapter::requestImpl(unsigned char const*, unsigned long, unsigned long, bool)
 .text._ZN10VpwAdapter9onRequestEPKhmm
                0x00004322        0xe ./src/adapter/obd/vpw.o
                0x00004322                VpwAdapter::onRequest(unsigned char const*, unsigned long, unsigned long)
 .text._ZN10VpwAdapter12onConnectEcuEb
                0x00004330       0x5a ./src/adapter/obd/vpw.o
                0x00004330                VpwAdapter::onConnectEcu(bool)
 *fill*         0x0000438a        0x2 ff
 .text._ZL18UserUartRcvHandlerh
                0x0000438c       0xc4 ./src/adapter/adapter.o
 .text._Z14AdptSendStringRKN4util6stringE
                0x00004450       0x10 ./src/adapter/adapter.o
                0x00004450                AdptSendString(util::string const&)
 .text.startup.main
                0x00004460       0xc8 ./src/adapter/adapter.o
                0x00004460                main
 .text.startup._GLOBAL__sub_I__Z14AdptSendStringRKN4util6stringE
                0x00004528       0x28 ./src/adapter/adapter.o
 .text._ZN13AdapterConfigC2Ev
                0x00004550       0x38 ./src/adapter/adapterconfig.o
                0x00004550                AdapterConfig::AdapterConfig()
                0x00004550                AdapterConfig::AdapterConfig()
 .text._ZN13AdapterConfig15setBoolPropertyEib
                0x00004588       0x36 ./src/adapter/adapterconfig.o
                0x00004588                AdapterConfig::setBoolProperty(int, bool)
 .text._ZNK13AdapterConfig15getBoolPropertyEi
                0x000045be       0x18 ./src/adapter/adapterconfig.o
                0x000045be                AdapterConfig::getBoolProperty(int) const
 .text._ZN13AdapterConfig14setIntPropertyEim
                0x000045d6        0x8 ./src/adapter/adapterconfig.o
                0x000045d6                AdapterConfig::setIntProperty(int, unsigned long)
 .text._ZNK13AdapterConfig14getIntPropertyEi
                0x000045de        0x8 ./src/adapter/adapterconfig.o
                0x000045de                AdapterConfig::getIntProperty(int) const
 .text._ZN13AdapterConfig16setBytesPropertyEiPK9ByteArray
                0x000045e6       0x12 ./src/adapter/adapterconfig.o
                0x000045e6                AdapterConfig::setBytesProperty(int, ByteArray const*)
 .text._ZNK13AdapterConfig16getBytesPropertyEi
                0x000045f8        0xc ./src/adapter/adapterconfig.o
                0x000045f8                AdapterConfig::getBytesProperty(int) const
 .text._ZN13AdapterConfig8instanceEv
                0x00004604       0x30 ./src/adapter/adapterconfig.o
                0x00004604                AdapterConfig::instance()
 .text._ZN13AdapterConfig5clearEv
                0x00004634       0x46 ./src/adapter/adapterconfig.o
                0x00004634                AdapterConfig::clear()
 .text._ZL16OnSetIsoBaudRateRKN4util6stringEi
                0x0000467a        0x2 ./src/adapter/dispatcher.o
 .text._ZL13DispatchATCmdRKN4util6stringEib
                0x0000467c       0xcc ./src/adapter/dispatcher.o
 .text._ZL10SetDefaultv
                0x00004748       0xbe ./src/adapter/dispatcher.o
 .text._ZL16OnJ1939MonitorMPRKN4util6stringEi
                0x00004806       0x12 ./src/adapter/dispatcher.o
 .text._ZL11OnKwDisplayRKN4util6stringEi
                0x00004818        0xe ./src/adapter/dispatcher.o
 .text._ZL21OnProtocolDescribeNumRKN4util6stringEi
                0x00004826        0xe ./src/adapter/dispatcher.o
 .text._ZL18OnProtocolDescribeRKN4util6stringEi
                0x00004834        0xe ./src/adapter/dispatcher.o
 .text._ZL17OnJ1939MonitorDM1RKN4util6stringEi
                0x00004842        0xe ./src/adapter/dispatcher.o
 .text._ZL12OnBufferDumpRKN4util6stringEi
                0x00004850        0xe ./src/adapter/dispatcher.o
 .text._ZL14OnGetSerialNumRKN4util6stringEi
                0x0000485e        0x4 ./src/adapter/dispatcher.o
 .text._ZL12OnWiringTestRKN4util6stringEi
                0x00004862        0xe ./src/adapter/dispatcher.o
 .text._ZL15OnCanShowStatusRKN4util6stringEi
                0x00004870        0x2 ./src/adapter/dispatcher.o
 .text._ZN9ByteArrayC2Ev
                0x00004872       0x12 ./src/adapter/dispatcher.o
                0x00004872                ByteArray::ByteArray()
                0x00004872                ByteArray::ByteArray()
 .text._Z18AdptCheckHeartBeatv
                0x00004884        0xe ./src/adapter/dispatcher.o
                0x00004884                AdptCheckHeartBeat()
 *fill*         0x00004892        0x2 ff
 .text._Z13AdptSendReplyRKN4util6stringE
                0x00004894       0x48 ./src/adapter/dispatcher.o
                0x00004894                AdptSendReply(util::string const&)
 .text._Z9AdptOnCmdRN4util6stringE
                0x000048dc      0x11c ./src/adapter/dispatcher.o
                0x000048dc                AdptOnCmd(util::string&)
 .text._ZL7OnResetRKN4util6stringEi
                0x000049f8       0x3c ./src/adapter/dispatcher.o
 .text._Z18AdptDispatcherInitv
                0x00004a34       0x48 ./src/adapter/dispatcher.o
                0x00004a34                AdptDispatcherInit()
 .text._ZL13OnSetProtocolRKN4util6stringEi
                0x00004a7c       0xf4 ./src/adapter/dispatcher.o
 .text._ZL17OnSet4HeaderBytesRKN4util6stringEi
                0x00004b70       0xd8 ./src/adapter/dispatcher.o
 .text._ZL13OnReadVoltageRKN4util6stringEi
                0x00004c48       0x58 ./src/adapter/dispatcher.o
 .text._ZL15OnProtocolCloseRKN4util6stringEi
                0x00004ca0       0x34 ./src/adapter/dispatcher.o
 .text._ZL20OnSendReplyInterfaceRKN4util6stringEi
                0x00004cd4       0x2c ./src/adapter/dispatcher.o
 .text._ZL23OnCanSetFlowControlModeRKN4util6stringEi
                0x00004d00       0xe0 ./src/adapter/dispatcher.o
 .text._ZL12OnSetDefaultRKN4util6stringEi
                0x00004de0       0x30 ./src/adapter/dispatcher.o
 .text._ZL7OnSetOKRKN4util6stringEi
                0x00004e10       0x2c ./src/adapter/dispatcher.o
 .text._ZL19OnCanSetTimeoutMultRKN4util6stringEi
                0x00004e3c       0x6c ./src/adapter/dispatcher.o
 .text._ZL22OnCanSetReceiveAddressRKN4util6stringEi
                0x00004ea8       0xb4 ./src/adapter/dispatcher.o
 .text._ZL10OnSetBytesRKN4util6stringEi
                0x00004f5c       0xac ./src/adapter/dispatcher.o
 .text._ZL21OnCanSetFilterAndMaskRKN4util6stringEi
                0x00005008       0x12 ./src/adapter/dispatcher.o
 *fill*         0x0000501a        0x2 ff
 .text._ZL12OnResetBytesRKN4util6stringEi
                0x0000501c       0x3c ./src/adapter/dispatcher.o
 .text._ZL15OnSetValueFalseRKN4util6stringEi
                0x00005058       0x38 ./src/adapter/dispatcher.o
 .text._ZL13OnSetValueIntRKN4util6stringEi
                0x00005090       0x5c ./src/adapter/dispatcher.o
 .text._ZL15OnSetRcvAddressRKN4util6stringEi
                0x000050ec       0x1e ./src/adapter/dispatcher.o
 *fill*         0x0000510a        0x2 ff
 .text._ZL8OnSetAT2RKN4util6stringEi
                0x0000510c       0x34 ./src/adapter/dispatcher.o
 .text._ZL8OnSetAT1RKN4util6stringEi
                0x00005140       0x34 ./src/adapter/dispatcher.o
 .text._ZL8OnSetAT0RKN4util6stringEi
                0x00005174       0x34 ./src/adapter/dispatcher.o
 .text._ZL14OnSetValueTrueRKN4util6stringEi
                0x000051a8       0x38 ./src/adapter/dispatcher.o
 .text._ZL18OnSendReplyVersionRKN4util6stringEi
                0x000051e0       0x2c ./src/adapter/dispatcher.o
 .text._ZL20OnSendReplyCopyrightRKN4util6stringEi
                0x0000520c       0x60 ./src/adapter/dispatcher.o
 .text._Z14AdptSendReply2RN4util6stringE
                0x0000526c       0x30 ./src/adapter/dispatcher.o
                0x0000526c                AdptSendReply2(util::string&)
 .text._ZNK6Ecumsg12headerLengthEv
                0x0000529c        0x4 ./src/adapter/ecumsg.o
                0x0000529c                Ecumsg::headerLength() const
 .text._ZL14IsoAddChecksumPhRt
                0x000052a0       0x20 ./src/adapter/ecumsg.o
 .text._ZN13EcumsgISO914111addChecksumEv
                0x000052c0        0xa ./src/adapter/ecumsg.o
                0x000052c0                EcumsgISO9141::addChecksum()
 .text._ZN14EcumsgISO1423011addChecksumEv
                0x000052ca        0xa ./src/adapter/ecumsg.o
                0x000052ca                EcumsgISO14230::addChecksum()
 .text._ZNK14EcumsgISO1423012headerLengthEv
                0x000052d4       0x14 ./src/adapter/ecumsg.o
                0x000052d4                EcumsgISO14230::headerLength() const
 .text._ZL16J1850AddChecksumPhRt
                0x000052e8       0x42 ./src/adapter/ecumsg.o
 .text._ZN9EcumsgVPW11addChecksumEv
                0x0000532a        0xa ./src/adapter/ecumsg.o
                0x0000532a                EcumsgVPW::addChecksum()
 .text._ZN9EcumsgPWM11addChecksumEv
                0x00005334        0xa ./src/adapter/ecumsg.o
                0x00005334                EcumsgPWM::addChecksum()
 .text._ZN13EcumsgISO914120addHeaderAndChecksumEv
                0x0000533e       0x2e ./src/adapter/ecumsg.o
                0x0000533e                EcumsgISO9141::addHeaderAndChecksum()
 .text._ZN14EcumsgISO1423020addHeaderAndChecksumEv
                0x0000536c       0x70 ./src/adapter/ecumsg.o
                0x0000536c                EcumsgISO14230::addHeaderAndChecksum()
 .text._ZN13EcumsgISO914122stripHeaderAndChecksumEv
                0x000053dc       0x1e ./src/adapter/ecumsg.o
                0x000053dc                EcumsgISO9141::stripHeaderAndChecksum()
 .text._ZN14EcumsgISO1423022stripHeaderAndChecksumEv
                0x000053fa       0x26 ./src/adapter/ecumsg.o
                0x000053fa                EcumsgISO14230::stripHeaderAndChecksum()
 .text._ZN9EcumsgVPW20addHeaderAndChecksumEv
                0x00005420       0x2e ./src/adapter/ecumsg.o
                0x00005420                EcumsgVPW::addHeaderAndChecksum()
 .text._ZN9EcumsgVPW22stripHeaderAndChecksumEv
                0x0000544e       0x1e ./src/adapter/ecumsg.o
                0x0000544e                EcumsgVPW::stripHeaderAndChecksum()
 .text._ZN9EcumsgPWM20addHeaderAndChecksumEv
                0x0000546c       0x2e ./src/adapter/ecumsg.o
                0x0000546c                EcumsgPWM::addHeaderAndChecksum()
 .text._ZN9EcumsgPWM22stripHeaderAndChecksumEv
                0x0000549a       0x1e ./src/adapter/ecumsg.o
                0x0000549a                EcumsgPWM::stripHeaderAndChecksum()
 .text._ZN6EcumsgC2Ehm
                0x000054b8       0x20 ./src/adapter/ecumsg.o
                0x000054b8                Ecumsg::Ecumsg(unsigned char, unsigned long)
                0x000054b8                Ecumsg::Ecumsg(unsigned char, unsigned long)
 .text._ZN6EcumsgD2Ev
                0x000054d8       0x18 ./src/adapter/ecumsg.o
                0x000054d8                Ecumsg::~Ecumsg()
                0x000054d8                Ecumsg::~Ecumsg()
 .text._ZN9EcumsgPWMD2Ev
                0x000054f0       0x14 ./src/adapter/ecumsg.o
                0x000054f0                EcumsgPWM::~EcumsgPWM()
                0x000054f0                EcumsgPWM::~EcumsgPWM()
 .text._ZN9EcumsgPWMD0Ev
                0x00005504       0x12 ./src/adapter/ecumsg.o
                0x00005504                EcumsgPWM::~EcumsgPWM()
 *fill*         0x00005516        0x2 ff
 .text._ZN9EcumsgVPWD2Ev
                0x00005518       0x14 ./src/adapter/ecumsg.o
                0x00005518                EcumsgVPW::~EcumsgVPW()
                0x00005518                EcumsgVPW::~EcumsgVPW()
 .text._ZN9EcumsgVPWD0Ev
                0x0000552c       0x12 ./src/adapter/ecumsg.o
                0x0000552c                EcumsgVPW::~EcumsgVPW()
 *fill*         0x0000553e        0x2 ff
 .text._ZN14EcumsgISO14230D2Ev
                0x00005540       0x14 ./src/adapter/ecumsg.o
                0x00005540                EcumsgISO14230::~EcumsgISO14230()
                0x00005540                EcumsgISO14230::~EcumsgISO14230()
 .text._ZN14EcumsgISO14230D0Ev
                0x00005554       0x12 ./src/adapter/ecumsg.o
                0x00005554                EcumsgISO14230::~EcumsgISO14230()
 *fill*         0x00005566        0x2 ff
 .text._ZN13EcumsgISO9141D2Ev
                0x00005568       0x14 ./src/adapter/ecumsg.o
                0x00005568                EcumsgISO9141::~EcumsgISO9141()
                0x00005568                EcumsgISO9141::~EcumsgISO9141()
 .text._ZN13EcumsgISO9141D0Ev
                0x0000557c       0x12 ./src/adapter/ecumsg.o
                0x0000557c                EcumsgISO9141::~EcumsgISO9141()
 .text._ZNK6Ecumsg8toStringERN4util6stringE
                0x0000558e        0xa ./src/adapter/ecumsg.o
                0x0000558e                Ecumsg::toString(util::string&) const
 .text._ZN6Ecumsg7setDataEPKht
                0x00005598        0x8 ./src/adapter/ecumsg.o
                0x00005598                Ecumsg::setData(unsigned char const*, unsigned short)
 .text._ZN6Ecumsg9setHeaderEPKh
                0x000055a0        0x8 ./src/adapter/ecumsg.o
                0x000055a0                Ecumsg::setHeader(unsigned char const*)
 .text._ZN6Ecumsg8instanceEh
                0x000055a8       0xe4 ./src/adapter/ecumsg.o
                0x000055a8                Ecumsg::instance(unsigned char)
 .text._Z13CanIDToStringmRN4util6stringEbb
                0x0000568c       0xba ./src/adapter/functions.o
                0x0000568c                CanIDToString(unsigned long, util::string&, bool, bool)
 .text._Z13CanIDToStringmRN4util6stringEb
                0x00005746       0x22 ./src/adapter/functions.o
                0x00005746                CanIDToString(unsigned long, util::string&, bool)
 .text._Z8Delay1msm
                0x00005768       0x2c ./src/adapter/functions.o
                0x00005768                Delay1ms(unsigned long)
 .text._Z8Delay1usm
                0x00005794       0x30 ./src/adapter/functions.o
                0x00005794                Delay1us(unsigned long)
 .text._Z14KWordsToStringPKhRN4util6stringE
                0x000057c4       0x5c ./src/adapter/functions.o
                0x000057c4                KWordsToString(unsigned char const*, util::string&)
 .text._Z8to_bytesRKN4util6stringEPh
                0x00005820       0x5e ./src/adapter/functions.o
                0x00005820                to_bytes(util::string const&, unsigned char*)
 .text._Z8to_asciiPKhmRN4util6stringE
                0x0000587e       0x62 ./src/adapter/functions.o
                0x0000587e                to_ascii(unsigned char const*, unsigned long, util::string&)
 .text._Z16AutoReceiveParseRKN4util6stringERmS3_
                0x000058e0       0xa0 ./src/adapter/functions.o
                0x000058e0                AutoReceiveParse(util::string const&, unsigned long&, unsigned long&)
 .text._Z12ReverseBytesPhm
                0x00005980       0x20 ./src/adapter/functions.o
                0x00005980                ReverseBytes(unsigned char*, unsigned long)
 .text._ZN14TimeoutManager8instanceEv
                0x000059a0       0x34 ./src/adapter/timeoutmgr.o
                0x000059a0                TimeoutManager::instance()
 .text._ZNK14TimeoutManager10at0TimeoutEv
                0x000059d4       0x2c ./src/adapter/timeoutmgr.o
                0x000059d4                TimeoutManager::at0Timeout() const
 .text._ZNK14TimeoutManager9p2TimeoutEv
                0x00005a00       0x1e ./src/adapter/timeoutmgr.o
                0x00005a00                TimeoutManager::p2Timeout() const
 .text._ZN14TimeoutManager9p2TimeoutEm
                0x00005a1e       0x34 ./src/adapter/timeoutmgr.o
                0x00005a1e                TimeoutManager::p2Timeout(unsigned long)
 .text._Znwj    0x00005a52        0x4 ./src/cr_cpp_config.o
                0x00005a52                operator new(unsigned int)
 .text._Znaj    0x00005a56        0x4 ./src/cr_cpp_config.o
                0x00005a56                operator new[](unsigned int)
 .text._ZdlPv   0x00005a5a        0x4 ./src/cr_cpp_config.o
                0x00005a5a                operator delete(void*)
 .text._ZdaPv   0x00005a5e        0x4 ./src/cr_cpp_config.o
                0x00005a5e                operator delete[](void*)
 .text.__aeabi_atexit
                0x00005a62        0x4 ./src/cr_cpp_config.o
                0x00005a62                __aeabi_atexit
 *fill*         0x00005a66        0x2 ff
 .text.SystemCoreClockUpdate
                0x00005a68       0x80 ./src/system_LPC15xx.o
                0x00005a68                SystemCoreClockUpdate
 .text.SystemInit
                0x00005ae8       0xac ./src/system_LPC15xx.o
                0x00005ae8                SystemInit
 .text          0x00005b94       0x18 c:/nxp/mcuxpressoide_10.1.1_606/ide/tools/bin/../lib/gcc/arm-none-eabi/6.3.1/thumb/v7-m\libgcc.a(_lshrdi3.o)
                0x00005b94                __lshrdi3
                0x00005b94                __aeabi_llsr
 .text          0x00005bac       0x18 c:/nxp/mcuxpressoide_10.1.1_606/ide/tools/bin/../lib/gcc/arm-none-eabi/6.3.1/thumb/v7-m\libgcc.a(_ashldi3.o)
                0x00005bac                __aeabi_llsl
                0x00005bac                __ashldi3
 .text          0x00005bc4      0x9dc c:/nxp/mcuxpressoide_10.1.1_606/ide/tools/bin/../lib/gcc/arm-none-eabi/6.3.1/thumb/v7-m\libgcc.a(unwind-arm.o)
                0x00005e88                _Unwind_GetCFA
                0x00005e8c                __gnu_Unwind_RaiseException
                0x00005eec                __gnu_Unwind_ForcedUnwind
                0x00005f00                __gnu_Unwind_Resume
                0x00005f44                __gnu_Unwind_Resume_or_Rethrow
                0x00005f58                _Unwind_Complete
                0x00005f5c                _Unwind_DeleteException
                0x00005f68                _Unwind_VRS_Get
                0x00005fb4                _Unwind_VRS_Set
                0x00006004                __gnu_Unwind_Backtrace
                0x00006348                __aeabi_unwind_cpp_pr0
                0x0000634c                __aeabi_unwind_cpp_pr1
                0x00006350                __aeabi_unwind_cpp_pr2
                0x00006354                _Unwind_VRS_Pop
 .text          0x000065a0      0x1ac c:/nxp/mcuxpressoide_10.1.1_606/ide/tools/bin/../lib/gcc/arm-none-eabi/6.3.1/thumb/v7-m\libgcc.a(libunwind.o)
                0x000065a0                __restore_core_regs
                0x000065a0                restore_core_regs
                0x000065b8                __gnu_Unwind_Restore_VFP
                0x000065c0                __gnu_Unwind_Save_VFP
                0x000065c8                __gnu_Unwind_Restore_VFP_D
                0x000065d0                __gnu_Unwind_Save_VFP_D
                0x000065d8                __gnu_Unwind_Restore_VFP_D_16_to_31
                0x000065e0                __gnu_Unwind_Save_VFP_D_16_to_31
                0x000065e8                __gnu_Unwind_Restore_WMMXD
                0x0000662c                __gnu_Unwind_Save_WMMXD
                0x00006670                __gnu_Unwind_Restore_WMMXC
                0x00006684                __gnu_Unwind_Save_WMMXC
                0x00006698                ___Unwind_RaiseException
                0x00006698                _Unwind_RaiseException
                0x000066bc                _Unwind_Resume
                0x000066bc                ___Unwind_Resume
                0x000066e0                _Unwind_Resume_or_Rethrow
                0x000066e0                ___Unwind_Resume_or_Rethrow
                0x00006704                _Unwind_ForcedUnwind
                0x00006704                ___Unwind_ForcedUnwind
                0x00006728                ___Unwind_Backtrace
                0x00006728                _Unwind_Backtrace
 .text          0x0000674c      0x384 c:/nxp/mcuxpressoide_10.1.1_606/ide/tools/bin/../lib/gcc/arm-none-eabi/6.3.1/thumb/v7-m\libgcc.a(pr-support.o)
                0x000067a4                __gnu_unwind_execute
                0x00006a74                __gnu_unwind_frame
                0x00006aa0                _Unwind_GetRegionStart
                0x00006aac                _Unwind_GetLanguageSpecificData
                0x00006ac0                _Unwind_GetTextRelBase
                0x00006ac8                _Unwind_GetDataRelBase
 .text.abort    0x00006ad0        0xe c:/nxp/mcuxpressoide_10.1.1_606/ide/tools/bin/../lib/gcc/arm-none-eabi/6.3.1/../../../../arm-none-eabi/lib/thumb/v7-m\libc_nano.a(lib_a-abort.o)
                0x00006ad0                abort
 *fill*         0x00006ade        0x2 ff
 .text.__libc_init_array
                0x00006ae0       0x48 c:/nxp/mcuxpressoide_10.1.1_606/ide/tools/bin/../lib/gcc/arm-none-eabi/6.3.1/../../../../arm-none-eabi/lib/thumb/v7-m\libc_nano.a(lib_a-init.o)
                0x00006ae0                __libc_init_array
 .text.isprint  0x00006b28       0x12 c:/nxp/mcuxpressoide_10.1.1_606/ide/tools/bin/../lib/gcc/arm-none-eabi/6.3.1/../../../../arm-none-eabi/lib/thumb/v7-m\libc_nano.a(lib_a-isprint.o)
                0x00006b28                isprint
 .text.isxdigit
                0x00006b3a       0x12 c:/nxp/mcuxpressoide_10.1.1_606/ide/tools/bin/../lib/gcc/arm-none-eabi/6.3.1/../../../../arm-none-eabi/lib/thumb/v7-m\libc_nano.a(lib_a-isxdigit.o)
                0x00006b3a                isxdigit
 .text.__locale_ctype_ptr_l
                0x00006b4c        0x6 c:/nxp/mcuxpressoide_10.1.1_606/ide/tools/bin/../lib/gcc/arm-none-eabi/6.3.1/../../../../arm-none-eabi/lib/thumb/v7-m\libc_nano.a(lib_a-locale.o)
                0x00006b4c                __locale_ctype_ptr_l
 *fill*         0x00006b52        0x2 ff
 .text.__locale_ctype_ptr
                0x00006b54       0x1c c:/nxp/mcuxpressoide_10.1.1_606/ide/tools/bin/../lib/gcc/arm-none-eabi/6.3.1/../../../../arm-none-eabi/lib/thumb/v7-m\libc_nano.a(lib_a-locale.o)
                0x00006b54                __locale_ctype_ptr
 .text.malloc   0x00006b70       0x10 c:/nxp/mcuxpressoide_10.1.1_606/ide/tools/bin/../lib/gcc/arm-none-eabi/6.3.1/../../../../arm-none-eabi/lib/thumb/v7-m\libc_nano.a(lib_a-malloc.o)
                0x00006b70                malloc
 .text.free     0x00006b80       0x10 c:/nxp/mcuxpressoide_10.1.1_606/ide/tools/bin/../lib/gcc/arm-none-eabi/6.3.1/../../../../arm-none-eabi/lib/thumb/v7-m\libc_nano.a(lib_a-malloc.o)
                0x00006b80                free
 .text.__ascii_mbtowc
                0x00006b90       0x24 c:/nxp/mcuxpressoide_10.1.1_606/ide/tools/bin/../lib/gcc/arm-none-eabi/6.3.1/../../../../arm-none-eabi/lib/thumb/v7-m\libc_nano.a(lib_a-mbtowc_r.o)
                0x00006b90                __ascii_mbtowc
 .text.memcpy   0x00006bb4       0x16 c:/nxp/mcuxpressoide_10.1.1_606/ide/tools/bin/../lib/gcc/arm-none-eabi/6.3.1/../../../../arm-none-eabi/lib/thumb/v7-m\libc_nano.a(lib_a-memcpy-stub.o)
                0x00006bb4                memcpy
 .text.memmove  0x00006bca       0x34 c:/nxp/mcuxpressoide_10.1.1_606/ide/tools/bin/../lib/gcc/arm-none-eabi/6.3.1/../../../../arm-none-eabi/lib/thumb/v7-m\libc_nano.a(lib_a-memmove.o)
                0x00006bca                memmove
 .text.memset   0x00006bfe       0x10 c:/nxp/mcuxpressoide_10.1.1_606/ide/tools/bin/../lib/gcc/arm-none-eabi/6.3.1/../../../../arm-none-eabi/lib/thumb/v7-m\libc_nano.a(lib_a-memset.o)
                0x00006bfe                memset
 *fill*         0x00006c0e        0x2 ff
 .text._free_r  0x00006c10       0x98 c:/nxp/mcuxpressoide_10.1.1_606/ide/tools/bin/../lib/gcc/arm-none-eabi/6.3.1/../../../../arm-none-eabi/lib/thumb/v7-m\libc_nano.a(lib_a-nano-freer.o)
                0x00006c10                _free_r
 .text._malloc_r
                0x00006ca8       0xbc c:/nxp/mcuxpressoide_10.1.1_606/ide/tools/bin/../lib/gcc/arm-none-eabi/6.3.1/../../../../arm-none-eabi/lib/thumb/v7-m\libc_nano.a(lib_a-nano-mallocr.o)
                0x00006ca8                _malloc_r
 .text._sbrk_r  0x00006d64       0x20 c:/nxp/mcuxpressoide_10.1.1_606/ide/tools/bin/../lib/gcc/arm-none-eabi/6.3.1/../../../../arm-none-eabi/lib/thumb/v7-m\libc_nano.a(lib_a-sbrkr.o)
                0x00006d64                _sbrk_r
 .text._raise_r
                0x00006d84       0x50 c:/nxp/mcuxpressoide_10.1.1_606/ide/tools/bin/../lib/gcc/arm-none-eabi/6.3.1/../../../../arm-none-eabi/lib/thumb/v7-m\libc_nano.a(lib_a-signal.o)
                0x00006d84                _raise_r
 .text.raise    0x00006dd4       0x10 c:/nxp/mcuxpressoide_10.1.1_606/ide/tools/bin/../lib/gcc/arm-none-eabi/6.3.1/../../../../arm-none-eabi/lib/thumb/v7-m\libc_nano.a(lib_a-signal.o)
                0x00006dd4                raise
 .text._kill_r  0x00006de4       0x24 c:/nxp/mcuxpressoide_10.1.1_606/ide/tools/bin/../lib/gcc/arm-none-eabi/6.3.1/../../../../arm-none-eabi/lib/thumb/v7-m\libc_nano.a(lib_a-signalr.o)
                0x00006de4                _kill_r
 .text._getpid_r
                0x00006e08        0x4 c:/nxp/mcuxpressoide_10.1.1_606/ide/tools/bin/../lib/gcc/arm-none-eabi/6.3.1/../../../../arm-none-eabi/lib/thumb/v7-m\libc_nano.a(lib_a-signalr.o)
                0x00006e08                _getpid_r
 .text.sprintf  0x00006e0c       0x48 c:/nxp/mcuxpressoide_10.1.1_606/ide/tools/bin/../lib/gcc/arm-none-eabi/6.3.1/../../../../arm-none-eabi/lib/thumb/v7-m\libc_nano.a(lib_a-sprintf.o)
                0x00006e0c                siprintf
                0x00006e0c                sprintf
 .text          0x00006e54       0x14 c:/nxp/mcuxpressoide_10.1.1_606/ide/tools/bin/../lib/gcc/arm-none-eabi/6.3.1/../../../../arm-none-eabi/lib/thumb/v7-m\libc_nano.a(lib_a-strcmp.o)
                0x00006e54                strcmp
 .text.strcpy   0x00006e68       0x10 c:/nxp/mcuxpressoide_10.1.1_606/ide/tools/bin/../lib/gcc/arm-none-eabi/6.3.1/../../../../arm-none-eabi/lib/thumb/v7-m\libc_nano.a(lib_a-strcpy.o)
                0x00006e68                strcpy
 .text          0x00006e78       0x10 c:/nxp/mcuxpressoide_10.1.1_606/ide/tools/bin/../lib/gcc/arm-none-eabi/6.3.1/../../../../arm-none-eabi/lib/thumb/v7-m\libc_nano.a(lib_a-strlen.o)
                0x00006e78                strlen
 .text._strtoul_l.isra.0
                0x00006e88       0xfa c:/nxp/mcuxpressoide_10.1.1_606/ide/tools/bin/../lib/gcc/arm-none-eabi/6.3.1/../../../../arm-none-eabi/lib/thumb/v7-m\libc_nano.a(lib_a-strtoul.o)
 *fill*         0x00006f82        0x2 ff
 .text.strtoul  0x00006f84       0x2c c:/nxp/mcuxpressoide_10.1.1_606/ide/tools/bin/../lib/gcc/arm-none-eabi/6.3.1/../../../../arm-none-eabi/lib/thumb/v7-m\libc_nano.a(lib_a-strtoul.o)
                0x00006f84                strtoul
 .text.toupper  0x00006fb0       0x1a c:/nxp/mcuxpressoide_10.1.1_606/ide/tools/bin/../lib/gcc/arm-none-eabi/6.3.1/../../../../arm-none-eabi/lib/thumb/v7-m\libc_nano.a(lib_a-toupper.o)
                0x00006fb0                toupper
 .text.__ascii_wctomb
                0x00006fca       0x1a c:/nxp/mcuxpressoide_10.1.1_606/ide/tools/bin/../lib/gcc/arm-none-eabi/6.3.1/../../../../arm-none-eabi/lib/thumb/v7-m\libc_nano.a(lib_a-wctomb_r.o)
                0x00006fca                __ascii_wctomb
 .text.__malloc_lock
                0x00006fe4        0x2 c:/nxp/mcuxpressoide_10.1.1_606/ide/tools/bin/../lib/gcc/arm-none-eabi/6.3.1/../../../../arm-none-eabi/lib/thumb/v7-m\libc_nano.a(lib_a-mlock.o)
                0x00006fe4                __malloc_lock
 .text.__malloc_unlock
                0x00006fe6        0x2 c:/nxp/mcuxpressoide_10.1.1_606/ide/tools/bin/../lib/gcc/arm-none-eabi/6.3.1/../../../../arm-none-eabi/lib/thumb/v7-m\libc_nano.a(lib_a-mlock.o)
                0x00006fe6                __malloc_unlock
 .text.__ssputs_r
                0x00006fe8       0xb6 c:/nxp/mcuxpressoide_10.1.1_606/ide/tools/bin/../lib/gcc/arm-none-eabi/6.3.1/../../../../arm-none-eabi/lib/thumb/v7-m\libc_nano.a(lib_a-nano-svfprintf.o)
                0x00006fe8                __ssputs_r
 *fill*         0x0000709e        0x2 ff
 .text._svfprintf_r
                0x000070a0      0x1e8 c:/nxp/mcuxpressoide_10.1.1_606/ide/tools/bin/../lib/gcc/arm-none-eabi/6.3.1/../../../../arm-none-eabi/lib/thumb/v7-m\libc_nano.a(lib_a-nano-svfprintf.o)
                0x000070a0                _svfiprintf_r
                0x000070a0                _svfprintf_r
 .text._printf_common
                0x00007288       0xee c:/nxp/mcuxpressoide_10.1.1_606/ide/tools/bin/../lib/gcc/arm-none-eabi/6.3.1/../../../../arm-none-eabi/lib/thumb/v7-m\libc_nano.a(lib_a-nano-vfprintf_i.o)
                0x00007288                _printf_common
 *fill*         0x00007376        0x2 ff
 .text._printf_i
                0x00007378      0x240 c:/nxp/mcuxpressoide_10.1.1_606/ide/tools/bin/../lib/gcc/arm-none-eabi/6.3.1/../../../../arm-none-eabi/lib/thumb/v7-m\libc_nano.a(lib_a-nano-vfprintf_i.o)
                0x00007378                _printf_i
 .text.memchr   0x000075b8       0x1c c:/nxp/mcuxpressoide_10.1.1_606/ide/tools/bin/../lib/gcc/arm-none-eabi/6.3.1/../../../../arm-none-eabi/lib/thumb/v7-m\libc_nano.a(lib_a-memchr-stub.o)
                0x000075b8                memchr
 .text._realloc_r
                0x000075d4       0x4c c:/nxp/mcuxpressoide_10.1.1_606/ide/tools/bin/../lib/gcc/arm-none-eabi/6.3.1/../../../../arm-none-eabi/lib/thumb/v7-m\libc_nano.a(lib_a-nano-reallocr.o)
                0x000075d4                _realloc_r
 .text._malloc_usable_size_r
                0x00007620       0x12 c:/nxp/mcuxpressoide_10.1.1_606/ide/tools/bin/../lib/gcc/arm-none-eabi/6.3.1/../../../../arm-none-eabi/lib/thumb/v7-m\libc_nano.a(lib_a-nano-msizer.o)
                0x00007620                _malloc_usable_size_r
 .text.__cxa_end_cleanup
                0x00007632        0xc c:/nxp/mcuxpressoide_10.1.1_606/ide/tools/bin/../lib/gcc/arm-none-eabi/6.3.1/../../../../arm-none-eabi/lib/thumb/v7-m\libstdc++_nano.a(eh_arm.o)
                0x00007632                __cxa_end_cleanup
 .text._ZN10__cxxabiv1L24__is_gxx_exception_classEPc
                0x0000763e       0x3a c:/nxp/mcuxpressoide_10.1.1_606/ide/tools/bin/../lib/gcc/arm-none-eabi/6.3.1/../../../../arm-none-eabi/lib/thumb/v7-m\libstdc++_nano.a(eh_arm.o)
 .text.__cxa_type_match
                0x00007678       0xbc c:/nxp/mcuxpressoide_10.1.1_606/ide/tools/bin/../lib/gcc/arm-none-eabi/6.3.1/../../../../arm-none-eabi/lib/thumb/v7-m\libstdc++_nano.a(eh_arm.o)
                0x00007678                __cxa_type_match
 .text.__cxa_begin_cleanup
                0x00007734       0x3a c:/nxp/mcuxpressoide_10.1.1_606/ide/tools/bin/../lib/gcc/arm-none-eabi/6.3.1/../../../../arm-none-eabi/lib/thumb/v7-m\libstdc++_nano.a(eh_arm.o)
                0x00007734                __cxa_begin_cleanup
 .text.__gnu_end_cleanup
                0x0000776e       0x32 c:/nxp/mcuxpressoide_10.1.1_606/ide/tools/bin/../lib/gcc/arm-none-eabi/6.3.1/../../../../arm-none-eabi/lib/thumb/v7-m\libstdc++_nano.a(eh_arm.o)
                0x0000776e                __gnu_end_cleanup
 .text.__cxa_get_globals
                0x000077a0        0x8 c:/nxp/mcuxpressoide_10.1.1_606/ide/tools/bin/../lib/gcc/arm-none-eabi/6.3.1/../../../../arm-none-eabi/lib/thumb/v7-m\libstdc++_nano.a(eh_globals.o)
                0x000077a0                __cxa_get_globals
 .text._ZN10__cxxabiv120__si_class_type_infoD2Ev
                0x000077a8       0x14 c:/nxp/mcuxpressoide_10.1.1_606/ide/tools/bin/../lib/gcc/arm-none-eabi/6.3.1/../../../../arm-none-eabi/lib/thumb/v7-m\libstdc++_nano.a(si_class_type_info.o)
                0x000077a8                __cxxabiv1::__si_class_type_info::~__si_class_type_info()
                0x000077a8                __cxxabiv1::__si_class_type_info::~__si_class_type_info()
 .text._ZN10__cxxabiv120__si_class_type_infoD0Ev
                0x000077bc       0x14 c:/nxp/mcuxpressoide_10.1.1_606/ide/tools/bin/../lib/gcc/arm-none-eabi/6.3.1/../../../../arm-none-eabi/lib/thumb/v7-m\libstdc++_nano.a(si_class_type_info.o)
                0x000077bc                __cxxabiv1::__si_class_type_info::~__si_class_type_info()
 .text._ZNK10__cxxabiv120__si_class_type_info20__do_find_public_srcEiPKvPKNS_17__class_type_infoES2_
                0x000077d0       0x38 c:/nxp/mcuxpressoide_10.1.1_606/ide/tools/bin/../lib/gcc/arm-none-eabi/6.3.1/../../../../arm-none-eabi/lib/thumb/v7-m\libstdc++_nano.a(si_class_type_info.o)
                0x000077d0                __cxxabiv1::__si_class_type_info::__do_find_public_src(int, void const*, __cxxabiv1::__class_type_info const*, void const*) const
 .text._ZNK10__cxxabiv120__si_class_type_info12__do_dyncastEiNS_17__class_type_info10__sub_kindEPKS1_PKvS4_S6_RNS1_16__dyncast_resultE
                0x00007808       0x7c c:/nxp/mcuxpressoide_10.1.1_606/ide/tools/bin/../lib/gcc/arm-none-eabi/6.3.1/../../../../arm-none-eabi/lib/thumb/v7-m\libstdc++_nano.a(si_class_type_info.o)
                0x00007808                __cxxabiv1::__si_class_type_info::__do_dyncast(int, __cxxabiv1::__class_type_info::__sub_kind, __cxxabiv1::__class_type_info const*, void const*, __cxxabiv1::__class_type_info const*, void const*, __cxxabiv1::__class_type_info::__dyncast_result&) const
 .text._ZNK10__cxxabiv120__si_class_type_info11__do_upcastEPKNS_17__class_type_infoEPKvRNS1_15__upcast_resultE
                0x00007884       0x2a c:/nxp/mcuxpressoide_10.1.1_606/ide/tools/bin/../lib/gcc/arm-none-eabi/6.3.1/../../../../arm-none-eabi/lib/thumb/v7-m\libstdc++_nano.a(si_class_type_info.o)
                0x00007884                __cxxabiv1::__si_class_type_info::__do_upcast(__cxxabiv1::__class_type_info const*, void const*, __cxxabiv1::__class_type_info::__upcast_result&) const
 .text._ZdlPvj  0x000078ae        0x4 c:/nxp/mcuxpressoide_10.1.1_606/ide/tools/bin/../lib/gcc/arm-none-eabi/6.3.1/../../../../arm-none-eabi/lib/thumb/v7-m\libstdc++_nano.a(del_ops.o)
                0x000078ae                operator delete(void*, unsigned int)
 .text.__cxa_guard_acquire
                0x000078b2       0x18 c:/nxp/mcuxpressoide_10.1.1_606/ide/tools/bin/../lib/gcc/arm-none-eabi/6.3.1/../../../../arm-none-eabi/lib/thumb/v7-m\libstdc++_nano.a(guard.o)
                0x000078b2                __cxa_guard_acquire
 .text.__cxa_guard_abort
                0x000078ca        0x6 c:/nxp/mcuxpressoide_10.1.1_606/ide/tools/bin/../lib/gcc/arm-none-eabi/6.3.1/../../../../arm-none-eabi/lib/thumb/v7-m\libstdc++_nano.a(guard.o)
                0x000078ca                __cxa_guard_abort